ARM Linker, 4.1 [Build 481] [Standard]

==============================================================================

Section Cross References

    int_is.o(i.BSP_IntDis) refers to cpu_c.o(i.CPU_IntSrcDis) for CPU_IntSrcDis
    int_is.o(i.BSP_IntDisAll) refers to cpu_a.o(.text) for CPU_IntDis
    int_is.o(i.BSP_IntEn) refers to cpu_c.o(i.CPU_IntSrcEn) for CPU_IntSrcEn
    int_is.o(i.BSP_IntHandler) refers to cpu_a.o(.text) for CPU_SR_Save
    int_is.o(i.BSP_IntHandler) refers to os_core.o(i.OSIntExit) for OSIntExit
    int_is.o(i.BSP_IntHandler) refers to os_core.o(.data) for OSIntNesting
    int_is.o(i.BSP_IntHandler) refers to int_is.o(.bss) for BSP_IntVectTbl
    int_is.o(i.BSP_IntHandlerADC1_2) refers to int_is.o(i.BSP_IntHandler) for BSP_IntHandler
    int_is.o(i.BSP_IntHandlerCAN_RX1) refers to int_is.o(i.BSP_IntHandler) for BSP_IntHandler
    int_is.o(i.BSP_IntHandlerCAN_SCE) refers to int_is.o(i.BSP_IntHandler) for BSP_IntHandler
    int_is.o(i.BSP_IntHandlerDMA1_CH1) refers to int_is.o(i.BSP_IntHandler) for BSP_IntHandler
    int_is.o(i.BSP_IntHandlerDMA1_CH2) refers to int_is.o(i.BSP_IntHandler) for BSP_IntHandler
    int_is.o(i.BSP_IntHandlerDMA1_CH3) refers to int_is.o(i.BSP_IntHandler) for BSP_IntHandler
    int_is.o(i.BSP_IntHandlerDMA1_CH4) refers to int_is.o(i.BSP_IntHandler) for BSP_IntHandler
    int_is.o(i.BSP_IntHandlerDMA1_CH5) refers to int_is.o(i.BSP_IntHandler) for BSP_IntHandler
    int_is.o(i.BSP_IntHandlerDMA1_CH6) refers to int_is.o(i.BSP_IntHandler) for BSP_IntHandler
    int_is.o(i.BSP_IntHandlerDMA1_CH7) refers to int_is.o(i.BSP_IntHandler) for BSP_IntHandler
    int_is.o(i.BSP_IntHandlerEXTI0) refers to int_is.o(i.BSP_IntHandler) for BSP_IntHandler
    int_is.o(i.BSP_IntHandlerEXTI1) refers to int_is.o(i.BSP_IntHandler) for BSP_IntHandler
    int_is.o(i.BSP_IntHandlerEXTI15_10) refers to int_is.o(i.BSP_IntHandler) for BSP_IntHandler
    int_is.o(i.BSP_IntHandlerEXTI2) refers to int_is.o(i.BSP_IntHandler) for BSP_IntHandler
    int_is.o(i.BSP_IntHandlerEXTI3) refers to int_is.o(i.BSP_IntHandler) for BSP_IntHandler
    int_is.o(i.BSP_IntHandlerEXTI4) refers to int_is.o(i.BSP_IntHandler) for BSP_IntHandler
    int_is.o(i.BSP_IntHandlerEXTI9_5) refers to int_is.o(i.BSP_IntHandler) for BSP_IntHandler
    int_is.o(i.BSP_IntHandlerFLASH) refers to int_is.o(i.BSP_IntHandler) for BSP_IntHandler
    int_is.o(i.BSP_IntHandlerI2C1_ER) refers to int_is.o(i.BSP_IntHandler) for BSP_IntHandler
    int_is.o(i.BSP_IntHandlerI2C1_EV) refers to int_is.o(i.BSP_IntHandler) for BSP_IntHandler
    int_is.o(i.BSP_IntHandlerI2C2_ER) refers to int_is.o(i.BSP_IntHandler) for BSP_IntHandler
    int_is.o(i.BSP_IntHandlerI2C2_EV) refers to int_is.o(i.BSP_IntHandler) for BSP_IntHandler
    int_is.o(i.BSP_IntHandlerPVD) refers to int_is.o(i.BSP_IntHandler) for BSP_IntHandler
    int_is.o(i.BSP_IntHandlerRCC) refers to int_is.o(i.BSP_IntHandler) for BSP_IntHandler
    int_is.o(i.BSP_IntHandlerRTC) refers to int_is.o(i.BSP_IntHandler) for BSP_IntHandler
    int_is.o(i.BSP_IntHandlerRTCAlarm) refers to int_is.o(i.BSP_IntHandler) for BSP_IntHandler
    int_is.o(i.BSP_IntHandlerSPI1) refers to int_is.o(i.BSP_IntHandler) for BSP_IntHandler
    int_is.o(i.BSP_IntHandlerSPI2) refers to int_is.o(i.BSP_IntHandler) for BSP_IntHandler
    int_is.o(i.BSP_IntHandlerTAMPER) refers to int_is.o(i.BSP_IntHandler) for BSP_IntHandler
    int_is.o(i.BSP_IntHandlerTIM1_BRK) refers to int_is.o(i.BSP_IntHandler) for BSP_IntHandler
    int_is.o(i.BSP_IntHandlerTIM1_CC) refers to int_is.o(i.BSP_IntHandler) for BSP_IntHandler
    int_is.o(i.BSP_IntHandlerTIM1_TRG_COM) refers to int_is.o(i.BSP_IntHandler) for BSP_IntHandler
    int_is.o(i.BSP_IntHandlerTIM1_UP) refers to int_is.o(i.BSP_IntHandler) for BSP_IntHandler
    int_is.o(i.BSP_IntHandlerTIM2) refers to int_is.o(i.BSP_IntHandler) for BSP_IntHandler
    int_is.o(i.BSP_IntHandlerTIM3) refers to int_is.o(i.BSP_IntHandler) for BSP_IntHandler
    int_is.o(i.BSP_IntHandlerTIM4) refers to int_is.o(i.BSP_IntHandler) for BSP_IntHandler
    int_is.o(i.BSP_IntHandlerUSART1) refers to int_is.o(i.BSP_IntHandler) for BSP_IntHandler
    int_is.o(i.BSP_IntHandlerUSART2) refers to int_is.o(i.BSP_IntHandler) for BSP_IntHandler
    int_is.o(i.BSP_IntHandlerUSART3) refers to int_is.o(i.BSP_IntHandler) for BSP_IntHandler
    int_is.o(i.BSP_IntHandlerUSBWakeUp) refers to int_is.o(i.BSP_IntHandler) for BSP_IntHandler
    int_is.o(i.BSP_IntHandlerUSB_HP_CAN_TX) refers to int_is.o(i.BSP_IntHandler) for BSP_IntHandler
    int_is.o(i.BSP_IntHandlerUSB_LP_CAN_RX0) refers to int_is.o(i.BSP_IntHandler) for BSP_IntHandler
    int_is.o(i.BSP_IntHandlerWWDG) refers to int_is.o(i.BSP_IntHandler) for BSP_IntHandler
    int_is.o(i.BSP_IntInit) refers to int_is.o(i.BSP_IntVectSet) for BSP_IntVectSet
    int_is.o(i.BSP_IntInit) refers to int_is.o(i.BSP_IntHandlerDummy) for BSP_IntHandlerDummy
[...]
    i.Standard_SetInterface                  0x08003cb0   Section        0  usb_core.o(i.Standard_SetInterface)
    i.Task_LocalStatus                       0x08003d1c   Section        0  tasks_usbcli.o(i.Task_LocalStatus)
    Task_LocalStatus                         0x08003d1d   Thumb Code   458  tasks_usbcli.o(i.Task_LocalStatus)
    i.Task_MsgProc                           0x08003f88   Section        0  tasks_usbcli.o(i.Task_MsgProc)
    Task_MsgProc                             0x08003f89   Thumb Code   296  tasks_usbcli.o(i.Task_MsgProc)
    i.Task_UsbRecv                           0x080040e0   Section        0  tasks_usbcli.o(i.Task_UsbRecv)
    Task_UsbRecv                             0x080040e1   Thumb Code    98  tasks_usbcli.o(i.Task_UsbRecv)
    i.Timer_isStepping                       0x0800415c   Section        0  common.o(i.Timer_isStepping)
    i.Timer_start                            0x0800418c   Section        0  common.o(i.Timer_start)
    i.Timer_stop                             0x080041d4   Section        0  common.o(i.Timer_stop)
    i.USART_ClockInit                        0x08004218   Section        0  stm32f10x_usart.o(i.USART_ClockInit)
    i.USART_Cmd                              0x0800423a   Section        0  stm32f10x_usart.o(i.USART_Cmd)
    i.USART_Init                             0x08004254   Section        0  stm32f10x_usart.o(i.USART_Init)
    i.USART_open                             0x080042f0   Section        0  bsp_isv2.o(i.USART_open)
    i.USB_Cable_Config                       0x0800434a   Section        0  bsp_isv2.o(i.USB_Cable_Config)
    i.USB_Init                               0x08004360   Section        0  usb_init.o(i.USB_Init)
    i.USB_Istr                               0x0800439c   Section        0  usb_istr.o(i.USB_Istr)
    i.UserToPMABufferCopy                    0x08004414   Section        0  usb_mem.o(i.UserToPMABufferCopy)
    i.Virtual_Com_Port_Data_Setup            0x0800444c   Section        0  usb_prop.o(i.Virtual_Com_Port_Data_Setup)
    i.Virtual_Com_Port_GetConfigDescriptor   0x080044b0   Section        0  usb_prop.o(i.Virtual_Com_Port_GetConfigDescriptor)
    i.Virtual_Com_Port_GetDeviceDescriptor   0x080044c4   Section        0  usb_prop.o(i.Virtual_Com_Port_GetDeviceDescriptor)
    i.Virtual_Com_Port_GetLineCoding         0x080044d8   Section        0  usb_prop.o(i.Virtual_Com_Port_GetLineCoding)
    i.Virtual_Com_Port_GetStringDescriptor   0x080044f4   Section        0  usb_prop.o(i.Virtual_Com_Port_GetStringDescriptor)
    i.Virtual_Com_Port_Get_Interface_Setting 0x08004514   Section        0  usb_prop.o(i.Virtual_Com_Port_Get_Interface_Setting)
    i.Virtual_Com_Port_NoData_Setup          0x0800452c   Section        0  usb_prop.o(i.Virtual_Com_Port_NoData_Setup)
    i.Virtual_Com_Port_Reset                 0x08004554   Section        0  usb_prop.o(i.Virtual_Com_Port_Reset)
    i.Virtual_Com_Port_SetLineCoding         0x08004624   Section        0  usb_prop.o(i.Virtual_Com_Port_SetLineCoding)
    i.Virtual_Com_Port_Status_In             0x08004640   Section        0  usb_prop.o(i.Virtual_Com_Port_Status_In)
    i.Virtual_Com_Port_Status_Out            0x08004654   Section        0  usb_prop.o(i.Virtual_Com_Port_Status_Out)
    i.Virtual_Com_Port_init                  0x08004658   Section        0  usb_prop.o(i.Virtual_Com_Port_init)
    i.__0sprintf$8                           0x080046c0   Section        0  printf8.o(i.__0sprintf$8)
    i.__scatterload_copy                     0x080046e8   Section       14  handlers.o(i.__scatterload_copy)
    i.__scatterload_null                     0x080046f6   Section        2  handlers.o(i.__scatterload_null)
    i.__scatterload_zeroinit                 0x080046f8   Section       14  handlers.o(i.__scatterload_zeroinit)
    i._printf_core                           0x08004708   Section        0  printf8.o(i._printf_core)
    _printf_core                             0x08004709   Thumb Code  1064  printf8.o(i._printf_core)
    i._printf_post_padding                   0x08004b30   Section        0  printf8.o(i._printf_post_padding)
    _printf_post_padding                     0x08004b31   Thumb Code    38  printf8.o(i._printf_post_padding)
    i._printf_pre_padding                    0x08004b56   Section        0  printf8.o(i._printf_pre_padding)
    _printf_pre_padding                      0x08004b57   Thumb Code    46  printf8.o(i._printf_pre_padding)
    i._sputc                                 0x08004b84   Section        0  printf8.o(i._sputc)
    _sputc                                   0x08004b85   Thumb Code    10  printf8.o(i._sputc)
    i.delayXmsec                             0x08004b8e   Section        0  common.o(i.delayXmsec)
    i.delayXusec                             0x08004bb0   Section        0  common.o(i.delayXusec)
    i.hex2int                                0x08004bca   Section        0  common.o(i.hex2int)
    i.hexchval                               0x08004c08   Section        0  common.o(i.hexchval)
    i.irRecvBit                              0x08004c40   Section        0  bsp_isv2.o(i.irRecvBit)
    i.main                                   0x08004c5c   Section        0  tasks_usbcli.o(i.main)
    i.motionState                            0x08004ca0   Section        0  bsp_isv2.o(i.motionState)
    i.nRF24L01_RW_Reg                        0x08004cbc   Section        0  nrf24l01.o(i.nRF24L01_RW_Reg)
    i.nRF24L01_TxPacket                      0x08004cd0   Section        0  nrf24l01.o(i.nRF24L01_TxPacket)
    i.nRF24L01_config                        0x08004db8   Section        0  nrf24l01.o(i.nRF24L01_config)
    i.nRF24L01_init                          0x08004dda   Section        0  nrf24l01.o(i.nRF24L01_init)
    i.nRF24L01_readBuff                      0x08004f8e   Section        0  nrf24l01.o(i.nRF24L01_readBuff)
    i.nRF24L01_readReg                       0x08004fd0   Section        0  nrf24l01.o(i.nRF24L01_readReg)
    i.nRF24L01_setModeRX                     0x08004fec   Section        0  nrf24l01.o(i.nRF24L01_setModeRX)
    i.nRF24L01_setModeTX                     0x08005024   Section        0  nrf24l01.o(i.nRF24L01_setModeTX)
    i.nRF24L01_writeBuff                     0x080050ac   Section        0  nrf24l01.o(i.nRF24L01_writeBuff)
    i.nRF24L01_writeReg                      0x080050ec   Section        0  nrf24l01.o(i.nRF24L01_writeReg)
    i.processIRQ_nRF24L01                    0x08005100   Section        0  nrf24l01.o(i.processIRQ_nRF24L01)
    i.sendMsgToUsb                           0x080051e0   Section        0  tasks_usbcli.o(i.sendMsgToUsb)
    i.sendTxtMsgToNRF                        0x0800520c   Section        0  tasks_usbcli.o(i.sendTxtMsgToNRF)
    .constdata                               0x08005350   Section      199  usb_desc.o(.constdata)
    .constdata                               0x08005418   Section       56  bsp_isv2.o(.constdata)
    OnBoardLEDs                              0x08005418   Data          32  bsp_isv2.o(.constdata)
    OnBoardDvrs                              0x08005438   Data          16  bsp_isv2.o(.constdata)
    MotionBit                                0x08005448   Data           8  bsp_isv2.o(.constdata)
    .constdata                               0x08005450   Section      256  os_core.o(.constdata)
    .data                                    0x20000000   Section       12  int_is.o(.data)
    .data                                    0x2000000c   Section        8  usb_endp.o(.data)
    .data                                    0x20000014   Section       62  usb_istr.o(.data)
    .data                                    0x20000054   Section      148  usb_prop.o(.data)
    .data                                    0x200000e8   Section        4  usb_pwr.o(.data)
    .data                                    0x200000ec   Section        4  common.o(.data)
    .data                                    0x200000f0   Section        1  nrf24l01.o(.data)
    bTxBusy                                  0x200000f0   Data           1  nrf24l01.o(.data)
    .data                                    0x200000f4   Section       70  tasks_usbcli.o(.data)
    nodeId                                   0x200000f4   Data           4  tasks_usbcli.o(.data)
    buf_i                                    0x20000134   Data           1  tasks_usbcli.o(.data)
    .data                                    0x2000013a   Section        2  usb_core.o(.data)
    .data                                    0x2000013c   Section       20  usb_init.o(.data)
    .data                                    0x20000150   Section        4  usb_int.o(.data)
    .data                                    0x20000154   Section       20  stm32f10x_rcc.o(.data)
    APBAHBPrescTable                         0x20000154   Data          16  stm32f10x_rcc.o(.data)
    ADCPrescTable                            0x20000164   Data           4  stm32f10x_rcc.o(.data)
    .data                                    0x20000168   Section       64  os_core.o(.data)
    .bss                                     0x200001a8   Section      332  int_is.o(.bss)
    BSP_IntVectTbl                           0x200001a8   Data         168  int_is.o(.bss)
    .bss                                     0x200002f4   Section       64  usb_endp.o(.bss)
    .bss                                     0x20000338   Section       16  bsp_isv2.o(.bss)
    .bss                                     0x20000348   Section      202  common.o(.bss)
    .bss                                     0x20000414   Section     1625  tasks_usbcli.o(.bss)
    buf                                      0x20000414   Data          18  tasks_usbcli.o(.bss)
    TaskStack_UsbRecv                        0x20000428   Data         160  tasks_usbcli.o(.bss)
    TaskStack_LocalStatus                    0x200004c8   Data         400  tasks_usbcli.o(.bss)
    TaskStack_MsgProc                        0x20000658   Data         400  tasks_usbcli.o(.bss)
    .bss                                     0x20000a70   Section       28  usb_init.o(.bss)
    .bss                                     0x20000a8c   Section     2716  os_core.o(.bss)

    Global Symbols

    Symbol Name                              Value     Ov Type        Size  Object(Section)

    BuildAttributes$$THM_ISAv4$P$D$K$B$S$PE$A:L22UL41UL21$X:L11$S22US41US21$IEEE1$IW$USESV6$~STKCKD$USESV7$~SHL$OSPACE$ROPI$EBA8$MICROLIB$REQ8$PRES8$EABIv2 0x00000000   Number         0  anon$$obj.o ABSOLUTE
    __ARM_use_no_argv                        0x00000000   Number         0  tasks_usbcli.o ABSOLUTE
    _printf_a                                0x00000000   Number         0  stubs.o ABSOLUTE
    _printf_c                                0x00000000   Number         0  stubs.o ABSOLUTE
    _printf_charcount                        0x00000000   Number         0  stubs.o ABSOLUTE
    _printf_d                                0x00000000   Number         0  stubs.o ABSOLUTE
    _printf_e                                0x00000000   Number         0  stubs.o ABSOLUTE
    _printf_f                                0x00000000   Number         0  stubs.o ABSOLUTE
    _printf_flags                            0x00000000   Number         0  stubs.o ABSOLUTE
    _printf_fp_dec                           0x00000000   Number         0  stubs.o ABSOLUTE
    _printf_fp_hex                           0x00000000   Number         0  stubs.o ABSOLUTE
    _printf_g                                0x00000000   Number         0  stubs.o ABSOLUTE
    _printf_i                                0x00000000   Number         0  stubs.o ABSOLUTE
    _printf_int_dec                          0x00000000   Number         0  stubs.o ABSOLUTE
    _printf_l                                0x00000000   Number         0  stubs.o ABSOLUTE
    _printf_lc                               0x00000000   Number         0  stubs.o ABSOLUTE
    _printf_ll                               0x00000000   Number         0  stubs.o ABSOLUTE
    _printf_lld                              0x00000000   Number         0  stubs.o ABSOLUTE
    _printf_lli                              0x00000000   Number         0  stubs.o ABSOLUTE
    _printf_llo                              0x00000000   Number         0  stubs.o ABSOLUTE
    _printf_llu                              0x00000000   Number         0  stubs.o ABSOLUTE
    _printf_llx                              0x00000000   Number         0  stubs.o ABSOLUTE
    _printf_longlong_dec                     0x00000000   Number         0  stubs.o ABSOLUTE
    _printf_longlong_hex                     0x00000000   Number         0  stubs.o ABSOLUTE
    _printf_longlong_oct                     0x00000000   Number         0  stubs.o ABSOLUTE
    _printf_ls                               0x00000000   Number         0  stubs.o ABSOLUTE
    _printf_mbtowc                           0x00000000   Number         0  stubs.o ABSOLUTE
    _printf_n                                0x00000000   Number         0  stubs.o ABSOLUTE
    _printf_o                                0x00000000   Number         0  stubs.o ABSOLUTE
    _printf_p                                0x00000000   Number         0  stubs.o ABSOLUTE
    _printf_percent                          0x00000000   Number         0  stubs.o ABSOLUTE
    _printf_pre_padding                      0x00000000   Number         0  stubs.o ABSOLUTE
    _printf_return_value                     0x00000000   Number         0  stubs.o ABSOLUTE
    _printf_s                                0x00000000   Number         0  stubs.o ABSOLUTE
    _printf_sizespec                         0x00000000   Number         0  stubs.o ABSOLUTE
    _printf_str                              0x00000000   Number         0  stubs.o ABSOLUTE
    _printf_truncate_signed                  0x00000000   Number         0  stubs.o ABSOLUTE
    _printf_truncate_unsigned                0x00000000   Number         0  stubs.o ABSOLUTE
    _printf_u                                0x00000000   Number         0  stubs.o ABSOLUTE
    _printf_wc                               0x00000000   Number         0  stubs.o ABSOLUTE
    _printf_wctomb                           0x00000000   Number         0  stubs.o ABSOLUTE
    _printf_widthprec                        0x00000000   Number         0  stubs.o ABSOLUTE
    _printf_x                                0x00000000   Number         0  stubs.o ABSOLUTE
    __main                                   0x080000f9   Thumb Code     0  entry.o(.ARM.Collect$$$$00000000)
    _main_stk                                0x080000f9   Thumb Code     0  entry4.o(.ARM.Collect$$$$00000003)
    _main_scatterload                        0x080000fd   Thumb Code     0  entry5.o(.ARM.Collect$$$$00000004)
    __main_after_scatterload                 0x08000101   Thumb Code     0  entry5.o(.ARM.Collect$$$$00000004)
    _main_init                               0x08000101   Thumb Code     0  entry7.o(.ARM.Collect$$$$00000007)
    CPU_IntDis                               0x0800010d   Thumb Code     0  cpu_a.o(.text)
    CPU_IntEn                                0x08000111   Thumb Code     0  cpu_a.o(.text)
    CPU_SR_Save                              0x08000115   Thumb Code     0  cpu_a.o(.text)
    CPU_SR_Restore                           0x0800011d   Thumb Code     0  cpu_a.o(.text)
    CPU_CntLeadZeros                         0x08000123   Thumb Code     0  cpu_a.o(.text)
    CPU_RevBits                              0x08000129   Thumb Code     0  cpu_a.o(.text)
    CPU_WaitForInt                           0x0800012f   Thumb Code     0  cpu_a.o(.text)
    CPU_WaitForExcept                        0x08000133   Thumb Code     0  cpu_a.o(.text)
    OS_CPU_SR_Save                           0x08000139   Thumb Code     0  os_cpu_a.o(.text)
    OS_CPU_SR_Restore                        0x08000141   Thumb Code     0  os_cpu_a.o(.text)
    OSStartHighRdy                           0x08000147   Thumb Code     0  os_cpu_a.o(.text)
    OSCtxSw                                  0x08000167   Thumb Code     0  os_cpu_a.o(.text)
    OSIntCtxSw                               0x08000171   Thumb Code     0  os_cpu_a.o(.text)
    OS_CPU_PendSVHandler                     0x0800017b   Thumb Code     0  os_cpu_a.o(.text)
    __aeabi_memset                           0x080001dd   Thumb Code    14  memseta.o(.text)
    __aeabi_memset4                          0x080001dd   Thumb Code     0  memseta.o(.text)
    __aeabi_memset8                          0x080001dd   Thumb Code     0  memseta.o(.text)
    __aeabi_memclr                           0x080001eb   Thumb Code     4  memseta.o(.text)
    __aeabi_memclr4                          0x080001eb   Thumb Code     0  memseta.o(.text)
    __aeabi_memclr8                          0x080001eb   Thumb Code     0  memseta.o(.text)
    _memset$wrapper                          0x080001ef   Thumb Code    20  memseta.o(.text)
    strstr                                   0x08000203   Thumb Code    44  strstr.o(.text)
    strlen                                   0x0800022f   Thumb Code    16  strlen.o(.text)
    __aeabi_uldivmod                         0x0800023f   Thumb Code   102  uldiv.o(.text)
    __scatterload                            0x080002a5   Thumb Code    28  init.o(.text)
    __scatterload_rt2                        0x080002a5   Thumb Code     0  init.o(.text)
    __aeabi_llsl                             0x080002c9   Thumb Code    30  llshl.o(.text)
    _ll_shift_l                              0x080002c9   Thumb Code     0  llshl.o(.text)
    __aeabi_llsr                             0x080002e7   Thumb Code    32  llushr.o(.text)
    _ll_ushift_r                             0x080002e7   Thumb Code     0  llushr.o(.text)
    __decompress                             0x08000307   Thumb Code     0  __dczerorl2.o(.text)
    __decompress1                            0x08000307   Thumb Code    92  __dczerorl2.o(.text)
    ResetHndlr                               0x08000365   Thumb Code     0  init.o(INIT)
    ADC_Cmd                                  0x0800036d   Thumb Code    22  stm32f10x_adc.o(i.ADC_Cmd)
    ADC_DMACmd                               0x08000383   Thumb Code    22  stm32f10x_adc.o(i.ADC_DMACmd)
    ADC_GetCalibrationStatus                 0x08000399   Thumb Code    20  stm32f10x_adc.o(i.ADC_GetCalibrationStatus)
    ADC_GetResetCalibrationStatus            0x080003ad   Thumb Code    20  stm32f10x_adc.o(i.ADC_GetResetCalibrationStatus)
    ADC_Init                                 0x080003c1   Thumb Code    70  stm32f10x_adc.o(i.ADC_Init)
    ADC_RegularChannelConfig                 0x08000411   Thumb Code   184  stm32f10x_adc.o(i.ADC_RegularChannelConfig)
    ADC_ResetCalibration                     0x080004c9   Thumb Code    10  stm32f10x_adc.o(i.ADC_ResetCalibration)
    ADC_StartCalibration                     0x080004d3   Thumb Code    10  stm32f10x_adc.o(i.ADC_StartCalibration)
    ADC_TempSensorVrefintCmd                 0x080004dd   Thumb Code    34  stm32f10x_adc.o(i.ADC_TempSensorVrefintCmd)
    App_TCBInitHook                          0x08000509   Thumb Code     2  tasks_usbcli.o(i.App_TCBInitHook)
    App_TaskCreateHook                       0x0800050b   Thumb Code     2  tasks_usbcli.o(i.App_TaskCreateHook)
    App_TaskIdleHook                         0x0800050d   Thumb Code     2  tasks_usbcli.o(i.App_TaskIdleHook)
    App_TaskStatHook                         0x0800050f   Thumb Code     2  tasks_usbcli.o(i.App_TaskStatHook)
    App_TaskSwHook                           0x08000511   Thumb Code     2  tasks_usbcli.o(i.App_TaskSwHook)
    BKP_DeInit                               0x08000513   Thumb Code    16  stm32f10x_bkp.o(i.BKP_DeInit)
    BKP_ReadBackupRegister                   0x08000525   Thumb Code    12  stm32f10x_bkp.o(i.BKP_ReadBackupRegister)
    BKP_WriteBackupRegister                  0x08000535   Thumb Code    10  stm32f10x_bkp.o(i.BKP_WriteBackupRegister)
    BSP_CPU_ClkFreq                          0x08000545   Thumb Code    16  bsp_isv2.o(i.BSP_CPU_ClkFreq)
    BSP_Init                                 0x08000555   Thumb Code    30  bsp_isv2.o(i.BSP_Init)
    BSP_IntDisAll                            0x08000579   Thumb Code     8  int_is.o(i.BSP_IntDisAll)
    BSP_IntHandlerADC1_2                     0x080005b9   Thumb Code    10  int_is.o(i.BSP_IntHandlerADC1_2)
    BSP_IntHandlerCAN_RX1                    0x080005c3   Thumb Code    10  int_is.o(i.BSP_IntHandlerCAN_RX1)
    BSP_IntHandlerCAN_SCE                    0x080005cd   Thumb Code    10  int_is.o(i.BSP_IntHandlerCAN_SCE)
    BSP_IntHandlerDMA1_CH1                   0x080005d7   Thumb Code    10  int_is.o(i.BSP_IntHandlerDMA1_CH1)
    BSP_IntHandlerDMA1_CH2                   0x080005e1   Thumb Code    10  int_is.o(i.BSP_IntHandlerDMA1_CH2)
    BSP_IntHandlerDMA1_CH3                   0x080005eb   Thumb Code    10  int_is.o(i.BSP_IntHandlerDMA1_CH3)
    BSP_IntHandlerDMA1_CH4                   0x080005f5   Thumb Code    10  int_is.o(i.BSP_IntHandlerDMA1_CH4)
    BSP_IntHandlerDMA1_CH5                   0x080005ff   Thumb Code    10  int_is.o(i.BSP_IntHandlerDMA1_CH5)
    BSP_IntHandlerDMA1_CH6                   0x08000609   Thumb Code    10  int_is.o(i.BSP_IntHandlerDMA1_CH6)
    BSP_IntHandlerDMA1_CH7                   0x08000613   Thumb Code    10  int_is.o(i.BSP_IntHandlerDMA1_CH7)
    BSP_IntHandlerEXTI0                      0x0800061f   Thumb Code    10  int_is.o(i.BSP_IntHandlerEXTI0)
    BSP_IntHandlerEXTI1                      0x08000629   Thumb Code    10  int_is.o(i.BSP_IntHandlerEXTI1)
    BSP_IntHandlerEXTI15_10                  0x08000633   Thumb Code    10  int_is.o(i.BSP_IntHandlerEXTI15_10)
    BSP_IntHandlerEXTI2                      0x0800063d   Thumb Code    10  int_is.o(i.BSP_IntHandlerEXTI2)
    BSP_IntHandlerEXTI3                      0x08000647   Thumb Code    10  int_is.o(i.BSP_IntHandlerEXTI3)
    BSP_IntHandlerEXTI4                      0x08000651   Thumb Code    10  int_is.o(i.BSP_IntHandlerEXTI4)
    BSP_IntHandlerEXTI9_5                    0x0800065b   Thumb Code    10  int_is.o(i.BSP_IntHandlerEXTI9_5)
    BSP_IntHandlerFLASH                      0x08000665   Thumb Code    10  int_is.o(i.BSP_IntHandlerFLASH)
    BSP_IntHandlerI2C1_ER                    0x0800066f   Thumb Code    10  int_is.o(i.BSP_IntHandlerI2C1_ER)
    BSP_IntHandlerI2C1_EV                    0x08000679   Thumb Code    10  int_is.o(i.BSP_IntHandlerI2C1_EV)
    BSP_IntHandlerI2C2_ER                    0x08000683   Thumb Code    10  int_is.o(i.BSP_IntHandlerI2C2_ER)
    BSP_IntHandlerI2C2_EV                    0x0800068d   Thumb Code    10  int_is.o(i.BSP_IntHandlerI2C2_EV)
    BSP_IntHandlerPVD                        0x08000697   Thumb Code    10  int_is.o(i.BSP_IntHandlerPVD)
    BSP_IntHandlerRCC                        0x080006a1   Thumb Code    10  int_is.o(i.BSP_IntHandlerRCC)
    BSP_IntHandlerRTC                        0x080006ab   Thumb Code    10  int_is.o(i.BSP_IntHandlerRTC)
    BSP_IntHandlerRTCAlarm                   0x080006b5   Thumb Code    10  int_is.o(i.BSP_IntHandlerRTCAlarm)
    BSP_IntHandlerSPI1                       0x080006bf   Thumb Code    10  int_is.o(i.BSP_IntHandlerSPI1)
    BSP_IntHandlerSPI2                       0x080006c9   Thumb Code    10  int_is.o(i.BSP_IntHandlerSPI2)
    BSP_IntHandlerTAMPER                     0x080006d3   Thumb Code    10  int_is.o(i.BSP_IntHandlerTAMPER)
    BSP_IntHandlerTIM1_BRK                   0x080006dd   Thumb Code    10  int_is.o(i.BSP_IntHandlerTIM1_BRK)
    BSP_IntHandlerTIM1_CC                    0x080006e7   Thumb Code    10  int_is.o(i.BSP_IntHandlerTIM1_CC)
    BSP_IntHandlerTIM1_TRG_COM               0x080006f1   Thumb Code    10  int_is.o(i.BSP_IntHandlerTIM1_TRG_COM)
    BSP_IntHandlerTIM1_UP                    0x080006fb   Thumb Code    10  int_is.o(i.BSP_IntHandlerTIM1_UP)
    BSP_IntHandlerTIM2                       0x08000705   Thumb Code    10  int_is.o(i.BSP_IntHandlerTIM2)
    BSP_IntHandlerTIM3                       0x0800070f   Thumb Code    10  int_is.o(i.BSP_IntHandlerTIM3)
    BSP_IntHandlerTIM4                       0x08000719   Thumb Code    10  int_is.o(i.BSP_IntHandlerTIM4)
    BSP_IntHandlerUSART1                     0x08000723   Thumb Code    10  int_is.o(i.BSP_IntHandlerUSART1)
    BSP_IntHandlerUSART2                     0x0800072d   Thumb Code    10  int_is.o(i.BSP_IntHandlerUSART2)
    BSP_IntHandlerUSART3                     0x08000737   Thumb Code    10  int_is.o(i.BSP_IntHandlerUSART3)
    BSP_IntHandlerUSBWakeUp                  0x08000741   Thumb Code    10  int_is.o(i.BSP_IntHandlerUSBWakeUp)
    BSP_IntHandlerUSB_HP_CAN_TX              0x0800074b   Thumb Code    10  int_is.o(i.BSP_IntHandlerUSB_HP_CAN_TX)
    BSP_IntHandlerUSB_LP_CAN_RX0             0x08000755   Thumb Code    10  int_is.o(i.BSP_IntHandlerUSB_LP_CAN_RX0)
    BSP_IntHandlerWWDG                       0x0800075f   Thumb Code    10  int_is.o(i.BSP_IntHandlerWWDG)
    BSP_IntInit                              0x08000769   Thumb Code    46  int_is.o(i.BSP_IntInit)
    BSP_IntVectSet                           0x080007a9   Thumb Code    30  int_is.o(i.BSP_IntVectSet)
    ByteSwap                                 0x080007cd   Thumb Code    12  usb_regs.o(i.ByteSwap)
    CTR_LP                                   0x080007d9   Thumb Code   528  usb_int.o(i.CTR_LP)
    ClearDTOG_RX                             0x08000a0d   Thumb Code    50  usb_regs.o(i.ClearDTOG_RX)
    ClearDTOG_TX                             0x08000a45   Thumb Code    50  usb_regs.o(i.ClearDTOG_TX)
    Clear_Status_Out                         0x08000a7d   Thumb Code    30  usb_regs.o(i.Clear_Status_Out)
    DMA_ClearITPendingBit                    0x08000aa1   Thumb Code    18  stm32f10x_dma.o(i.DMA_ClearITPendingBit)
    DMA_Cmd                                  0x08000abd   Thumb Code    22  stm32f10x_dma.o(i.DMA_Cmd)
    DMA_DeInit                               0x08000ad5   Thumb Code   316  stm32f10x_dma.o(i.DMA_DeInit)
    DMA_GetITStatus                          0x08000c25   Thumb Code    34  stm32f10x_dma.o(i.DMA_GetITStatus)
    DMA_ITConfig                             0x08000c51   Thumb Code    18  stm32f10x_dma.o(i.DMA_ITConfig)
    DMA_Init                                 0x08000c63   Thumb Code    60  stm32f10x_dma.o(i.DMA_Init)
    DS18B20_InitConfiguration                0x08000c9f   Thumb Code    14  ds18b20.o(i.DS18B20_InitConfiguration)
    DS18B20_convert                          0x08000cad   Thumb Code    34  ds18b20.o(i.DS18B20_convert)
    DS18B20_read                             0x08000ccf   Thumb Code   130  ds18b20.o(i.DS18B20_read)
    EP1_IN_Callback                          0x080010dd   Thumb Code     8  usb_endp.o(i.EP1_IN_Callback)
    EP3_OUT_Callback                         0x080010e9   Thumb Code    36  usb_endp.o(i.EP3_OUT_Callback)
    EXTI_ClearITPendingBit                   0x08001115   Thumb Code     6  stm32f10x_exti.o(i.EXTI_ClearITPendingBit)
    EXTI_DeInit                              0x08001121   Thumb Code    30  stm32f10x_exti.o(i.EXTI_DeInit)
    EXTI_GenerateSWInterrupt                 0x08001155   Thumb Code    16  stm32f10x_exti.o(i.EXTI_GenerateSWInterrupt)
    EXTI_GetITStatus                         0x0800116d   Thumb Code    34  stm32f10x_exti.o(i.EXTI_GetITStatus)
    EXTI_Init                                0x08001199   Thumb Code   190  stm32f10x_exti.o(i.EXTI_Init)
    EXTI_StructInit                          0x08001265   Thumb Code    16  stm32f10x_exti.o(i.EXTI_StructInit)
    FLASH_PrefetchBufferCmd                  0x08001275   Thumb Code    22  stm32f10x_flash.o(i.FLASH_PrefetchBufferCmd)
    FLASH_SetLatency                         0x08001291   Thumb Code    18  stm32f10x_flash.o(i.FLASH_SetLatency)
    GPIO_EXTILineConfig                      0x080012a9   Thumb Code    60  stm32f10x_gpio.o(i.GPIO_EXTILineConfig)
    GPIO_Init                                0x080012e9   Thumb Code   274  stm32f10x_gpio.o(i.GPIO_Init)
    GPIO_ReadInputDataBit                    0x080013fb   Thumb Code    18  stm32f10x_gpio.o(i.GPIO_ReadInputDataBit)
    GPIO_ResetBits                           0x0800140d   Thumb Code     4  stm32f10x_gpio.o(i.GPIO_ResetBits)
    GPIO_SetBits                             0x08001411   Thumb Code     4  stm32f10x_gpio.o(i.GPIO_SetBits)
    GPIO_WriteBit                            0x08001415   Thumb Code    10  stm32f10x_gpio.o(i.GPIO_WriteBit)
    GetEPRxAddr                              0x08001421   Thumb Code    26  usb_regs.o(i.GetEPRxAddr)
    GetEPRxCount                             0x08001445   Thumb Code    28  usb_regs.o(i.GetEPRxCount)
    GetEPTxAddr                              0x08001469   Thumb Code    22  usb_regs.o(i.GetEPTxAddr)
    ISBoard_GPIO_Config                      0x08001489   Thumb Code   772  bsp_isv2.o(i.ISBoard_GPIO_Config)
    ISBoard_NVIC_Config                      0x080017b1   Thumb Code   110  bsp_isv2.o(i.ISBoard_NVIC_Config)
    ISBoard_RCC_Config                       0x0800181f   Thumb Code   134  bsp_isv2.o(i.ISBoard_RCC_Config)
    ISBoard_RTC_Init                         0x080018a5   Thumb Code   164  bsp_isv2.o(i.ISBoard_RTC_Init)
    ISBoard_getTime                          0x08001949   Thumb Code    68  bsp_isv2.o(i.ISBoard_getTime)
    ISBoard_setDvr                           0x0800198d   Thumb Code    64  bsp_isv2.o(i.ISBoard_setDvr)
    ISBoard_setLed                           0x080019d1   Thumb Code    68  bsp_isv2.o(i.ISBoard_setLed)
    ISBoard_updateClock                      0x08001a19   Thumb Code    54  bsp_isv2.o(i.ISBoard_updateClock)
    ISR_ADC1DMA                              0x08001a4f   Thumb Code    18  int_is.o(i.ISR_ADC1DMA)
    ISR_USBRX0                               0x08001a61   Thumb Code     8  int_is.o(i.ISR_USBRX0)
    ISR_nRF_IR                               0x08001a69   Thumb Code    72  int_is.o(i.ISR_nRF_IR)
    In0_Process                              0x08001abd   Thumb Code    98  usb_core.o(i.In0_Process)
    InitProcedure                            0x08001b2d   Thumb Code   102  tasks_usbcli.o(i.InitProcedure)
    NOP_Process                              0x08001b99   Thumb Code     2  usb_core.o(i.NOP_Process)
    NVIC_Init                                0x08001b9d   Thumb Code   118  misc.o(i.NVIC_Init)
    NVIC_PriorityGroupConfig                 0x08001c21   Thumb Code    10  misc.o(i.NVIC_PriorityGroupConfig)
    NVIC_SetVectorTable                      0x08001c35   Thumb Code    12  misc.o(i.NVIC_SetVectorTable)
    OSInit                                   0x08001d8d   Thumb Code    40  os_core.o(i.OSInit)
    OSInitHookBegin                          0x08001db5   Thumb Code     2  os_cpu_c.o(i.OSInitHookBegin)
    OSInitHookEnd                            0x08001db7   Thumb Code     2  os_cpu_c.o(i.OSInitHookEnd)
    OSIntExit                                0x08001db9   Thumb Code   112  os_core.o(i.OSIntExit)
    OSStart                                  0x08001e49   Thumb Code    48  os_core.o(i.OSStart)
    OSStatInit                               0x08001e91   Thumb Code    62  os_core.o(i.OSStatInit)
    OSTCBInitHook                            0x08001edd   Thumb Code    12  os_cpu_c.o(i.OSTCBInitHook)
    OSTaskCreate                             0x08001ee9   Thumb Code   148  os_task.o(i.OSTaskCreate)
    OSTaskCreateExt                          0x08001f89   Thumb Code   172  os_task.o(i.OSTaskCreateExt)
    OSTaskCreateHook                         0x08002041   Thumb Code    12  os_cpu_c.o(i.OSTaskCreateHook)
    OSTaskIdleHook                           0x0800204d   Thumb Code     8  os_cpu_c.o(i.OSTaskIdleHook)
    OSTaskNameSet                            0x08002055   Thumb Code   132  os_task.o(i.OSTaskNameSet)
    OSTaskStatHook                           0x080020e5   Thumb Code     8  os_cpu_c.o(i.OSTaskStatHook)
    OSTaskStkChk                             0x080020ed   Thumb Code   132  os_task.o(i.OSTaskStkChk)
    OSTaskStkInit                            0x08002179   Thumb Code   154  os_cpu_c.o(i.OSTaskStkInit)
    OSTaskSuspend                            0x08002215   Thumb Code   152  os_task.o(i.OSTaskSuspend)
    OSTaskSwHook                             0x080022bd   Thumb Code     8  os_cpu_c.o(i.OSTaskSwHook)
    OSTimeDly                                0x080022c5   Thumb Code    96  os_time.o(i.OSTimeDly)
    OSTimeDlyHMSM                            0x08002335   Thumb Code   108  os_time.o(i.OSTimeDlyHMSM)
    OSTimeGet                                0x080023a5   Thumb Code    24  os_time.o(i.OSTimeGet)
    OSTimeSet                                0x080023c1   Thumb Code    24  os_time.o(i.OSTimeSet)
    OSTimeTick                               0x080023dd   Thumb Code   220  os_core.o(i.OSTimeTick)
    OSTimeTickHook                           0x080024d1   Thumb Code     2  os_cpu_c.o(i.OSTimeTickHook)
    OS_CPU_SysTickClkFreq                    0x080024d3   Thumb Code    12  bsp_isv2.o(i.OS_CPU_SysTickClkFreq)
    OS_CPU_SysTickHandler                    0x080024e1   Thumb Code    34  os_cpu_c.o(i.OS_CPU_SysTickHandler)
    OS_CPU_SysTickInit                       0x08002509   Thumb Code    44  os_cpu_c.o(i.OS_CPU_SysTickInit)
    OS_FlagInit                              0x08002535   Thumb Code    68  os_flag.o(i.OS_FlagInit)
    OS_MemClr                                0x08002775   Thumb Code    18  os_core.o(i.OS_MemClr)
    OS_Sched                                 0x08002789   Thumb Code    86  os_core.o(i.OS_Sched)
    OS_StrCopy                               0x08002829   Thumb Code    28  os_core.o(i.OS_StrCopy)
    OS_StrLen                                0x08002845   Thumb Code    20  os_core.o(i.OS_StrLen)
    OS_TCBInit                               0x08002859   Thumb Code   282  os_core.o(i.OS_TCBInit)
    OS_TaskIdle                              0x0800298d   Thumb Code    32  os_core.o(i.OS_TaskIdle)
    OS_TaskStat                              0x080029b1   Thumb Code   114  os_core.o(i.OS_TaskStat)
    OS_TaskStatStkChk                        0x08002a39   Thumb Code    54  os_core.o(i.OS_TaskStatStkChk)
    OS_TaskStkClr                            0x08002a75   Thumb Code    26  os_task.o(i.OS_TaskStkClr)
    OWPortal_dqH                             0x08002a91   Thumb Code    14  bsp_isv2.o(i.OWPortal_dqH)
    OWPortal_dqL                             0x08002aa5   Thumb Code    14  bsp_isv2.o(i.OWPortal_dqL)
    OWPortal_dqV                             0x08002ab9   Thumb Code    14  bsp_isv2.o(i.OWPortal_dqV)
    OWPortal_readBit                         0x08002acd   Thumb Code    68  1wire.o(i.OWPortal_readBit)
    OWPortal_reset                           0x08002b11   Thumb Code   100  1wire.o(i.OWPortal_reset)
    OWPortal_writeBit                        0x08002b75   Thumb Code    46  1wire.o(i.OWPortal_writeBit)
    OWReadByte                               0x08002ba3   Thumb Code    36  1wire.o(i.OWReadByte)
    OWWriteByte                              0x08002bc7   Thumb Code    32  1wire.o(i.OWWriteByte)
    OnMessageReceived                        0x08002be9   Thumb Code   236  tasks_usbcli.o(i.OnMessageReceived)
    OnWirelessMsg                            0x08002cd9   Thumb Code    22  tasks_usbcli.o(i.OnWirelessMsg)
    Out0_Process                             0x08002cf1   Thumb Code    70  usb_core.o(i.Out0_Process)
    PMAToUserBufferCopy                      0x08002d41   Thumb Code    32  usb_mem.o(i.PMAToUserBufferCopy)
    PWR_BackupAccessCmd                      0x08002d65   Thumb Code     6  stm32f10x_pwr.o(i.PWR_BackupAccessCmd)
    Post0_Process                            0x08002d71   Thumb Code    56  usb_core.o(i.Post0_Process)
    PowerOn                                  0x08002db9   Thumb Code    64  usb_pwr.o(i.PowerOn)
    Pulse_capture                            0x08002e09   Thumb Code   250  pulses.o(i.Pulse_capture)
    Pulse_parseSignals                       0x08002f09   Thumb Code   490  pulses.o(i.Pulse_parseSignals)
    RCC_AHBPeriphClockCmd                    0x080030f5   Thumb Code    26  stm32f10x_rcc.o(i.RCC_AHBPeriphClockCmd)
    RCC_APB1PeriphClockCmd                   0x08003115   Thumb Code    26  stm32f10x_rcc.o(i.RCC_APB1PeriphClockCmd)
    RCC_APB2PeriphClockCmd                   0x08003135   Thumb Code    26  stm32f10x_rcc.o(i.RCC_APB2PeriphClockCmd)
    RCC_BackupResetCmd                       0x08003155   Thumb Code     6  stm32f10x_rcc.o(i.RCC_BackupResetCmd)
    RCC_ClearFlag                            0x08003161   Thumb Code    14  stm32f10x_rcc.o(i.RCC_ClearFlag)
    RCC_DeInit                               0x08003175   Thumb Code    62  stm32f10x_rcc.o(i.RCC_DeInit)
    RCC_GetClocksFreq                        0x080031c1   Thumb Code   192  stm32f10x_rcc.o(i.RCC_GetClocksFreq)
    RCC_GetFlagStatus                        0x08003295   Thumb Code    56  stm32f10x_rcc.o(i.RCC_GetFlagStatus)
    RCC_GetSYSCLKSource                      0x080032d1   Thumb Code    10  stm32f10x_rcc.o(i.RCC_GetSYSCLKSource)
    RCC_HCLKConfig                           0x080032e1   Thumb Code    18  stm32f10x_rcc.o(i.RCC_HCLKConfig)
    RCC_HSEConfig                            0x080032f9   Thumb Code    70  stm32f10x_rcc.o(i.RCC_HSEConfig)
    RCC_LSEConfig                            0x08003345   Thumb Code    44  stm32f10x_rcc.o(i.RCC_LSEConfig)
    RCC_PCLK1Config                          0x08003379   Thumb Code    18  stm32f10x_rcc.o(i.RCC_PCLK1Config)
    RCC_PCLK2Config                          0x08003391   Thumb Code    20  stm32f10x_rcc.o(i.RCC_PCLK2Config)
    RCC_PLLCmd                               0x080033a9   Thumb Code     6  stm32f10x_rcc.o(i.RCC_PLLCmd)
    RCC_PLLConfig                            0x080033b5   Thumb Code    24  stm32f10x_rcc.o(i.RCC_PLLConfig)
    RCC_RTCCLKCmd                            0x080033d1   Thumb Code     6  stm32f10x_rcc.o(i.RCC_RTCCLKCmd)
    RCC_RTCCLKConfig                         0x080033dd   Thumb Code    12  stm32f10x_rcc.o(i.RCC_RTCCLKConfig)
    RCC_SYSCLKConfig                         0x080033ed   Thumb Code    18  stm32f10x_rcc.o(i.RCC_SYSCLKConfig)
    RCC_USBCLKConfig                         0x08003405   Thumb Code     6  stm32f10x_rcc.o(i.RCC_USBCLKConfig)
    RCC_WaitForHSEStartUp                    0x08003411   Thumb Code    46  stm32f10x_rcc.o(i.RCC_WaitForHSEStartUp)
    RTC_EnterConfigMode                      0x08003441   Thumb Code    16  stm32f10x_rtc.o(i.RTC_EnterConfigMode)
    RTC_ExitConfigMode                       0x08003459   Thumb Code    20  stm32f10x_rtc.o(i.RTC_ExitConfigMode)
    RTC_GetCounter                           0x08003475   Thumb Code    18  stm32f10x_rtc.o(i.RTC_GetCounter)
    RTC_ITConfig                             0x08003491   Thumb Code    40  stm32f10x_rtc.o(i.RTC_ITConfig)
    RTC_SetCounter                           0x080034c1   Thumb Code    26  stm32f10x_rtc.o(i.RTC_SetCounter)
    RTC_SetPrescaler                         0x080034e5   Thumb Code    28  stm32f10x_rtc.o(i.RTC_SetPrescaler)
    RTC_WaitForLastTask                      0x08003509   Thumb Code    14  stm32f10x_rtc.o(i.RTC_WaitForLastTask)
    RTC_WaitForSynchro                       0x0800351d   Thumb Code    32  stm32f10x_rtc.o(i.RTC_WaitForSynchro)
    SPI_Cmd                                  0x08003545   Thumb Code    24  stm32f10x_spi.o(i.SPI_Cmd)
    SPI_I2S_GetFlagStatus                    0x0800355d   Thumb Code    18  stm32f10x_spi.o(i.SPI_I2S_GetFlagStatus)
    SPI_I2S_ReceiveData                      0x0800356f   Thumb Code     6  stm32f10x_spi.o(i.SPI_I2S_ReceiveData)
    SPI_I2S_SendData                         0x08003575   Thumb Code     4  stm32f10x_spi.o(i.SPI_I2S_SendData)
    SPI_Init                                 0x08003579   Thumb Code    60  stm32f10x_spi.o(i.SPI_Init)
    SetBTABLE                                0x080035e9   Thumb Code    12  usb_regs.o(i.SetBTABLE)
    SetDeviceAddress                         0x080035f9   Thumb Code    64  usb_core.o(i.SetDeviceAddress)
    SetEPRxAddr                              0x08003645   Thumb Code    28  usb_regs.o(i.SetEPRxAddr)
    SetEPRxCount                             0x08003669   Thumb Code    70  usb_regs.o(i.SetEPRxCount)
    SetEPRxStatus                            0x080036b9   Thumb Code    54  usb_regs.o(i.SetEPRxStatus)
    SetEPRxValid                             0x080036f5   Thumb Code    40  usb_regs.o(i.SetEPRxValid)
    SetEPTxAddr                              0x08003721   Thumb Code    24  usb_regs.o(i.SetEPTxAddr)
    SetEPTxCount                             0x08003741   Thumb Code    22  usb_regs.o(i.SetEPTxCount)
    SetEPTxStatus                            0x08003761   Thumb Code    54  usb_regs.o(i.SetEPTxStatus)
    SetEPTxValid                             0x0800379d   Thumb Code    40  usb_regs.o(i.SetEPTxValid)
    SetEPType                                0x080037c9   Thumb Code    32  usb_regs.o(i.SetEPType)
    Set_USBClock                             0x080037ed   Thumb Code    18  bsp_isv2.o(i.Set_USBClock)
    Setup0_Process                           0x08003801   Thumb Code   164  usb_core.o(i.Setup0_Process)
    Standard_ClearFeature                    0x080038b1   Thumb Code   330  usb_core.o(i.Standard_ClearFeature)
    Standard_GetConfiguration                0x08003a11   Thumb Code    34  usb_core.o(i.Standard_GetConfiguration)
    Standard_GetDescriptorData               0x08003a3d   Thumb Code    32  usb_core.o(i.Standard_GetDescriptorData)
    Standard_GetInterface                    0x08003a61   Thumb Code    34  usb_core.o(i.Standard_GetInterface)
    Standard_GetStatus                       0x08003a8d   Thumb Code   224  usb_core.o(i.Standard_GetStatus)
    Standard_SetConfiguration                0x08003b7d   Thumb Code    60  usb_core.o(i.Standard_SetConfiguration)
    Standard_SetDeviceFeature                0x08003bc5   Thumb Code    30  usb_core.o(i.Standard_SetDeviceFeature)
    Standard_SetEndPointFeature              0x08003bed   Thumb Code   180  usb_core.o(i.Standard_SetEndPointFeature)
    Standard_SetInterface                    0x08003cb1   Thumb Code    96  usb_core.o(i.Standard_SetInterface)
    Timer_isStepping                         0x0800415d   Thumb Code    40  common.o(i.Timer_isStepping)
    Timer_start                              0x0800418d   Thumb Code    60  common.o(i.Timer_start)
    Timer_stop                               0x080041d5   Thumb Code    54  common.o(i.Timer_stop)
    USART_ClockInit                          0x08004219   Thumb Code    34  stm32f10x_usart.o(i.USART_ClockInit)
    USART_Cmd                                0x0800423b   Thumb Code    24  stm32f10x_usart.o(i.USART_Cmd)
    USART_Init                               0x08004255   Thumb Code   150  stm32f10x_usart.o(i.USART_Init)
    USART_open                               0x080042f1   Thumb Code    90  bsp_isv2.o(i.USART_open)
    USB_Cable_Config                         0x0800434b   Thumb Code    22  bsp_isv2.o(i.USB_Cable_Config)
    USB_Init                                 0x08004361   Thumb Code    36  usb_init.o(i.USB_Init)
    USB_Istr                                 0x0800439d   Thumb Code    98  usb_istr.o(i.USB_Istr)
    UserToPMABufferCopy                      0x08004415   Thumb Code    52  usb_mem.o(i.UserToPMABufferCopy)
    Virtual_Com_Port_Data_Setup              0x0800444d   Thumb Code    82  usb_prop.o(i.Virtual_Com_Port_Data_Setup)
    Virtual_Com_Port_GetConfigDescriptor     0x080044b1   Thumb Code    14  usb_prop.o(i.Virtual_Com_Port_GetConfigDescriptor)
    Virtual_Com_Port_GetDeviceDescriptor     0x080044c5   Thumb Code    14  usb_prop.o(i.Virtual_Com_Port_GetDeviceDescriptor)
    Virtual_Com_Port_GetLineCoding           0x080044d9   Thumb Code    20  usb_prop.o(i.Virtual_Com_Port_GetLineCoding)
    Virtual_Com_Port_GetStringDescriptor     0x080044f5   Thumb Code    24  usb_prop.o(i.Virtual_Com_Port_GetStringDescriptor)
    Virtual_Com_Port_Get_Interface_Setting   0x08004515   Thumb Code    22  usb_prop.o(i.Virtual_Com_Port_Get_Interface_Setting)
    Virtual_Com_Port_NoData_Setup            0x0800452d   Thumb Code    36  usb_prop.o(i.Virtual_Com_Port_NoData_Setup)
    Virtual_Com_Port_Reset                   0x08004555   Thumb Code   198  usb_prop.o(i.Virtual_Com_Port_Reset)
    Virtual_Com_Port_SetLineCoding           0x08004625   Thumb Code    20  usb_prop.o(i.Virtual_Com_Port_SetLineCoding)
    Virtual_Com_Port_Status_In               0x08004641   Thumb Code    16  usb_prop.o(i.Virtual_Com_Port_Status_In)
    Virtual_Com_Port_Status_Out              0x08004655   Thumb Code     2  usb_prop.o(i.Virtual_Com_Port_Status_Out)
    Virtual_Com_Port_init                    0x08004659   Thumb Code    80  usb_prop.o(i.Virtual_Com_Port_init)
    __0sprintf$8                             0x080046c1   Thumb Code    34  printf8.o(i.__0sprintf$8)
    __1sprintf$8                             0x080046c1   Thumb Code     0  printf8.o(i.__0sprintf$8)
    __2sprintf                               0x080046c1   Thumb Code     0  printf8.o(i.__0sprintf$8)
    __scatterload_copy                       0x080046e9   Thumb Code    14  handlers.o(i.__scatterload_copy)
    __scatterload_null                       0x080046f7   Thumb Code     2  handlers.o(i.__scatterload_null)
    __scatterload_zeroinit                   0x080046f9   Thumb Code    14  handlers.o(i.__scatterload_zeroinit)
    delayXmsec                               0x08004b8f   Thumb Code    34  common.o(i.delayXmsec)
    delayXusec                               0x08004bb1   Thumb Code    26  common.o(i.delayXusec)
    hex2int                                  0x08004bcb   Thumb Code    62  common.o(i.hex2int)
    hexchval                                 0x08004c09   Thumb Code    54  common.o(i.hexchval)
    irRecvBit                                0x08004c41   Thumb Code    22  bsp_isv2.o(i.irRecvBit)
    main                                     0x08004c5d   Thumb Code    60  tasks_usbcli.o(i.main)
    motionState                              0x08004ca1   Thumb Code    24  bsp_isv2.o(i.motionState)
    nRF24L01_RW_Reg                          0x08004cbd   Thumb Code    20  nrf24l01.o(i.nRF24L01_RW_Reg)
    nRF24L01_TxPacket                        0x08004cd1   Thumb Code   222  nrf24l01.o(i.nRF24L01_TxPacket)
    nRF24L01_config                          0x08004db9   Thumb Code    34  nrf24l01.o(i.nRF24L01_config)
    nRF24L01_init                            0x08004ddb   Thumb Code   436  nrf24l01.o(i.nRF24L01_init)
    nRF24L01_readBuff                        0x08004f8f   Thumb Code    66  nrf24l01.o(i.nRF24L01_readBuff)
    nRF24L01_readReg                         0x08004fd1   Thumb Code    28  nrf24l01.o(i.nRF24L01_readReg)
    nRF24L01_setModeRX                       0x08004fed   Thumb Code    56  nrf24l01.o(i.nRF24L01_setModeRX)
    nRF24L01_setModeTX                       0x08005025   Thumb Code   136  nrf24l01.o(i.nRF24L01_setModeTX)
    nRF24L01_writeBuff                       0x080050ad   Thumb Code    64  nrf24l01.o(i.nRF24L01_writeBuff)
    nRF24L01_writeReg                        0x080050ed   Thumb Code    20  nrf24l01.o(i.nRF24L01_writeReg)
    processIRQ_nRF24L01                      0x08005101   Thumb Code   216  nrf24l01.o(i.processIRQ_nRF24L01)
    sendMsgToUsb                             0x080051e1   Thumb Code    42  tasks_usbcli.o(i.sendMsgToUsb)
    sendTxtMsgToNRF                          0x0800520d   Thumb Code   314  tasks_usbcli.o(i.sendTxtMsgToNRF)
    Virtual_Com_Port_DeviceDescriptor        0x08005350   Data          18  usb_desc.o(.constdata)
    Virtual_Com_Port_ConfigDescriptor        0x08005362   Data          67  usb_desc.o(.constdata)
    Virtual_Com_Port_StringLangID            0x080053a5   Data           4  usb_desc.o(.constdata)
    Virtual_Com_Port_StringVendor            0x080053a9   Data          38  usb_desc.o(.constdata)
    Virtual_Com_Port_StringProduct           0x080053cf   Data          50  usb_desc.o(.constdata)
    Virtual_Com_Port_StringSerial            0x08005401   Data          22  usb_desc.o(.constdata)
    OSUnMapTbl                               0x08005450   Data         256  os_core.o(.constdata)
    Region$$Table$$Base                      0x08005550   Number         0  anon$$obj.o(Region$$Table)
    Region$$Table$$Limit                     0x08005570   Number         0  anon$$obj.o(Region$$Table)
    pulseCapBuf                              0x20000000   Data          12  int_is.o(.data)
    count_out                                0x2000000c   Data           4  usb_endp.o(.data)
    count_in                                 0x20000010   Data           4  usb_endp.o(.data)
    bIntPackSOF                              0x20000014   Data           1  usb_istr.o(.data)
    pEpInt_IN                                0x20000018   Data          28  usb_istr.o(.data)
    pEpInt_OUT                               0x20000034   Data          28  usb_istr.o(.data)
    wIstr                                    0x20000050   Data           2  usb_istr.o(.data)
    Request                                  0x20000054   Data           1  usb_prop.o(.data)
    linecoding                               0x20000058   Data           8  usb_prop.o(.data)
    Device_Table                             0x20000060   Data           2  usb_prop.o(.data)
    Device_Property                          0x20000064   Data          48  usb_prop.o(.data)
    User_Standard_Requests                   0x20000094   Data          36  usb_prop.o(.data)
    Device_Descriptor                        0x200000b8   Data           8  usb_prop.o(.data)
    Config_Descriptor                        0x200000c0   Data           8  usb_prop.o(.data)
    String_Descriptor                        0x200000c8   Data          32  usb_prop.o(.data)
    bDeviceState                             0x200000e8   Data           1  usb_pwr.o(.data)
    fSuspendEnabled                          0x200000e9   Data           1  usb_pwr.o(.data)
    ResumeS                                  0x200000ea   Data           2  usb_pwr.o(.data)
    timer_bitmap_enable                      0x200000ec   Data           2  common.o(.data)
    timer_bitmap_inPending                   0x200000ee   Data           2  common.o(.data)
    RF_masterId                              0x200000f8   Data           4  tasks_usbcli.o(.data)
    RF_masterPort                            0x200000fc   Data           1  tasks_usbcli.o(.data)
    nrf24l01                                 0x20000100   Data          40  tasks_usbcli.o(.data)
    pulses                                   0x20000128   Data           8  tasks_usbcli.o(.data)
    _deviceState                             0x20000130   Data           4  tasks_usbcli.o(.data)
    ADC_DMAbuf                               0x20000136   Data           4  tasks_usbcli.o(.data)
    StatusInfo                               0x2000013a   Data           2  usb_core.o(.data)
    EPindex                                  0x2000013c   Data           1  usb_init.o(.data)
    pInformation                             0x20000140   Data           4  usb_init.o(.data)
    pProperty                                0x20000144   Data           4  usb_init.o(.data)
    SaveState                                0x20000148   Data           2  usb_init.o(.data)
    wInterrupt_Mask                          0x2000014a   Data           2  usb_init.o(.data)
    pUser_Standard_Requests                  0x2000014c   Data           4  usb_init.o(.data)
    SaveRState                               0x20000150   Data           2  usb_int.o(.data)
    SaveTState                               0x20000152   Data           2  usb_int.o(.data)
    OSCtxSwCtr                               0x20000168   Data           4  os_core.o(.data)
    OSEventFreeList                          0x2000016c   Data           4  os_core.o(.data)
    OSFlagFreeList                           0x20000170   Data           4  os_core.o(.data)
    OSCPUUsage                               0x20000174   Data           1  os_core.o(.data)
    OSIdleCtrMax                             0x20000178   Data           4  os_core.o(.data)
    OSIdleCtrRun                             0x2000017c   Data           4  os_core.o(.data)
    OSStatRdy                                0x20000180   Data           1  os_core.o(.data)
    OSIntNesting                             0x20000181   Data           1  os_core.o(.data)
    OSLockNesting                            0x20000182   Data           1  os_core.o(.data)
    OSPrioCur                                0x20000183   Data           1  os_core.o(.data)
    OSPrioHighRdy                            0x20000184   Data           1  os_core.o(.data)
    OSRdyGrp                                 0x20000185   Data           1  os_core.o(.data)
    OSRdyTbl                                 0x20000186   Data           4  os_core.o(.data)
    OSRunning                                0x2000018a   Data           1  os_core.o(.data)
    OSTaskCtr                                0x2000018b   Data           1  os_core.o(.data)
    OSIdleCtr                                0x2000018c   Data           4  os_core.o(.data)
    OSTCBCur                                 0x20000190   Data           4  os_core.o(.data)
    OSTCBFreeList                            0x20000194   Data           4  os_core.o(.data)
    OSTCBHighRdy                             0x20000198   Data           4  os_core.o(.data)
    OSTCBList                                0x2000019c   Data           4  os_core.o(.data)
    OSTickStepState                          0x200001a0   Data           1  os_core.o(.data)
    OSTime                                   0x200001a4   Data           4  os_core.o(.data)
    plusseq                                  0x20000250   Data         164  int_is.o(.bss)
    buffer_out                               0x200002f4   Data          64  usb_endp.o(.bss)
    ds18b20                                  0x20000338   Data          16  bsp_isv2.o(.bss)
    timer_tbl                                0x20000348   Data          36  common.o(.bss)
    _pendingLines                            0x2000036c   Data         166  common.o(.bss)
    _pendTxtMsgs                             0x200007e8   Data         515  tasks_usbcli.o(.bss)
    irseq                                    0x200009eb   Data          50  tasks_usbcli.o(.bss)
    txBuf                                    0x20000a1d   Data          80  tasks_usbcli.o(.bss)
    Device_Info                              0x20000a70   Data          28  usb_init.o(.bss)
    OSEventTbl                               0x20000a8c   Data         320  os_core.o(.bss)
    OSFlagTbl                                0x20000bcc   Data         140  os_core.o(.bss)
    OSTaskStatStk                            0x20000c58   Data         512  os_core.o(.bss)
    OSTaskIdleStk                            0x20000e58   Data         512  os_core.o(.bss)
    OSTCBPrioTbl                             0x20001058   Data         128  os_core.o(.bss)
    OSTCBTbl                                 0x200010d8   Data        1104  os_core.o(.bss)
    Image$$ARM_LIB_STACK$$ZI$$Limit          0x20004b00   Number         0  anon$$obj.o(ARM_LIB_STACK.bss)



==============================================================================

Memory Map of the image

  Image Entry point : 0x08000365

  Load Region LR_IROM1 (Base: 0x08000000, Size: 0x00005718, Max: 0x00020000, ABSOLUTE, COMPRESSED[0x00005614])

    Execution Region ER_IROM1 (Base: 0x08000000, Size: 0x00005570, Max: 0x08020000, ABSOLUTE)

    Base Addr    Size         Type   Attr      Idx    E Section Name        Object

    0x08000000   0x000000f8   Code   RO         4781  * VECT                vectors.o
    0x080000f8   0x00000000   Code   RO         5625  * .ARM.Collect$$$$00000000  mc_w.l(entry.o)(mc_w.l)
    0x080000f8   0x00000004   Code   RO         5899    .ARM.Collect$$$$00000003  mc_w.l(entry4.o)(mc_w.l)
    0x080000fc   0x00000004   Code   RO         5902    .ARM.Collect$$$$00000004  mc_w.l(entry5.o)(mc_w.l)
    0x08000100   0x00000008   Code   RO         5903    .ARM.Collect$$$$00000007  mc_w.l(entry7.o)(mc_w.l)
    0x08000108   0x00000004   Code   RO         5900    .ARM.Collect$$$$00002714  mc_w.l(entry4.o)(mc_w.l)
    0x0800010c   0x0000002a   Code   RO         4791    .text               cpu_a.o
    0x08000136   0x00000002   PAD
    0x08000138   0x000000a4   Code   RO         5498    .text               os_cpu_a.o
    0x080001dc   0x00000026   Code   RO         5628    .text               mc_w.l(memseta.o)(mc_w.l)
    0x08000202   0x0000002c   Code   RO         5630    .text               mc_w.l(strstr.o)(mc_w.l)
    0x0800022e   0x00000010   Code   RO         5632    .text               mc_w.l(strlen.o)(mc_w.l)
    0x0800023e   0x00000066   Code   RO         5907    .text               mc_w.l(uldiv.o)(mc_w.l)
    0x080002a4   0x00000024   Code   RO         5920    .text               mc_w.l(init.o)(mc_w.l)
    0x080002c8   0x0000001e   Code   RO         5922    .text               mc_w.l(llshl.o)(mc_w.l)
    0x080002e6   0x00000020   Code   RO         5924    .text               mc_w.l(llushr.o)(mc_w.l)
    0x08000306   0x0000005c   Code   RO         5938    .text               mc_w.l(__dczerorl2.o)(mc_w.l)
    0x08000362   0x00000002   PAD
    0x08000364   0x00000008   Code   RO         4785  * INIT                init.o
    0x0800036c   0x00000016   Code   RO         2037    i.ADC_Cmd           stm32f10x_adc.o
    0x08000382   0x00000016   Code   RO         2038    i.ADC_DMACmd        stm32f10x_adc.o
    0x08000398   0x00000014   Code   RO         2045    i.ADC_GetCalibrationStatus  stm32f10x_adc.o
    0x080003ac   0x00000014   Code   RO         2051    i.ADC_GetResetCalibrationStatus  stm32f10x_adc.o
    0x080003c0   0x00000050   Code   RO         2055    i.ADC_Init          stm32f10x_adc.o
    0x08000410   0x000000b8   Code   RO         2059    i.ADC_RegularChannelConfig  stm32f10x_adc.o
    0x080004c8   0x0000000a   Code   RO         2060    i.ADC_ResetCalibration  stm32f10x_adc.o
    0x080004d2   0x0000000a   Code   RO         2064    i.ADC_StartCalibration  stm32f10x_adc.o
    0x080004dc   0x0000002c   Code   RO         2066    i.ADC_TempSensorVrefintCmd  stm32f10x_adc.o
    0x08000508   0x00000002   Code   RO         1267    i.App_TCBInitHook   tasks_usbcli.o
    0x0800050a   0x00000002   Code   RO         1268    i.App_TaskCreateHook  tasks_usbcli.o
    0x0800050c   0x00000002   Code   RO         1270    i.App_TaskIdleHook  tasks_usbcli.o
    0x0800050e   0x00000002   Code   RO         1271    i.App_TaskStatHook  tasks_usbcli.o
    0x08000510   0x00000002   Code   RO         1272    i.App_TaskSwHook    tasks_usbcli.o
    0x08000512   0x00000010   Code   RO         2255    i.BKP_DeInit        stm32f10x_bkp.o
    0x08000522   0x00000002   PAD
    0x08000524   0x00000010   Code   RO         2260    i.BKP_ReadBackupRegister  stm32f10x_bkp.o
    0x08000534   0x00000010   Code   RO         2264    i.BKP_WriteBackupRegister  stm32f10x_bkp.o
    0x08000544   0x00000010   Code   RO          757    i.BSP_CPU_ClkFreq   bsp_isv2.o
    0x08000554   0x00000024   Code   RO          758    i.BSP_Init          bsp_isv2.o
    0x08000578   0x00000008   Code   RO            5    i.BSP_IntDisAll     int_is.o
    0x08000580   0x00000038   Code   RO            7    i.BSP_IntHandler    int_is.o
    0x080005b8   0x0000000a   Code   RO            8    i.BSP_IntHandlerADC1_2  int_is.o
    0x080005c2   0x0000000a   Code   RO            9    i.BSP_IntHandlerCAN_RX1  int_is.o
    0x080005cc   0x0000000a   Code   RO           10    i.BSP_IntHandlerCAN_SCE  int_is.o
    0x080005d6   0x0000000a   Code   RO           11    i.BSP_IntHandlerDMA1_CH1  int_is.o
    0x080005e0   0x0000000a   Code   RO           12    i.BSP_IntHandlerDMA1_CH2  int_is.o
    0x080005ea   0x0000000a   Code   RO           13    i.BSP_IntHandlerDMA1_CH3  int_is.o
    0x080005f4   0x0000000a   Code   RO           14    i.BSP_IntHandlerDMA1_CH4  int_is.o
    0x080005fe   0x0000000a   Code   RO           15    i.BSP_IntHandlerDMA1_CH5  int_is.o
    0x08000608   0x0000000a   Code   RO           16    i.BSP_IntHandlerDMA1_CH6  int_is.o
    0x08000612   0x0000000a   Code   RO           17    i.BSP_IntHandlerDMA1_CH7  int_is.o
    0x0800061c   0x00000002   Code   RO           18    i.BSP_IntHandlerDummy  int_is.o
    0x0800061e   0x0000000a   Code   RO           19    i.BSP_IntHandlerEXTI0  int_is.o
    0x08000628   0x0000000a   Code   RO           20    i.BSP_IntHandlerEXTI1  int_is.o
    0x08000632   0x0000000a   Code   RO           21    i.BSP_IntHandlerEXTI15_10  int_is.o
    0x0800063c   0x0000000a   Code   RO           22    i.BSP_IntHandlerEXTI2  int_is.o
    0x08000646   0x0000000a   Code   RO           23    i.BSP_IntHandlerEXTI3  int_is.o
    0x08000650   0x0000000a   Code   RO           24    i.BSP_IntHandlerEXTI4  int_is.o
    0x0800065a   0x0000000a   Code   RO           25    i.BSP_IntHandlerEXTI9_5  int_is.o
    0x08000664   0x0000000a   Code   RO           26    i.BSP_IntHandlerFLASH  int_is.o
    0x0800066e   0x0000000a   Code   RO           27    i.BSP_IntHandlerI2C1_ER  int_is.o
    0x08000678   0x0000000a   Code   RO           28    i.BSP_IntHandlerI2C1_EV  int_is.o
    0x08000682   0x0000000a   Code   RO           29    i.BSP_IntHandlerI2C2_ER  int_is.o
    0x0800068c   0x0000000a   Code   RO           30    i.BSP_IntHandlerI2C2_EV  int_is.o
    0x08000696   0x0000000a   Code   RO           31    i.BSP_IntHandlerPVD  int_is.o
    0x080006a0   0x0000000a   Code   RO           32    i.BSP_IntHandlerRCC  int_is.o
    0x080006aa   0x0000000a   Code   RO           33    i.BSP_IntHandlerRTC  int_is.o
    0x080006b4   0x0000000a   Code   RO           34    i.BSP_IntHandlerRTCAlarm  int_is.o
    0x080006be   0x0000000a   Code   RO           35    i.BSP_IntHandlerSPI1  int_is.o
    0x080006c8   0x0000000a   Code   RO           36    i.BSP_IntHandlerSPI2  int_is.o
    0x080006d2   0x0000000a   Code   RO           37    i.BSP_IntHandlerTAMPER  int_is.o
    0x080006dc   0x0000000a   Code   RO           38    i.BSP_IntHandlerTIM1_BRK  int_is.o
    0x080006e6   0x0000000a   Code   RO           39    i.BSP_IntHandlerTIM1_CC  int_is.o
    0x080006f0   0x0000000a   Code   RO           40    i.BSP_IntHandlerTIM1_TRG_COM  int_is.o
    0x080006fa   0x0000000a   Code   RO           41    i.BSP_IntHandlerTIM1_UP  int_is.o
    0x08000704   0x0000000a   Code   RO           42    i.BSP_IntHandlerTIM2  int_is.o
    0x0800070e   0x0000000a   Code   RO           43    i.BSP_IntHandlerTIM3  int_is.o
    0x08000718   0x0000000a   Code   RO           44    i.BSP_IntHandlerTIM4  int_is.o
    0x08000722   0x0000000a   Code   RO           45    i.BSP_IntHandlerUSART1  int_is.o
    0x0800072c   0x0000000a   Code   RO           46    i.BSP_IntHandlerUSART2  int_is.o
    0x08000736   0x0000000a   Code   RO           47    i.BSP_IntHandlerUSART3  int_is.o
    0x08000740   0x0000000a   Code   RO           48    i.BSP_IntHandlerUSBWakeUp  int_is.o
    0x0800074a   0x0000000a   Code   RO           49    i.BSP_IntHandlerUSB_HP_CAN_TX  int_is.o
    0x08000754   0x0000000a   Code   RO           50    i.BSP_IntHandlerUSB_LP_CAN_RX0  int_is.o
    0x0800075e   0x0000000a   Code   RO           51    i.BSP_IntHandlerWWDG  int_is.o
    0x08000768   0x00000040   Code   RO           52    i.BSP_IntInit       int_is.o
    0x080007a8   0x00000024   Code   RO           54    i.BSP_IntVectSet    int_is.o
    0x080007cc   0x0000000c   Code   RO         1635    i.ByteSwap          usb_regs.o
    0x080007d8   0x00000234   Code   RO         1588    i.CTR_LP            usb_int.o
    0x08000a0c   0x00000038   Code   RO         1636    i.ClearDTOG_RX      usb_regs.o
    0x08000a44   0x00000038   Code   RO         1637    i.ClearDTOG_TX      usb_regs.o
    0x08000a7c   0x00000024   Code   RO         1642    i.Clear_Status_Out  usb_regs.o
    0x08000aa0   0x0000001c   Code   RO         2595    i.DMA_ClearITPendingBit  stm32f10x_dma.o
    0x08000abc   0x00000016   Code   RO         2596    i.DMA_Cmd           stm32f10x_dma.o
    0x08000ad2   0x00000002   PAD
    0x08000ad4   0x00000150   Code   RO         2597    i.DMA_DeInit        stm32f10x_dma.o
    0x08000c24   0x0000002c   Code   RO         2600    i.DMA_GetITStatus   stm32f10x_dma.o
    0x08000c50   0x00000012   Code   RO         2601    i.DMA_ITConfig      stm32f10x_dma.o
    0x08000c62   0x0000003c   Code   RO         2602    i.DMA_Init          stm32f10x_dma.o
    0x08000c9e   0x0000000e   Code   RO         1155    i.DS18B20_InitConfiguration  ds18b20.o
    0x08000cac   0x00000022   Code   RO         1156    i.DS18B20_convert   ds18b20.o
    0x08000cce   0x00000082   Code   RO         1157    i.DS18B20_read      ds18b20.o
    0x08000d50   0x0000008c   Code   RO         1445    i.DataStageIn       usb_core.o
    0x08000ddc   0x000000c0   Code   RO         1446    i.DataStageOut      usb_core.o
    0x08000e9c   0x00000240   Code   RO         1447    i.Data_Setup0       usb_core.o
    0x080010dc   0x0000000c   Code   RO          553    i.EP1_IN_Callback   usb_endp.o
    0x080010e8   0x0000002c   Code   RO          554    i.EP3_OUT_Callback  usb_endp.o
    0x08001114   0x0000000c   Code   RO         2661    i.EXTI_ClearITPendingBit  stm32f10x_exti.o
    0x08001120   0x00000034   Code   RO         2662    i.EXTI_DeInit       stm32f10x_exti.o
    0x08001154   0x00000018   Code   RO         2663    i.EXTI_GenerateSWInterrupt  stm32f10x_exti.o
    0x0800116c   0x0000002c   Code   RO         2665    i.EXTI_GetITStatus  stm32f10x_exti.o
    0x08001198   0x000000cc   Code   RO         2666    i.EXTI_Init         stm32f10x_exti.o
    0x08001264   0x00000010   Code   RO         2667    i.EXTI_StructInit   stm32f10x_exti.o
    0x08001274   0x0000001c   Code   RO         2728    i.FLASH_PrefetchBufferCmd  stm32f10x_flash.o
    0x08001290   0x00000018   Code   RO         2733    i.FLASH_SetLatency  stm32f10x_flash.o
    0x080012a8   0x00000040   Code   RO         2985    i.GPIO_EXTILineConfig  stm32f10x_gpio.o
    0x080012e8   0x00000112   Code   RO         2988    i.GPIO_Init         stm32f10x_gpio.o
    0x080013fa   0x00000012   Code   RO         2992    i.GPIO_ReadInputDataBit  stm32f10x_gpio.o
    0x0800140c   0x00000004   Code   RO         2995    i.GPIO_ResetBits    stm32f10x_gpio.o
    0x08001410   0x00000004   Code   RO         2996    i.GPIO_SetBits      stm32f10x_gpio.o
    0x08001414   0x0000000a   Code   RO         2999    i.GPIO_WriteBit     stm32f10x_gpio.o
    0x0800141e   0x00000002   PAD
    0x08001420   0x00000024   Code   RO         1654    i.GetEPRxAddr       usb_regs.o
    0x08001444   0x00000024   Code   RO         1655    i.GetEPRxCount      usb_regs.o
    0x08001468   0x00000020   Code   RO         1657    i.GetEPTxAddr       usb_regs.o
    0x08001488   0x00000328   Code   RO          762    i.ISBoard_GPIO_Config  bsp_isv2.o
    0x080017b0   0x0000006e   Code   RO          763    i.ISBoard_NVIC_Config  bsp_isv2.o
    0x0800181e   0x00000086   Code   RO          764    i.ISBoard_RCC_Config  bsp_isv2.o
    0x080018a4   0x000000a4   Code   RO          765    i.ISBoard_RTC_Init  bsp_isv2.o
    0x08001948   0x00000044   Code   RO          766    i.ISBoard_getTime   bsp_isv2.o
    0x0800198c   0x00000044   Code   RO          768    i.ISBoard_setDvr    bsp_isv2.o
    0x080019d0   0x00000048   Code   RO          769    i.ISBoard_setLed    bsp_isv2.o
    0x08001a18   0x00000036   Code   RO          770    i.ISBoard_updateClock  bsp_isv2.o
    0x08001a4e   0x00000012   Code   RO           55    i.ISR_ADC1DMA       int_is.o
    0x08001a60   0x00000008   Code   RO           56    i.ISR_USBRX0        int_is.o
    0x08001a68   0x00000054   Code   RO           57    i.ISR_nRF_IR        int_is.o
    0x08001abc   0x00000070   Code   RO         1448    i.In0_Process       usb_core.o
    0x08001b2c   0x0000006c   Code   RO         1273    i.InitProcedure     tasks_usbcli.o
    0x08001b98   0x00000002   Code   RO         1449    i.NOP_Process       usb_core.o
    0x08001b9a   0x00000002   PAD
    0x08001b9c   0x00000084   Code   RO         1995    i.NVIC_Init         misc.o
    0x08001c20   0x00000014   Code   RO         1996    i.NVIC_PriorityGroupConfig  misc.o
    0x08001c34   0x00000014   Code   RO         1997    i.NVIC_SetVectorTable  misc.o
    0x08001c48   0x00000144   Code   RO         1450    i.NoData_Setup0     usb_core.o
    0x08001d8c   0x00000028   Code   RO         4848    i.OSInit            os_core.o
    0x08001db4   0x00000002   Code   RO         5397    i.OSInitHookBegin   os_cpu_c.o
    0x08001db6   0x00000002   Code   RO         5398    i.OSInitHookEnd     os_cpu_c.o
    0x08001db8   0x00000090   Code   RO         4850    i.OSIntExit         os_core.o
    0x08001e48   0x00000048   Code   RO         4853    i.OSStart           os_core.o
    0x08001e90   0x0000004c   Code   RO         4854    i.OSStatInit        os_core.o
    0x08001edc   0x0000000c   Code   RO         5399    i.OSTCBInitHook     os_cpu_c.o
    0x08001ee8   0x000000a0   Code   RO         5278    i.OSTaskCreate      os_task.o
    0x08001f88   0x000000b8   Code   RO         5279    i.OSTaskCreateExt   os_task.o
    0x08002040   0x0000000c   Code   RO         5400    i.OSTaskCreateHook  os_cpu_c.o
    0x0800204c   0x00000008   Code   RO         5402    i.OSTaskIdleHook    os_cpu_c.o
    0x08002054   0x00000090   Code   RO         5283    i.OSTaskNameSet     os_task.o
    0x080020e4   0x00000008   Code   RO         5403    i.OSTaskStatHook    os_cpu_c.o
    0x080020ec   0x0000008c   Code   RO         5286    i.OSTaskStkChk      os_task.o
    0x08002178   0x0000009a   Code   RO         5404    i.OSTaskStkInit     os_cpu_c.o
    0x08002212   0x00000002   PAD
    0x08002214   0x000000a8   Code   RO         5287    i.OSTaskSuspend     os_task.o
    0x080022bc   0x00000008   Code   RO         5405    i.OSTaskSwHook      os_cpu_c.o
    0x080022c4   0x00000070   Code   RO         5355    i.OSTimeDly         os_time.o
    0x08002334   0x00000070   Code   RO         5356    i.OSTimeDlyHMSM     os_time.o
    0x080023a4   0x0000001c   Code   RO         5358    i.OSTimeGet         os_time.o
    0x080023c0   0x0000001c   Code   RO         5359    i.OSTimeSet         os_time.o
    0x080023dc   0x000000f4   Code   RO         4855    i.OSTimeTick        os_core.o
    0x080024d0   0x00000002   Code   RO         5406    i.OSTimeTickHook    os_cpu_c.o
    0x080024d2   0x0000000c   Code   RO          772    i.OS_CPU_SysTickClkFreq  bsp_isv2.o
    0x080024de   0x00000002   PAD
    0x080024e0   0x00000028   Code   RO         5407    i.OS_CPU_SysTickHandler  os_cpu_c.o
    0x08002508   0x0000002c   Code   RO         5408    i.OS_CPU_SysTickInit  os_cpu_c.o
    0x08002534   0x0000004c   Code   RO         5075    i.OS_FlagInit       os_flag.o
    0x08002580   0x00000050   Code   RO         4864    i.OS_InitEventList  os_core.o
    0x080025d0   0x00000054   Code   RO         4865    i.OS_InitMisc       os_core.o
    0x08002624   0x00000048   Code   RO         4866    i.OS_InitRdyList    os_core.o
    0x0800266c   0x00000068   Code   RO         4867    i.OS_InitTCBList    os_core.o
    0x080026d4   0x00000050   Code   RO         4868    i.OS_InitTaskIdle   os_core.o
    0x08002724   0x00000050   Code   RO         4869    i.OS_InitTaskStat   os_core.o
    0x08002774   0x00000012   Code   RO         4870    i.OS_MemClr         os_core.o
    0x08002786   0x00000002   PAD
    0x08002788   0x00000074   Code   RO         4872    i.OS_Sched          os_core.o
    0x080027fc   0x0000002c   Code   RO         4873    i.OS_SchedNew       os_core.o
    0x08002828   0x0000001c   Code   RO         4874    i.OS_StrCopy        os_core.o
    0x08002844   0x00000014   Code   RO         4875    i.OS_StrLen         os_core.o
    0x08002858   0x00000134   Code   RO         4876    i.OS_TCBInit        os_core.o
    0x0800298c   0x00000024   Code   RO         4877    i.OS_TaskIdle       os_core.o
    0x080029b0   0x00000088   Code   RO         4878    i.OS_TaskStat       os_core.o
    0x08002a38   0x0000003c   Code   RO         4879    i.OS_TaskStatStkChk  os_core.o
    0x08002a74   0x0000001a   Code   RO         5288    i.OS_TaskStkClr     os_task.o
    0x08002a8e   0x00000002   PAD
    0x08002a90   0x00000014   Code   RO          773    i.OWPortal_dqH      bsp_isv2.o
    0x08002aa4   0x00000014   Code   RO          774    i.OWPortal_dqL      bsp_isv2.o
    0x08002ab8   0x00000014   Code   RO          775    i.OWPortal_dqV      bsp_isv2.o
    0x08002acc   0x00000044   Code   RO          935    i.OWPortal_readBit  1wire.o
    0x08002b10   0x00000064   Code   RO          936    i.OWPortal_reset    1wire.o
    0x08002b74   0x0000002e   Code   RO          937    i.OWPortal_writeBit  1wire.o
    0x08002ba2   0x00000024   Code   RO          938    i.OWReadByte        1wire.o
    0x08002bc6   0x00000020   Code   RO          943    i.OWWriteByte       1wire.o
    0x08002be6   0x00000002   PAD
    0x08002be8   0x000000f0   Code   RO         1274    i.OnMessageReceived  tasks_usbcli.o
    0x08002cd8   0x00000016   Code   RO         1275    i.OnWirelessMsg     tasks_usbcli.o
    0x08002cee   0x00000002   PAD
    0x08002cf0   0x00000050   Code   RO         1451    i.Out0_Process      usb_core.o
    0x08002d40   0x00000024   Code   RO         1617    i.PMAToUserBufferCopy  usb_mem.o
    0x08002d64   0x0000000c   Code   RO         3331    i.PWR_BackupAccessCmd  stm32f10x_pwr.o
    0x08002d70   0x00000048   Code   RO         1452    i.Post0_Process     usb_core.o
    0x08002db8   0x00000050   Code   RO          716    i.PowerOn           usb_pwr.o
    0x08002e08   0x00000100   Code   RO         1378    i.Pulse_capture     pulses.o
    0x08002f08   0x000001ea   Code   RO         1379    i.Pulse_parseSignals  pulses.o
    0x080030f2   0x00000002   PAD
    0x080030f4   0x00000020   Code   RO         3392    i.RCC_AHBPeriphClockCmd  stm32f10x_rcc.o
    0x08003114   0x00000020   Code   RO         3393    i.RCC_APB1PeriphClockCmd  stm32f10x_rcc.o
    0x08003134   0x00000020   Code   RO         3395    i.RCC_APB2PeriphClockCmd  stm32f10x_rcc.o
    0x08003154   0x0000000c   Code   RO         3398    i.RCC_BackupResetCmd  stm32f10x_rcc.o
    0x08003160   0x00000014   Code   RO         3399    i.RCC_ClearFlag     stm32f10x_rcc.o
    0x08003174   0x0000004c   Code   RO         3402    i.RCC_DeInit        stm32f10x_rcc.o
    0x080031c0   0x000000d4   Code   RO         3403    i.RCC_GetClocksFreq  stm32f10x_rcc.o
    0x08003294   0x0000003c   Code   RO         3404    i.RCC_GetFlagStatus  stm32f10x_rcc.o
    0x080032d0   0x00000010   Code   RO         3406    i.RCC_GetSYSCLKSource  stm32f10x_rcc.o
    0x080032e0   0x00000018   Code   RO         3407    i.RCC_HCLKConfig    stm32f10x_rcc.o
    0x080032f8   0x0000004c   Code   RO         3408    i.RCC_HSEConfig     stm32f10x_rcc.o
    0x08003344   0x00000034   Code   RO         3411    i.RCC_LSEConfig     stm32f10x_rcc.o
    0x08003378   0x00000018   Code   RO         3414    i.RCC_PCLK1Config   stm32f10x_rcc.o
    0x08003390   0x00000018   Code   RO         3415    i.RCC_PCLK2Config   stm32f10x_rcc.o
    0x080033a8   0x0000000c   Code   RO         3416    i.RCC_PLLCmd        stm32f10x_rcc.o
    0x080033b4   0x0000001c   Code   RO         3417    i.RCC_PLLConfig     stm32f10x_rcc.o
    0x080033d0   0x0000000c   Code   RO         3418    i.RCC_RTCCLKCmd     stm32f10x_rcc.o
    0x080033dc   0x00000010   Code   RO         3419    i.RCC_RTCCLKConfig  stm32f10x_rcc.o
    0x080033ec   0x00000018   Code   RO         3420    i.RCC_SYSCLKConfig  stm32f10x_rcc.o
    0x08003404   0x0000000c   Code   RO         3421    i.RCC_USBCLKConfig  stm32f10x_rcc.o
    0x08003410   0x0000002e   Code   RO         3422    i.RCC_WaitForHSEStartUp  stm32f10x_rcc.o
    0x0800343e   0x00000002   PAD
    0x08003440   0x00000018   Code   RO         3593    i.RTC_EnterConfigMode  stm32f10x_rtc.o
    0x08003458   0x0000001c   Code   RO         3594    i.RTC_ExitConfigMode  stm32f10x_rtc.o
    0x08003474   0x0000001c   Code   RO         3595    i.RTC_GetCounter    stm32f10x_rtc.o
    0x08003490   0x00000030   Code   RO         3599    i.RTC_ITConfig      stm32f10x_rtc.o
    0x080034c0   0x00000024   Code   RO         3601    i.RTC_SetCounter    stm32f10x_rtc.o
    0x080034e4   0x00000024   Code   RO         3602    i.RTC_SetPrescaler  stm32f10x_rtc.o
    0x08003508   0x00000014   Code   RO         3603    i.RTC_WaitForLastTask  stm32f10x_rtc.o
    0x0800351c   0x00000028   Code   RO         3604    i.RTC_WaitForSynchro  stm32f10x_rtc.o
    0x08003544   0x00000018   Code   RO         3872    i.SPI_Cmd           stm32f10x_spi.o
    0x0800355c   0x00000012   Code   RO         3880    i.SPI_I2S_GetFlagStatus  stm32f10x_spi.o
    0x0800356e   0x00000006   Code   RO         3883    i.SPI_I2S_ReceiveData  stm32f10x_spi.o
    0x08003574   0x00000004   Code   RO         3884    i.SPI_I2S_SendData  stm32f10x_spi.o
    0x08003578   0x0000003c   Code   RO         3885    i.SPI_Init          stm32f10x_spi.o
    0x080035b4   0x00000034   Code   RO         1179    i.SPI_RW            nrf24l01.o
    0x080035e8   0x00000010   Code   RO         1665    i.SetBTABLE         usb_regs.o
    0x080035f8   0x0000004c   Code   RO         1453    i.SetDeviceAddress  usb_core.o
    0x08003644   0x00000024   Code   RO         1679    i.SetEPRxAddr       usb_regs.o
    0x08003668   0x00000050   Code   RO         1680    i.SetEPRxCount      usb_regs.o
    0x080036b8   0x0000003c   Code   RO         1681    i.SetEPRxStatus     usb_regs.o
    0x080036f4   0x0000002c   Code   RO         1682    i.SetEPRxValid      usb_regs.o
    0x08003720   0x00000020   Code   RO         1683    i.SetEPTxAddr       usb_regs.o
    0x08003740   0x00000020   Code   RO         1684    i.SetEPTxCount      usb_regs.o
    0x08003760   0x0000003c   Code   RO         1685    i.SetEPTxStatus     usb_regs.o
    0x0800379c   0x0000002c   Code   RO         1686    i.SetEPTxValid      usb_regs.o
    0x080037c8   0x00000024   Code   RO         1687    i.SetEPType         usb_regs.o
    0x080037ec   0x00000012   Code   RO          776    i.Set_USBClock      bsp_isv2.o
    0x080037fe   0x00000002   PAD
    0x08003800   0x000000b0   Code   RO         1454    i.Setup0_Process    usb_core.o
    0x080038b0   0x00000160   Code   RO         1455    i.Standard_ClearFeature  usb_core.o
    0x08003a10   0x0000002c   Code   RO         1456    i.Standard_GetConfiguration  usb_core.o
    0x08003a3c   0x00000024   Code   RO         1457    i.Standard_GetDescriptorData  usb_core.o
    0x08003a60   0x0000002c   Code   RO         1458    i.Standard_GetInterface  usb_core.o
    0x08003a8c   0x000000f0   Code   RO         1459    i.Standard_GetStatus  usb_core.o
    0x08003b7c   0x00000048   Code   RO         1460    i.Standard_SetConfiguration  usb_core.o
    0x08003bc4   0x00000028   Code   RO         1461    i.Standard_SetDeviceFeature  usb_core.o
    0x08003bec   0x000000c4   Code   RO         1462    i.Standard_SetEndPointFeature  usb_core.o
    0x08003cb0   0x0000006c   Code   RO         1463    i.Standard_SetInterface  usb_core.o
    0x08003d1c   0x0000026c   Code   RO         1276    i.Task_LocalStatus  tasks_usbcli.o
    0x08003f88   0x00000158   Code   RO         1277    i.Task_MsgProc      tasks_usbcli.o
    0x080040e0   0x0000007c   Code   RO         1278    i.Task_UsbRecv      tasks_usbcli.o
    0x0800415c   0x00000030   Code   RO         1039    i.Timer_isStepping  common.o
    0x0800418c   0x00000048   Code   RO         1041    i.Timer_start       common.o
    0x080041d4   0x00000044   Code   RO         1042    i.Timer_stop        common.o
    0x08004218   0x00000022   Code   RO         4561    i.USART_ClockInit   stm32f10x_usart.o
    0x0800423a   0x00000018   Code   RO         4563    i.USART_Cmd         stm32f10x_usart.o
    0x08004252   0x00000002   PAD
    0x08004254   0x0000009c   Code   RO         4570    i.USART_Init        stm32f10x_usart.o
    0x080042f0   0x0000005a   Code   RO          777    i.USART_open        bsp_isv2.o
    0x0800434a   0x00000016   Code   RO          778    i.USB_Cable_Config  bsp_isv2.o
    0x08004360   0x0000003c   Code   RO         1564    i.USB_Init          usb_init.o
    0x0800439c   0x00000078   Code   RO          585    i.USB_Istr          usb_istr.o
    0x08004414   0x00000038   Code   RO         1618    i.UserToPMABufferCopy  usb_mem.o
    0x0800444c   0x00000064   Code   RO          610    i.Virtual_Com_Port_Data_Setup  usb_prop.o
    0x080044b0   0x00000014   Code   RO          611    i.Virtual_Com_Port_GetConfigDescriptor  usb_prop.o
    0x080044c4   0x00000014   Code   RO          612    i.Virtual_Com_Port_GetDeviceDescriptor  usb_prop.o
    0x080044d8   0x0000001c   Code   RO          613    i.Virtual_Com_Port_GetLineCoding  usb_prop.o
    0x080044f4   0x00000020   Code   RO          614    i.Virtual_Com_Port_GetStringDescriptor  usb_prop.o
    0x08004514   0x00000016   Code   RO          615    i.Virtual_Com_Port_Get_Interface_Setting  usb_prop.o
    0x0800452a   0x00000002   PAD
    0x0800452c   0x00000028   Code   RO          616    i.Virtual_Com_Port_NoData_Setup  usb_prop.o
    0x08004554   0x000000d0   Code   RO          617    i.Virtual_Com_Port_Reset  usb_prop.o
    0x08004624   0x0000001c   Code   RO          618    i.Virtual_Com_Port_SetLineCoding  usb_prop.o
    0x08004640   0x00000014   Code   RO          619    i.Virtual_Com_Port_Status_In  usb_prop.o
    0x08004654   0x00000002   Code   RO          620    i.Virtual_Com_Port_Status_Out  usb_prop.o
    0x08004656   0x00000002   PAD
    0x08004658   0x00000068   Code   RO          621    i.Virtual_Com_Port_init  usb_prop.o
    0x080046c0   0x00000028   Code   RO         5847    i.__0sprintf$8      mc_w.l(printf8.o)(mc_w.l)
    0x080046e8   0x0000000e   Code   RO         5932    i.__scatterload_copy  mc_w.l(handlers.o)(mc_w.l)
    0x080046f6   0x00000002   Code   RO         5933    i.__scatterload_null  mc_w.l(handlers.o)(mc_w.l)
    0x080046f8   0x0000000e   Code   RO         5934    i.__scatterload_zeroinit  mc_w.l(handlers.o)(mc_w.l)
    0x08004706   0x00000002   PAD
    0x08004708   0x00000428   Code   RO         5852    i._printf_core      mc_w.l(printf8.o)(mc_w.l)
    0x08004b30   0x00000026   Code   RO         5853    i._printf_post_padding  mc_w.l(printf8.o)(mc_w.l)
    0x08004b56   0x0000002e   Code   RO         5854    i._printf_pre_padding  mc_w.l(printf8.o)(mc_w.l)
    0x08004b84   0x0000000a   Code   RO         5856    i._sputc            mc_w.l(printf8.o)(mc_w.l)
    0x08004b8e   0x00000022   Code   RO         1043    i.delayXmsec        common.o
    0x08004bb0   0x0000001a   Code   RO         1044    i.delayXusec        common.o
    0x08004bca   0x0000003e   Code   RO         1045    i.hex2int           common.o
    0x08004c08   0x00000036   Code   RO         1047    i.hexchval          common.o
    0x08004c3e   0x00000002   PAD
    0x08004c40   0x0000001c   Code   RO          781    i.irRecvBit         bsp_isv2.o
    0x08004c5c   0x00000044   Code   RO         1279    i.main              tasks_usbcli.o
    0x08004ca0   0x0000001c   Code   RO          782    i.motionState       bsp_isv2.o
    0x08004cbc   0x00000014   Code   RO         1180    i.nRF24L01_RW_Reg   nrf24l01.o
    0x08004cd0   0x000000e8   Code   RO         1182    i.nRF24L01_TxPacket  nrf24l01.o
    0x08004db8   0x00000022   Code   RO         1183    i.nRF24L01_config   nrf24l01.o
    0x08004dda   0x000001b4   Code   RO         1184    i.nRF24L01_init     nrf24l01.o
    0x08004f8e   0x00000042   Code   RO         1185    i.nRF24L01_readBuff  nrf24l01.o
    0x08004fd0   0x0000001c   Code   RO         1186    i.nRF24L01_readReg  nrf24l01.o
    0x08004fec   0x00000038   Code   RO         1187    i.nRF24L01_setModeRX  nrf24l01.o
    0x08005024   0x00000088   Code   RO         1188    i.nRF24L01_setModeTX  nrf24l01.o
    0x080050ac   0x00000040   Code   RO         1189    i.nRF24L01_writeBuff  nrf24l01.o
    0x080050ec   0x00000014   Code   RO         1190    i.nRF24L01_writeReg  nrf24l01.o
    0x08005100   0x000000e0   Code   RO         1191    i.processIRQ_nRF24L01  nrf24l01.o
    0x080051e0   0x0000002a   Code   RO         1280    i.sendMsgToUsb      tasks_usbcli.o
    0x0800520a   0x00000002   PAD
    0x0800520c   0x00000144   Code   RO         1281    i.sendTxtMsgToNRF   tasks_usbcli.o
    0x08005350   0x000000c7   Data   RO          511    .constdata          usb_desc.o
    0x08005417   0x00000001   PAD
    0x08005418   0x00000038   Data   RO          784    .constdata          bsp_isv2.o
    0x08005450   0x00000100   Data   RO         4881    .constdata          os_core.o
    0x08005550   0x00000020   Data   RO         5930    Region$$Table       anon$$obj.o


    Execution Region RW_IRAM1 (Base: 0x20000000, Size: 0x00001528, Max: 0x00004c00, ABSOLUTE, COMPRESSED[0x000000a4])

    Base Addr    Size         Type   Attr      Idx    E Section Name        Object

    0x20000000   0x0000000c   Data   RW           59    .data               int_is.o
    0x2000000c   0x00000008   Data   RW          556    .data               usb_endp.o
    0x20000014   0x0000003e   Data   RW          586    .data               usb_istr.o
    0x20000052   0x00000002   PAD
    0x20000054   0x00000094   Data   RW          622    .data               usb_prop.o
    0x200000e8   0x00000004   Data   RW          720    .data               usb_pwr.o
    0x200000ec   0x00000004   Data   RW         1055    .data               common.o
    0x200000f0   0x00000001   Data   RW         1192    .data               nrf24l01.o
    0x200000f1   0x00000003   PAD
    0x200000f4   0x00000046   Data   RW         1283    .data               tasks_usbcli.o
    0x2000013a   0x00000002   Data   RW         1464    .data               usb_core.o
    0x2000013c   0x00000014   Data   RW         1566    .data               usb_init.o
    0x20000150   0x00000004   Data   RW         1589    .data               usb_int.o
    0x20000154   0x00000014   Data   RW         3423    .data               stm32f10x_rcc.o
    0x20000168   0x00000040   Data   RW         4882    .data               os_core.o
    0x200001a8   0x0000014c   Zero   RW           58    .bss                int_is.o
    0x200002f4   0x00000040   Zero   RW          555    .bss                usb_endp.o
    0x20000334   0x00000004   PAD
    0x20000338   0x00000010   Zero   RW          783    .bss                bsp_isv2.o
    0x20000348   0x000000ca   Zero   RW         1053    .bss                common.o
    0x20000412   0x00000002   PAD
    0x20000414   0x00000659   Zero   RW         1282    .bss                tasks_usbcli.o
    0x20000a6d   0x00000003   PAD
    0x20000a70   0x0000001c   Zero   RW         1565    .bss                usb_init.o
    0x20000a8c   0x00000a9c   Zero   RW         4880    .bss                os_core.o


    Execution Region ARM_LIB_HEAP (Base: 0x20004700, Size: 0x00000200, Max: 0x00000200, ABSOLUTE, UNINIT)

    Base Addr    Size         Type   Attr      Idx    E Section Name        Object

    0x20004700   0x00000200   Zero   RW            1    ARM_LIB_HEAP.bss    anon$$obj.o


    Execution Region ARM_LIB_STACK (Base: 0x20004900, Size: 0x00000200, Max: 0x00000200, ABSOLUTE, UNINIT)

    Base Addr    Size         Type   Attr      Idx    E Section Name        Object

    0x20004900   0x00000200   Zero   RW            2    ARM_LIB_STACK.bss   anon$$obj.o


==============================================================================

Image component sizes


      Code (inc. data)   RO Data    RW Data    ZI Data      Debug   Object Name

       282          0          0          0          0          0   1wire.o
      1788         78         56          0         16          0   bsp_isv2.o
       364         34          0          4        202          0   common.o
        42          0          0          0          0          0   cpu_a.o
       178          0          0          0          0          0   ds18b20.o
         8          4          0          0          0          0   init.o
       706         46          0         12        332          0   int_is.o
       172         32          0          0          0          0   misc.o
      1368         18          0          1          0          0   nrf24l01.o
      1842        346        256         64       2716          0   os_core.o
       164         32          0          0          0          0   os_cpu_a.o
       292          6          0          0          0          0   os_cpu_c.o
        76          8          0          0          0          0   os_flag.o
       822         60          0          0          0          0   os_task.o
       280         28          0          0          0          0   os_time.o
       746          6          0          0          0          0   pulses.o
       412         20          0          0          0          0   stm32f10x_adc.o
        48         10          0          0          0          0   stm32f10x_bkp.o
       508         40          0          0          0          0   stm32f10x_dma.o
       352         60          0          0          0          0   stm32f10x_exti.o
        52         12          0          0          0          0   stm32f10x_flash.o
       374          4          0          0          0          0   stm32f10x_gpio.o
        12          6          0          0          0          0   stm32f10x_pwr.o
       842        136          0         20          0          0   stm32f10x_rcc.o
       260         66          0          0          0          0   stm32f10x_rtc.o
       112          0          0          0          0          0   stm32f10x_spi.o
       214          6          0          0          0          0   stm32f10x_usart.o
      1902        264          0         70       1625          0   tasks_usbcli.o
      2882        266          0          2          0          0   usb_core.o
         0          0        199          0          0          0   usb_desc.o
        56         12          0          8         64          0   usb_endp.o
        60         24          0         20         28          0   usb_init.o
       564         36          0          4          0          0   usb_int.o
       120         22          0         62          0          0   usb_istr.o
        92          8          0          0          0          0   usb_mem.o
       624         96          0        148          0          0   usb_prop.o
        80         16          0          4          0          0   usb_pwr.o
       704        110          0          0          0          0   usb_regs.o
       248        236          0          0          0          0   vectors.o

    ----------------------------------------------------------------------
     19686       2148        544        424       6016          0   Object Totals
         0          0         32          0       1024          0   (incl. Generated)
        38          0          1          5          9          3   (incl. Padding)

    ----------------------------------------------------------------------

      Code (inc. data)   RO Data    RW Data    ZI Data      Debug   Library Member Name

        92          0          0          0          0          0   __dczerorl2.o
         0          0          0          0          0          0   entry.o
         8          4          0          0          0          0   entry4.o
         4          0          0          0          0          0   entry5.o
         8          4          0          0          0          0   entry7.o
        30          0          0          0          0          0   handlers.o
        36          8          0          0          0          0   init.o
        30          0          0          0          0          0   llshl.o
        32          0          0          0          0          0   llushr.o
        38          0          0          0          0          0   memseta.o
      1198         50          0          0          0          0   printf8.o
        16          0          0          0          0          0   strlen.o
        44          0          0          0          0          0   strstr.o
       102          0          0          0          0          0   uldiv.o

    ----------------------------------------------------------------------
      1642         66          0          0          0          0   Library Totals
         4          0          0          0          0          0   (incl. Padding)

    ----------------------------------------------------------------------

      Code (inc. data)   RO Data    RW Data    ZI Data      Debug   Library Name

      1638         66          0          0          0        972   mc_w.l

    ----------------------------------------------------------------------
      1642         66          0          0          0          0   Library Totals

    ----------------------------------------------------------------------

==============================================================================


      Code (inc. data)   RO Data    RW Data    ZI Data      Debug   

     21328       2214        544        424       6016     476684   Grand Totals
     21328       2214        544        164       6016     476684   ELF Image Totals (compressed)
     21328       2214        544        164          0          0   ROM Totals

==============================================================================

    Total RO  Size (Code + RO Data)                21872 (  21.36kB)
    Total RW  Size (RW Data + ZI Data)              6440 (   6.29kB)
    Total ROM Size (Code + RO Data + RW Data)      22036 (  21.52kB)

==============================================================================

