ARM Linker, 4.1 [Build 481] [Standard]

==============================================================================

Section Cross References

    stm32f10x.o(RESET) refers to stm32f10x.o(STACK) for __initial_sp
    stm32f10x.o(RESET) refers to stm32f10x.o(.text) for Reset_Handler
    stm32f10x.o(.text) refers to entry.o(.ARM.Collect$$$$00000000) for __main
    web.o(.text) refers to strncmp.o(.text) for strncmp
    web.o(.text) refers to ip_arp_udp_tcp.o(.text) for fill_tcp_data_p
    web.o(.text) refers to stm32f10x_rcc.o(.text) for RCC_DeInit
    web.o(.text) refers to stm32f10x_flash.o(.text) for FLASH_PrefetchBufferCmd
    web.o(.text) refers to stm32f10x_gpio.o(.text) for GPIO_Init
    web.o(.text) refers to stm32f10x_spi.o(.text) for SPI_Init
    web.o(.text) refers to misc.o(.text) for NVIC_SetVectorTable
    web.o(.text) refers to enc28j60.o(.text) for ENC28J60_init
    web.o(.text) refers to common.o(.text) for delayXmsec
    web.o(.text) refers to web.o(.data) for password
    web.o(.text) refers to web.o(.constdata) for .constdata
    web.o(.text) refers to web.o(.bss) for packet
    web.o(.text) refers to strcpy.o(.text) for strcpy
    web.o(.text) refers to strlen.o(.text) for strlen
    common.o(.text) refers to strchr.o(.text) for strchr
    common.o(.text) refers to strlen.o(.text) for strlen
    common.o(.text) refers to memseta.o(.text) for __aeabi_memclr4
    common.o(.text) refers to common.o(.data) for timer_bitmap_enable
    common.o(.text) refers to common.o(.bss) for timer_tbl
    common.o(.text) refers to common.o(.constdata) for hextbl
    common.o(.text) refers to strstr.o(.text) for strstr
    enc28j60.o(.text) refers to stm32f10x_gpio.o(.text) for GPIO_ResetBits
    enc28j60.o(.text) refers to stm32f10x_spi.o(.text) for SPI_I2S_SendData
    enc28j60.o(.text) refers to common.o(.text) for delayXusec
    ip_arp_udp_tcp.o(.text) refers to web.o(.text) for NIC_sendPacket
    ip_arp_udp_tcp.o(.text) refers to ip_arp_udp_tcp.o(.data) for wwwport
    stm32f10x_adc.o(.text) refers to stm32f10x_rcc.o(.text) for RCC_APB2PeriphResetCmd
    stm32f10x_bkp.o(.text) refers to stm32f10x_rcc.o(.text) for RCC_BackupResetCmd
    stm32f10x_can.o(.text) refers to stm32f10x_rcc.o(.text) for RCC_APB1PeriphResetCmd
    stm32f10x_dac.o(.text) refers to stm32f10x_rcc.o(.text) for RCC_APB1PeriphResetCmd
    stm32f10x_gpio.o(.text) refers to stm32f10x_rcc.o(.text) for RCC_APB2PeriphResetCmd
    stm32f10x_i2c.o(.text) refers to stm32f10x_rcc.o(.text) for RCC_APB1PeriphResetCmd
    stm32f10x_pwr.o(.text) refers to stm32f10x_rcc.o(.text) for RCC_APB1PeriphResetCmd
    stm32f10x_rcc.o(.text) refers to stm32f10x_rcc.o(.data) for APBAHBPrescTable
    stm32f10x_spi.o(.text) refers to stm32f10x_rcc.o(.text) for RCC_APB2PeriphResetCmd
    stm32f10x_tim.o(.text) refers to stm32f10x_rcc.o(.text) for RCC_APB2PeriphResetCmd
    stm32f10x_usart.o(.text) refers to stm32f10x_rcc.o(.text) for RCC_APB2PeriphResetCmd
    stm32f10x_wwdg.o(.text) refers to stm32f10x_rcc.o(.text) for RCC_APB1PeriphResetCmd
    entry.o(.ARM.Collect$$$$00000000) refers (Special) to entry7.o(.ARM.Collect$$$$00000007) for _main_init
    entry.o(.ARM.Collect$$$$00000000) refers (Special) to entry5.o(.ARM.Collect$$$$00000004) for _main_scatterload
    entry.o(.ARM.Collect$$$$00000000) refers (Special) to entry2.o(.ARM.Collect$$$$00000001) for _main_stk
    entry2.o(.ARM.Collect$$$$00000001) refers to entry2.o(.ARM.Collect$$$$00002712) for __lit__00000000
    entry2.o(.ARM.Collect$$$$00002712) refers to stm32f10x.o(STACK) for __initial_sp
    entry2.o(__vectab_stack_and_reset_area) refers to stm32f10x.o(STACK) for __initial_sp
    entry2.o(__vectab_stack_and_reset_area) refers to entry.o(.ARM.Collect$$$$00000000) for __main
    entry5.o(.ARM.Collect$$$$00000004) refers to init.o(.text) for __scatterload
    entry7.o(.ARM.Collect$$$$00000007) refers to web.o(.text) for main
    init.o(.text) refers to entry5.o(.ARM.Collect$$$$00000004) for __main_after_scatterload


==============================================================================

Removing Unused input sections from the image.

    Removing stm32f10x.o(HEAP), (0 bytes).
    Removing stm32f10x_adc.o(.text), (1076 bytes).
    Removing stm32f10x_bkp.o(.text), (192 bytes).
    Removing stm32f10x_can.o(.text), (1958 bytes).
    Removing stm32f10x_crc.o(.text), (72 bytes).
    Removing stm32f10x_dac.o(.text), (408 bytes).
    Removing stm32f10x_dbgmcu.o(.text), (48 bytes).
    Removing stm32f10x_dma.o(.text), (580 bytes).
    Removing stm32f10x_exti.o(.text), (352 bytes).
    Removing stm32f10x_fsmc.o(.text), (1552 bytes).
    Removing stm32f10x_i2c.o(.text), (984 bytes).
    Removing stm32f10x_iwdg.o(.text), (64 bytes).
    Removing stm32f10x_pwr.o(.text), (200 bytes).
    Removing stm32f10x_rtc.o(.text), (376 bytes).
    Removing stm32f10x_sdio.o(.text), (468 bytes).
    Removing stm32f10x_tim.o(.text), (2916 bytes).
    Removing stm32f10x_usart.o(.text), (888 bytes).
    Removing stm32f10x_wwdg.o(.text), (136 bytes).

18 unused section(s) (total 12270 bytes) removed from the image.

==============================================================================

Image Symbol Table

    Local Symbols

    Symbol Name                              Value     Ov Type        Size  Object(Section)

    ../../microlib/init/entry.s              0x00000000   Number         0  entry7.o ABSOLUTE
    ../../microlib/init/entry.s              0x00000000   Number         0  entry5.o ABSOLUTE
    ../../microlib/init/entry.s              0x00000000   Number         0  entry2.o ABSOLUTE
    ../../microlib/init/entry.s              0x00000000   Number         0  entry.o ABSOLUTE
    ../../microlib/string/memset.c           0x00000000   Number         0  memseta.o ABSOLUTE
    ../../microlib/string/strchr.c           0x00000000   Number         0  strchr.o ABSOLUTE
    ../../microlib/string/strcpy.c           0x00000000   Number         0  strcpy.o ABSOLUTE
    ../../microlib/string/strlen.c           0x00000000   Number         0  strlen.o ABSOLUTE
    ../../microlib/string/strncmp.c          0x00000000   Number         0  strncmp.o ABSOLUTE
    ../../microlib/string/strstr.c           0x00000000   Number         0  strstr.o ABSOLUTE
    ..\FWLib\src\misc.c                      0x00000000   Number         0  misc.o ABSOLUTE
    ..\FWLib\src\stm32f10x_adc.c             0x00000000   Number         0  stm32f10x_adc.o ABSOLUTE
    ..\FWLib\src\stm32f10x_bkp.c             0x00000000   Number         0  stm32f10x_bkp.o ABSOLUTE
    ..\FWLib\src\stm32f10x_can.c             0x00000000   Number         0  stm32f10x_can.o ABSOLUTE
    ..\FWLib\src\stm32f10x_crc.c             0x00000000   Number         0  stm32f10x_crc.o ABSOLUTE
    ..\FWLib\src\stm32f10x_dac.c             0x00000000   Number         0  stm32f10x_dac.o ABSOLUTE
    ..\FWLib\src\stm32f10x_dbgmcu.c          0x00000000   Number         0  stm32f10x_dbgmcu.o ABSOLUTE
    ..\FWLib\src\stm32f10x_dma.c             0x00000000   Number         0  stm32f10x_dma.o ABSOLUTE
    ..\FWLib\src\stm32f10x_exti.c            0x00000000   Number         0  stm32f10x_exti.o ABSOLUTE
    ..\FWLib\src\stm32f10x_flash.c           0x00000000   Number         0  stm32f10x_flash.o ABSOLUTE
    ..\FWLib\src\stm32f10x_fsmc.c            0x00000000   Number         0  stm32f10x_fsmc.o ABSOLUTE
    ..\FWLib\src\stm32f10x_gpio.c            0x00000000   Number         0  stm32f10x_gpio.o ABSOLUTE
    ..\FWLib\src\stm32f10x_i2c.c             0x00000000   Number         0  stm32f10x_i2c.o ABSOLUTE
    ..\FWLib\src\stm32f10x_iwdg.c            0x00000000   Number         0  stm32f10x_iwdg.o ABSOLUTE
    ..\FWLib\src\stm32f10x_pwr.c             0x00000000   Number         0  stm32f10x_pwr.o ABSOLUTE
    ..\FWLib\src\stm32f10x_rcc.c             0x00000000   Number         0  stm32f10x_rcc.o ABSOLUTE
    ..\FWLib\src\stm32f10x_rtc.c             0x00000000   Number         0  stm32f10x_rtc.o ABSOLUTE
    ..\FWLib\src\stm32f10x_sdio.c            0x00000000   Number         0  stm32f10x_sdio.o ABSOLUTE
    ..\FWLib\src\stm32f10x_spi.c             0x00000000   Number         0  stm32f10x_spi.o ABSOLUTE
    ..\FWLib\src\stm32f10x_tim.c             0x00000000   Number         0  stm32f10x_tim.o ABSOLUTE
    ..\FWLib\src\stm32f10x_usart.c           0x00000000   Number         0  stm32f10x_usart.o ABSOLUTE
    ..\FWLib\src\stm32f10x_wwdg.c            0x00000000   Number         0  stm32f10x_wwdg.o ABSOLUTE
    ..\common\common.c                       0x00000000   Number         0  common.o ABSOLUTE
    ..\common\enc28j60.c                     0x00000000   Number         0  enc28j60.o ABSOLUTE
    ..\common\ip_arp_udp_tcp.c               0x00000000   Number         0  ip_arp_udp_tcp.o ABSOLUTE
    STM32F10x.s                              0x00000000   Number         0  stm32f10x.o ABSOLUTE
    dc.s                                     0x00000000   Number         0  dc.o ABSOLUTE
    handlers.s                               0x00000000   Number         0  handlers.o ABSOLUTE
    init.s                                   0x00000000   Number         0  init.o ABSOLUTE
    web.c                                    0x00000000   Number         0  web.o ABSOLUTE
    RESET                                    0x20000000   Section      236  stm32f10x.o(RESET)
    .ARM.Collect$$$$00000000                 0x200000ec   Section        0  entry.o(.ARM.Collect$$$$00000000)
    .ARM.Collect$$$$00000001                 0x200000ec   Section        4  entry2.o(.ARM.Collect$$$$00000001)
    .ARM.Collect$$$$00000004                 0x200000f0   Section        4  entry5.o(.ARM.Collect$$$$00000004)
    .ARM.Collect$$$$00000007                 0x200000f4   Section        8  entry7.o(.ARM.Collect$$$$00000007)
    .ARM.Collect$$$$00002712                 0x200000fc   Section        4  entry2.o(.ARM.Collect$$$$00002712)
    __lit__00000000                          0x200000fc   Data           4  entry2.o(.ARM.Collect$$$$00002712)
    .text                                    0x20000100   Section       28  stm32f10x.o(.text)
    .text                                    0x2000011c   Section        0  web.o(.text)
    .text                                    0x20000960   Section        0  common.o(.text)
    usprintf                                 0x20000d21   Thumb Code   174  common.o(.text)
    .text                                    0x200010f4   Section        0  enc28j60.o(.text)
    .text                                    0x20001744   Section        0  ip_arp_udp_tcp.o(.text)
    .text                                    0x20001e5c   Section        0  misc.o(.text)
    .text                                    0x20001f54   Section        0  stm32f10x_flash.o(.text)
    delay                                    0x20001fdf   Thumb Code    14  stm32f10x_flash.o(.text)
    .text                                    0x20002484   Section        0  stm32f10x_gpio.o(.text)
    .text                                    0x200027b0   Section        0  stm32f10x_rcc.o(.text)
    .text                                    0x20002b50   Section        0  stm32f10x_spi.o(.text)
    .text                                    0x20002e54   Section        0  memseta.o(.text)
    .text                                    0x20002e7a   Section        0  strstr.o(.text)
    .text                                    0x20002ea6   Section        0  strchr.o(.text)
    .text                                    0x20002eb8   Section        0  strlen.o(.text)
    .text                                    0x20002ec8   Section        0  strcpy.o(.text)
    .text                                    0x20002eda   Section        0  strncmp.o(.text)
    .text                                    0x20002ef8   Section       36  init.o(.text)
    i.__scatterload_copy                     0x20002f1c   Section       14  handlers.o(i.__scatterload_copy)
    i.__scatterload_null                     0x20002f2a   Section        2  handlers.o(i.__scatterload_null)
    i.__scatterload_zeroinit                 0x20002f2c   Section       14  handlers.o(i.__scatterload_zeroinit)
    .constdata                               0x20002f3c   Section      148  web.o(.constdata)
    .constdata                               0x20002fd0   Section       17  common.o(.constdata)
    hextbl                                   0x20002fd0   Data          17  common.o(.constdata)
    .data                                    0x20008000   Section       61  web.o(.data)
    myip                                     0x20008000   Data           4  web.o(.data)
    password                                 0x20008004   Data           9  web.o(.data)
    mi                                       0x2000803c   Data           1  web.o(.data)
    .data                                    0x2000803e   Section        5  common.o(.data)
    .data                                    0x20008044   Section       20  ip_arp_udp_tcp.o(.data)
    wwwport                                  0x20008044   Data           1  ip_arp_udp_tcp.o(.data)
    info_hdr_len                             0x20008046   Data           2  ip_arp_udp_tcp.o(.data)
    info_data_len                            0x20008048   Data           2  ip_arp_udp_tcp.o(.data)
    seqnum                                   0x2000804a   Data           1  ip_arp_udp_tcp.o(.data)
    lastSrcPort                              0x2000804c   Data           2  ip_arp_udp_tcp.o(.data)
    macaddr                                  0x2000804e   Data           6  ip_arp_udp_tcp.o(.data)
    ipaddr                                   0x20008054   Data           4  ip_arp_udp_tcp.o(.data)
    .data                                    0x20008058   Section       20  stm32f10x_rcc.o(.data)
    APBAHBPrescTable                         0x20008058   Data          16  stm32f10x_rcc.o(.data)
    ADCPrescTable                            0x20008068   Data           4  stm32f10x_rcc.o(.data)
    .bss                                     0x2000806c   Section     1501  web.o(.bss)
    packet                                   0x2000806c   Data        1501  web.o(.bss)
    .bss                                     0x2000864c   Section      202  common.o(.bss)
    STACK                                    0x20008718   Section      512  stm32f10x.o(STACK)

    Global Symbols

    Symbol Name                              Value     Ov Type        Size  Object(Section)

    BuildAttributes$$THM_ISAv4$P$D$K$B$S$PE$A:L22UL41UL21$X:L11$S22US41US21$IEEE1$IW$USESV6$~STKCKD$USESV7$~SHL$OSPACE$EBA8$MICROLIB$REQ8$PRES8$EABIv2 0x00000000   Number         0  anon$$obj.o ABSOLUTE
    __ARM_use_no_argv                        0x00000000   Number         0  web.o ABSOLUTE
    __decompress                              - Undefined Weak Reference
    __Vectors                                0x20000000   Data           4  stm32f10x.o(RESET)
    __main                                   0x200000ed   Thumb Code     0  entry.o(.ARM.Collect$$$$00000000)
    _main_stk                                0x200000ed   Thumb Code     0  entry2.o(.ARM.Collect$$$$00000001)
    _main_scatterload                        0x200000f1   Thumb Code     0  entry5.o(.ARM.Collect$$$$00000004)
    __main_after_scatterload                 0x200000f5   Thumb Code     0  entry5.o(.ARM.Collect$$$$00000004)
    _main_init                               0x200000f5   Thumb Code     0  entry7.o(.ARM.Collect$$$$00000007)
    Reset_Handler                            0x20000101   Thumb Code     4  stm32f10x.o(.text)
    NMI_Handler                              0x20000105   Thumb Code     2  stm32f10x.o(.text)
    HardFault_Handler                        0x20000107   Thumb Code     2  stm32f10x.o(.text)
    MemManage_Handler                        0x20000109   Thumb Code     2  stm32f10x.o(.text)
    BusFault_Handler                         0x2000010b   Thumb Code     2  stm32f10x.o(.text)
    UsageFault_Handler                       0x2000010d   Thumb Code     2  stm32f10x.o(.text)
    SVC_Handler                              0x2000010f   Thumb Code     2  stm32f10x.o(.text)
    DebugMon_Handler                         0x20000111   Thumb Code     2  stm32f10x.o(.text)
    PendSV_Handler                           0x20000113   Thumb Code     2  stm32f10x.o(.text)
    SysTick_Handler                          0x20000115   Thumb Code     2  stm32f10x.o(.text)
    ADC_IRQHandler                           0x20000117   Thumb Code     0  stm32f10x.o(.text)
    CAN_RX1_IRQHandler                       0x20000117   Thumb Code     0  stm32f10x.o(.text)
    CAN_SCE_IRQHandler                       0x20000117   Thumb Code     0  stm32f10x.o(.text)
    DMAChannel1_IRQHandler                   0x20000117   Thumb Code     0  stm32f10x.o(.text)
    DMAChannel2_IRQHandler                   0x20000117   Thumb Code     0  stm32f10x.o(.text)
    DMAChannel3_IRQHandler                   0x20000117   Thumb Code     0  stm32f10x.o(.text)
    DMAChannel4_IRQHandler                   0x20000117   Thumb Code     0  stm32f10x.o(.text)
    DMAChannel5_IRQHandler                   0x20000117   Thumb Code     0  stm32f10x.o(.text)
    DMAChannel6_IRQHandler                   0x20000117   Thumb Code     0  stm32f10x.o(.text)
    DMAChannel7_IRQHandler                   0x20000117   Thumb Code     0  stm32f10x.o(.text)
    EXTI0_IRQHandler                         0x20000117   Thumb Code     0  stm32f10x.o(.text)
    EXTI15_10_IRQHandler                     0x20000117   Thumb Code     0  stm32f10x.o(.text)
    EXTI1_IRQHandler                         0x20000117   Thumb Code     0  stm32f10x.o(.text)
    EXTI2_IRQHandler                         0x20000117   Thumb Code     0  stm32f10x.o(.text)
    EXTI3_IRQHandler                         0x20000117   Thumb Code     0  stm32f10x.o(.text)
    EXTI4_IRQHandler                         0x20000117   Thumb Code     0  stm32f10x.o(.text)
    EXTI9_5_IRQHandler                       0x20000117   Thumb Code     0  stm32f10x.o(.text)
    FLASH_IRQHandler                         0x20000117   Thumb Code     0  stm32f10x.o(.text)
    I2C1_ER_IRQHandler                       0x20000117   Thumb Code     0  stm32f10x.o(.text)
    I2C1_EV_IRQHandler                       0x20000117   Thumb Code     0  stm32f10x.o(.text)
    I2C2_ER_IRQHandler                       0x20000117   Thumb Code     0  stm32f10x.o(.text)
    I2C2_EV_IRQHandler                       0x20000117   Thumb Code     0  stm32f10x.o(.text)
    PVD_IRQHandler                           0x20000117   Thumb Code     0  stm32f10x.o(.text)
    RCC_IRQHandler                           0x20000117   Thumb Code     0  stm32f10x.o(.text)
    RTCAlarm_IRQHandler                      0x20000117   Thumb Code     0  stm32f10x.o(.text)
    RTC_IRQHandler                           0x20000117   Thumb Code     0  stm32f10x.o(.text)
    SPI1_IRQHandler                          0x20000117   Thumb Code     0  stm32f10x.o(.text)
    SPI2_IRQHandler                          0x20000117   Thumb Code     0  stm32f10x.o(.text)
    TAMPER_IRQHandler                        0x20000117   Thumb Code     0  stm32f10x.o(.text)
    TIM1_BRK_IRQHandler                      0x20000117   Thumb Code     0  stm32f10x.o(.text)
    TIM1_CC_IRQHandler                       0x20000117   Thumb Code     0  stm32f10x.o(.text)
    TIM1_TRG_COM_IRQHandler                  0x20000117   Thumb Code     0  stm32f10x.o(.text)
    TIM1_UP_IRQHandler                       0x20000117   Thumb Code     0  stm32f10x.o(.text)
    TIM2_IRQHandler                          0x20000117   Thumb Code     0  stm32f10x.o(.text)
    TIM3_IRQHandler                          0x20000117   Thumb Code     0  stm32f10x.o(.text)
    TIM4_IRQHandler                          0x20000117   Thumb Code     0  stm32f10x.o(.text)
    USART1_IRQHandler                        0x20000117   Thumb Code     0  stm32f10x.o(.text)
    USART2_IRQHandler                        0x20000117   Thumb Code     0  stm32f10x.o(.text)
    USART3_IRQHandler                        0x20000117   Thumb Code     0  stm32f10x.o(.text)
    USBWakeUp_IRQHandler                     0x20000117   Thumb Code     0  stm32f10x.o(.text)
    USB_HP_CAN_TX_IRQHandler                 0x20000117   Thumb Code     0  stm32f10x.o(.text)
    USB_LP_CAN_RX0_IRQHandler                0x20000117   Thumb Code     0  stm32f10x.o(.text)
    WWDG_IRQHandler                          0x20000117   Thumb Code     0  stm32f10x.o(.text)
    verify_password                          0x2000011d   Thumb Code    24  web.o(.text)
    analyse_get_url                          0x20000135   Thumb Code    84  web.o(.text)
    moved_perm                               0x20000189   Thumb Code    68  web.o(.text)
    print_webpage                            0x200001cd   Thumb Code   114  web.o(.text)
    RCC_Config                               0x2000023f   Thumb Code   134  web.o(.text)
    GPIO_Config                              0x200002c5   Thumb Code   216  web.o(.text)
    NVIC_Config                              0x2000039d   Thumb Code    22  web.o(.text)
    main                                     0x200003b3   Thumb Code  1192  web.o(.text)
    NIC_sendPacket                           0x2000085b   Thumb Code    32  web.o(.text)
    trimleft                                 0x20000961   Thumb Code    22  common.o(.text)
    memcpy32                                 0x20000977   Thumb Code   288  common.o(.text)
    strchar                                  0x20000a97   Thumb Code    34  common.o(.text)
    ltoa                                     0x20000ab9   Thumb Code    72  common.o(.text)
    is_ascii                                 0x20000b01   Thumb Code    12  common.o(.text)
    delayXusec                               0x20000b0d   Thumb Code    26  common.o(.text)
    delayXmsec                               0x20000b27   Thumb Code    24  common.o(.text)
    Timer_stop                               0x20000b3f   Thumb Code    54  common.o(.text)
    Timer_isStepping                         0x20000b75   Thumb Code    40  common.o(.text)
    Timer_start                              0x20000b9d   Thumb Code    60  common.o(.text)
    delayXmsecTick                           0x20000bd9   Thumb Code    34  common.o(.text)
    Timer_OnTick                             0x20000bfb   Thumb Code    72  common.o(.text)
    Timer_scan                               0x20000c43   Thumb Code    68  common.o(.text)
    Timer_init                               0x20000c87   Thumb Code   138  common.o(.text)
    hexchar                                  0x20000d11   Thumb Code    16  common.o(.text)
    MsgLine_allocate                         0x20000dcf   Thumb Code   130  common.o(.text)
    MsgLine_log                              0x20000e51   Thumb Code    88  common.o(.text)
    hexchval                                 0x20000ea9   Thumb Code    54  common.o(.text)
    hex2int                                  0x20000edf   Thumb Code    62  common.o(.text)
    MsgLine_init                             0x20000f1d   Thumb Code    12  common.o(.text)
    MsgLine_free                             0x20000f29   Thumb Code    44  common.o(.text)
    MsgLine_recv                             0x20000f55   Thumb Code   202  common.o(.text)
    Blink_tick                               0x2000101f   Thumb Code    62  common.o(.text)
    Blink_config                             0x2000105d   Thumb Code    16  common.o(.text)
    Blink_configByUri                        0x2000106d   Thumb Code    86  common.o(.text)
    Blink_isActive                           0x200010c3   Thumb Code    32  common.o(.text)
    ENC28J60_readOp                          0x200010f5   Thumb Code   134  enc28j60.o(.text)
    ENC28J60_writeOp                         0x2000117b   Thumb Code    82  enc28j60.o(.text)
    ENC28J60_readBuf                         0x200011cd   Thumb Code    98  enc28j60.o(.text)
    ENC28J60_writeBuf                        0x2000122f   Thumb Code    84  enc28j60.o(.text)
    ENC28J60_setBank                         0x20001283   Thumb Code    54  enc28j60.o(.text)
    ENC28J60_read                            0x200012b9   Thumb Code    26  enc28j60.o(.text)
    ENC28J60_write                           0x200012d3   Thumb Code    30  enc28j60.o(.text)
    ENC28J60_PhyWrite                        0x200012f1   Thumb Code    54  enc28j60.o(.text)
    ENC28J60_PhyReadH                        0x20001327   Thumb Code    68  enc28j60.o(.text)
    ENC28J60_clkout                          0x2000136b   Thumb Code    20  enc28j60.o(.text)
    ENC28J60_init                            0x2000137f   Thumb Code   562  enc28j60.o(.text)
    ENC28J60_getRev                          0x200015b1   Thumb Code    14  enc28j60.o(.text)
    ENC28J60_linkup                          0x200015bf   Thumb Code    24  enc28j60.o(.text)
    ENC28J60_sendPacket                      0x200015d7   Thumb Code   122  enc28j60.o(.text)
    ENC28J60_recvPacket                      0x20001651   Thumb Code   224  enc28j60.o(.text)
    ENC28J60_linkStatus                      0x20001731   Thumb Code    20  enc28j60.o(.text)
    checksum                                 0x20001745   Thumb Code    84  ip_arp_udp_tcp.o(.text)
    init_ip_arp_udp_tcp                      0x20001799   Thumb Code    48  ip_arp_udp_tcp.o(.text)
    eth_type_is_arp_and_my_ip                0x200017c9   Thumb Code    66  ip_arp_udp_tcp.o(.text)
    eth_type_is_ip_and_my_ip                 0x2000180b   Thumb Code    74  ip_arp_udp_tcp.o(.text)
    make_eth                                 0x20001855   Thumb Code    38  ip_arp_udp_tcp.o(.text)
    fill_ip_hdr_checksum                     0x2000187b   Thumb Code    44  ip_arp_udp_tcp.o(.text)
    make_ip                                  0x200018a7   Thumb Code    54  ip_arp_udp_tcp.o(.text)
    make_tcphead                             0x200018dd   Thumb Code   182  ip_arp_udp_tcp.o(.text)
    arp_answer_from_request                  0x20001993   Thumb Code   100  ip_arp_udp_tcp.o(.text)
    echo_reply_from_request                  0x200019f7   Thumb Code    70  ip_arp_udp_tcp.o(.text)
    udp_reply_from_request                   0x20001a3d   Thumb Code   146  ip_arp_udp_tcp.o(.text)
    tcp_synack_from_syn                      0x20001acf   Thumb Code    84  ip_arp_udp_tcp.o(.text)
    get_tcp_data_pointer                     0x20001b23   Thumb Code    20  ip_arp_udp_tcp.o(.text)
    init_len_info                            0x20001b37   Thumb Code    66  ip_arp_udp_tcp.o(.text)
    fill_tcp_data_p                          0x20001b79   Thumb Code    56  ip_arp_udp_tcp.o(.text)
    fill_tcp_data                            0x20001bb1   Thumb Code    30  ip_arp_udp_tcp.o(.text)
    tcp_ack_from_any                         0x20001bcf   Thumb Code   108  ip_arp_udp_tcp.o(.text)
    tcp_ack_with_data                        0x20001c3b   Thumb Code    90  ip_arp_udp_tcp.o(.text)
    fill_udp_data_p                          0x20001c95   Thumb Code    62  ip_arp_udp_tcp.o(.text)
    udp_reply_with_data                      0x20001cd3   Thumb Code   128  ip_arp_udp_tcp.o(.text)
    mcast                                    0x20001d53   Thumb Code   248  ip_arp_udp_tcp.o(.text)
    NVIC_PriorityGroupConfig                 0x20001e5d   Thumb Code    10  misc.o(.text)
    NVIC_Init                                0x20001e67   Thumb Code   118  misc.o(.text)
    NVIC_SetVectorTable                      0x20001edd   Thumb Code    12  misc.o(.text)
    NVIC_SystemLPConfig                      0x20001ee9   Thumb Code    38  misc.o(.text)
    SysTick_CLKSourceConfig                  0x20001f0f   Thumb Code    40  misc.o(.text)
    FLASH_SetLatency                         0x20001f55   Thumb Code    18  stm32f10x_flash.o(.text)
    FLASH_HalfCycleAccessCmd                 0x20001f67   Thumb Code    22  stm32f10x_flash.o(.text)
    FLASH_PrefetchBufferCmd                  0x20001f7d   Thumb Code    22  stm32f10x_flash.o(.text)
    FLASH_Unlock                             0x20001f93   Thumb Code    12  stm32f10x_flash.o(.text)
    FLASH_Lock                               0x20001f9f   Thumb Code    14  stm32f10x_flash.o(.text)
    FLASH_GetStatus                          0x20001fad   Thumb Code    50  stm32f10x_flash.o(.text)
    FLASH_WaitForLastOperation               0x20001fed   Thumb Code    42  stm32f10x_flash.o(.text)
    FLASH_ErasePage                          0x20002017   Thumb Code    76  stm32f10x_flash.o(.text)
    FLASH_EraseAllPages                      0x20002063   Thumb Code    72  stm32f10x_flash.o(.text)
    FLASH_EraseOptionBytes                   0x200020ab   Thumb Code   144  stm32f10x_flash.o(.text)
    FLASH_ProgramWord                        0x2000213b   Thumb Code   100  stm32f10x_flash.o(.text)
    FLASH_ProgramHalfWord                    0x2000219f   Thumb Code    64  stm32f10x_flash.o(.text)
    FLASH_ProgramOptionByteData              0x200021df   Thumb Code    72  stm32f10x_flash.o(.text)
    FLASH_EnableWriteProtection              0x20002227   Thumb Code   178  stm32f10x_flash.o(.text)
    FLASH_ReadOutProtection                  0x200022d9   Thumb Code   186  stm32f10x_flash.o(.text)
    FLASH_UserOptionByteConfig               0x20002393   Thumb Code    94  stm32f10x_flash.o(.text)
    FLASH_GetUserOptionByte                  0x200023f1   Thumb Code     8  stm32f10x_flash.o(.text)
    FLASH_GetWriteProtectionOptionByte       0x200023f9   Thumb Code     6  stm32f10x_flash.o(.text)
    FLASH_GetReadOutProtectionStatus         0x200023ff   Thumb Code    20  stm32f10x_flash.o(.text)
    FLASH_GetPrefetchBufferStatus            0x20002413   Thumb Code    20  stm32f10x_flash.o(.text)
    FLASH_ITConfig                           0x20002427   Thumb Code    26  stm32f10x_flash.o(.text)
    FLASH_GetFlagStatus                      0x20002441   Thumb Code    42  stm32f10x_flash.o(.text)
    FLASH_ClearFlag                          0x2000246b   Thumb Code     6  stm32f10x_flash.o(.text)
    GPIO_DeInit                              0x20002485   Thumb Code   188  stm32f10x_gpio.o(.text)
    GPIO_AFIODeInit                          0x20002541   Thumb Code    20  stm32f10x_gpio.o(.text)
    GPIO_Init                                0x20002555   Thumb Code   274  stm32f10x_gpio.o(.text)
    GPIO_StructInit                          0x20002667   Thumb Code    16  stm32f10x_gpio.o(.text)
    GPIO_ReadInputDataBit                    0x20002677   Thumb Code    18  stm32f10x_gpio.o(.text)
    GPIO_ReadInputData                       0x20002689   Thumb Code     8  stm32f10x_gpio.o(.text)
    GPIO_ReadOutputDataBit                   0x20002691   Thumb Code    18  stm32f10x_gpio.o(.text)
    GPIO_ReadOutputData                      0x200026a3   Thumb Code     8  stm32f10x_gpio.o(.text)
    GPIO_SetBits                             0x200026ab   Thumb Code     4  stm32f10x_gpio.o(.text)
    GPIO_ResetBits                           0x200026af   Thumb Code     4  stm32f10x_gpio.o(.text)
    GPIO_WriteBit                            0x200026b3   Thumb Code    10  stm32f10x_gpio.o(.text)
    GPIO_Write                               0x200026bd   Thumb Code     4  stm32f10x_gpio.o(.text)
    GPIO_PinLockConfig                       0x200026c1   Thumb Code    18  stm32f10x_gpio.o(.text)
    GPIO_EventOutputConfig                   0x200026d3   Thumb Code    26  stm32f10x_gpio.o(.text)
    GPIO_EventOutputCmd                      0x200026ed   Thumb Code     6  stm32f10x_gpio.o(.text)
    GPIO_PinRemapConfig                      0x200026f3   Thumb Code   106  stm32f10x_gpio.o(.text)
    GPIO_EXTILineConfig                      0x2000275d   Thumb Code    66  stm32f10x_gpio.o(.text)
    RCC_DeInit                               0x200027b1   Thumb Code    62  stm32f10x_rcc.o(.text)
    RCC_HSEConfig                            0x200027ef   Thumb Code    70  stm32f10x_rcc.o(.text)
    RCC_GetFlagStatus                        0x20002835   Thumb Code    56  stm32f10x_rcc.o(.text)
    RCC_WaitForHSEStartUp                    0x2000286d   Thumb Code    46  stm32f10x_rcc.o(.text)
    RCC_AdjustHSICalibrationValue            0x2000289b   Thumb Code    20  stm32f10x_rcc.o(.text)
    RCC_HSICmd                               0x200028af   Thumb Code     6  stm32f10x_rcc.o(.text)
    RCC_PLLConfig                            0x200028b5   Thumb Code    24  stm32f10x_rcc.o(.text)
    RCC_PLLCmd                               0x200028cd   Thumb Code     6  stm32f10x_rcc.o(.text)
    RCC_SYSCLKConfig                         0x200028d3   Thumb Code    18  stm32f10x_rcc.o(.text)
    RCC_GetSYSCLKSource                      0x200028e5   Thumb Code    10  stm32f10x_rcc.o(.text)
    RCC_HCLKConfig                           0x200028ef   Thumb Code    18  stm32f10x_rcc.o(.text)
    RCC_PCLK1Config                          0x20002901   Thumb Code    18  stm32f10x_rcc.o(.text)
    RCC_PCLK2Config                          0x20002913   Thumb Code    20  stm32f10x_rcc.o(.text)
    RCC_ITConfig                             0x20002927   Thumb Code    30  stm32f10x_rcc.o(.text)
    RCC_USBCLKConfig                         0x20002945   Thumb Code     6  stm32f10x_rcc.o(.text)
    RCC_ADCCLKConfig                         0x2000294b   Thumb Code    18  stm32f10x_rcc.o(.text)
    RCC_LSEConfig                            0x2000295d   Thumb Code    44  stm32f10x_rcc.o(.text)
    RCC_LSICmd                               0x20002989   Thumb Code     6  stm32f10x_rcc.o(.text)
    RCC_RTCCLKConfig                         0x2000298f   Thumb Code    12  stm32f10x_rcc.o(.text)
    RCC_RTCCLKCmd                            0x2000299b   Thumb Code     6  stm32f10x_rcc.o(.text)
    RCC_GetClocksFreq                        0x200029a1   Thumb Code   192  stm32f10x_rcc.o(.text)
    RCC_AHBPeriphClockCmd                    0x20002a61   Thumb Code    26  stm32f10x_rcc.o(.text)
    RCC_APB2PeriphClockCmd                   0x20002a7b   Thumb Code    26  stm32f10x_rcc.o(.text)
    RCC_APB1PeriphClockCmd                   0x20002a95   Thumb Code    26  stm32f10x_rcc.o(.text)
    RCC_APB2PeriphResetCmd                   0x20002aaf   Thumb Code    26  stm32f10x_rcc.o(.text)
    RCC_APB1PeriphResetCmd                   0x20002ac9   Thumb Code    26  stm32f10x_rcc.o(.text)
    RCC_BackupResetCmd                       0x20002ae3   Thumb Code     6  stm32f10x_rcc.o(.text)
    RCC_ClockSecuritySystemCmd               0x20002ae9   Thumb Code     6  stm32f10x_rcc.o(.text)
    RCC_MCOConfig                            0x20002aef   Thumb Code     6  stm32f10x_rcc.o(.text)
    RCC_ClearFlag                            0x20002af5   Thumb Code    14  stm32f10x_rcc.o(.text)
    RCC_GetITStatus                          0x20002b03   Thumb Code    20  stm32f10x_rcc.o(.text)
    RCC_ClearITPendingBit                    0x20002b17   Thumb Code     6  stm32f10x_rcc.o(.text)
    SPI_I2S_DeInit                           0x20002b51   Thumb Code    88  stm32f10x_spi.o(.text)
    SPI_Init                                 0x20002ba9   Thumb Code    60  stm32f10x_spi.o(.text)
    I2S_Init                                 0x20002be5   Thumb Code   206  stm32f10x_spi.o(.text)
    SPI_StructInit                           0x20002cb3   Thumb Code    24  stm32f10x_spi.o(.text)
    I2S_StructInit                           0x20002ccb   Thumb Code    20  stm32f10x_spi.o(.text)
    SPI_Cmd                                  0x20002cdf   Thumb Code    24  stm32f10x_spi.o(.text)
    I2S_Cmd                                  0x20002cf7   Thumb Code    24  stm32f10x_spi.o(.text)
    SPI_I2S_ITConfig                         0x20002d0f   Thumb Code    36  stm32f10x_spi.o(.text)
    SPI_I2S_DMACmd                           0x20002d33   Thumb Code    24  stm32f10x_spi.o(.text)
    SPI_I2S_SendData                         0x20002d4b   Thumb Code     4  stm32f10x_spi.o(.text)
    SPI_I2S_ReceiveData                      0x20002d4f   Thumb Code     6  stm32f10x_spi.o(.text)
    SPI_NSSInternalSoftwareConfig            0x20002d55   Thumb Code    30  stm32f10x_spi.o(.text)
    SPI_SSOutputCmd                          0x20002d73   Thumb Code    24  stm32f10x_spi.o(.text)
    SPI_DataSizeConfig                       0x20002d8b   Thumb Code    18  stm32f10x_spi.o(.text)
    SPI_TransmitCRC                          0x20002d9d   Thumb Code    10  stm32f10x_spi.o(.text)
    SPI_CalculateCRC                         0x20002da7   Thumb Code    24  stm32f10x_spi.o(.text)
    SPI_GetCRC                               0x20002dbf   Thumb Code    16  stm32f10x_spi.o(.text)
    SPI_GetCRCPolynomial                     0x20002dcf   Thumb Code     6  stm32f10x_spi.o(.text)
    SPI_BiDirectionalLineConfig              0x20002dd5   Thumb Code    28  stm32f10x_spi.o(.text)
    SPI_I2S_GetFlagStatus                    0x20002df1   Thumb Code    18  stm32f10x_spi.o(.text)
    SPI_I2S_ClearFlag                        0x20002e03   Thumb Code     6  stm32f10x_spi.o(.text)
    SPI_I2S_GetITStatus                      0x20002e09   Thumb Code    52  stm32f10x_spi.o(.text)
    SPI_I2S_ClearITPendingBit                0x20002e3d   Thumb Code    20  stm32f10x_spi.o(.text)
    __aeabi_memset                           0x20002e55   Thumb Code    14  memseta.o(.text)
    __aeabi_memset4                          0x20002e55   Thumb Code     0  memseta.o(.text)
    __aeabi_memset8                          0x20002e55   Thumb Code     0  memseta.o(.text)
    __aeabi_memclr                           0x20002e63   Thumb Code     4  memseta.o(.text)
    __aeabi_memclr4                          0x20002e63   Thumb Code     0  memseta.o(.text)
    __aeabi_memclr8                          0x20002e63   Thumb Code     0  memseta.o(.text)
    _memset$wrapper                          0x20002e67   Thumb Code    20  memseta.o(.text)
    strstr                                   0x20002e7b   Thumb Code    44  strstr.o(.text)
    strchr                                   0x20002ea7   Thumb Code    18  strchr.o(.text)
    strlen                                   0x20002eb9   Thumb Code    16  strlen.o(.text)
    strcpy                                   0x20002ec9   Thumb Code    18  strcpy.o(.text)
    strncmp                                  0x20002edb   Thumb Code    30  strncmp.o(.text)
    __scatterload                            0x20002ef9   Thumb Code    28  init.o(.text)
    __scatterload_rt2                        0x20002ef9   Thumb Code     0  init.o(.text)
    __scatterload_copy                       0x20002f1d   Thumb Code    14  handlers.o(i.__scatterload_copy)
    __scatterload_null                       0x20002f2b   Thumb Code     2  handlers.o(i.__scatterload_null)
    __scatterload_zeroinit                   0x20002f2d   Thumb Code    14  handlers.o(i.__scatterload_zeroinit)
    Region$$Table$$Base                      0x20002fe4   Number         0  anon$$obj.o(Region$$Table)
    Region$$Table$$Limit                     0x20003004   Number         0  anon$$obj.o(Region$$Table)
    nic                                      0x20008010   Data          40  web.o(.data)
    groupIp                                  0x20008038   Data           4  web.o(.data)
    timer_bitmap_enable                      0x2000803e   Data           2  common.o(.data)
    timer_bitmap_inPending                   0x20008040   Data           2  common.o(.data)
    _standAloneSysTick                       0x20008042   Data           1  common.o(.data)
    timer_tbl                                0x2000864c   Data          36  common.o(.bss)
    _pendingLines                            0x20008670   Data         166  common.o(.bss)
    __initial_sp                             0x20008918   Data           0  stm32f10x.o(STACK)



==============================================================================

Memory Map of the image

  Image Entry point : 0x200000ed

  Load Region LR_IROM1 (Base: 0x20000000, Size: 0x00003070, Max: 0x00008000, ABSOLUTE)

    Execution Region ER_IROM1 (Base: 0x20000000, Size: 0x00003004, Max: 0x00008000, ABSOLUTE)

    Base Addr    Size         Type   Attr      Idx    E Section Name        Object

    0x20000000   0x000000ec   Data   RO            3    RESET               stm32f10x.o
    0x200000ec   0x00000000   Code   RO          489  * .ARM.Collect$$$$00000000  mc_w.l(entry.o)(mc_w.l)
    0x200000ec   0x00000004   Code   RO          504    .ARM.Collect$$$$00000001  mc_w.l(entry2.o)(mc_w.l)
    0x200000f0   0x00000004   Code   RO          507    .ARM.Collect$$$$00000004  mc_w.l(entry5.o)(mc_w.l)
    0x200000f4   0x00000008   Code   RO          508    .ARM.Collect$$$$00000007  mc_w.l(entry7.o)(mc_w.l)
    0x200000fc   0x00000004   Code   RO          505    .ARM.Collect$$$$00002712  mc_w.l(entry2.o)(mc_w.l)
    0x20000100   0x0000001c   Code   RO            4    .text               stm32f10x.o
    0x2000011c   0x00000844   Code   RO           10    .text               web.o
    0x20000960   0x00000794   Code   RO           95    .text               common.o
    0x200010f4   0x00000650   Code   RO          133    .text               enc28j60.o
    0x20001744   0x00000718   Code   RO          155    .text               ip_arp_udp_tcp.o
    0x20001e5c   0x000000f8   Code   RO          175    .text               misc.o
    0x20001f54   0x00000530   Code   RO          304    .text               stm32f10x_flash.o
    0x20002484   0x0000032c   Code   RO          331    .text               stm32f10x_gpio.o
    0x200027b0   0x000003a0   Code   RO          388    .text               stm32f10x_rcc.o
    0x20002b50   0x00000304   Code   RO          432    .text               stm32f10x_spi.o
    0x20002e54   0x00000026   Code   RO          492    .text               mc_w.l(memseta.o)(mc_w.l)
    0x20002e7a   0x0000002c   Code   RO          494    .text               mc_w.l(strstr.o)(mc_w.l)
    0x20002ea6   0x00000012   Code   RO          496    .text               mc_w.l(strchr.o)(mc_w.l)
    0x20002eb8   0x00000010   Code   RO          498    .text               mc_w.l(strlen.o)(mc_w.l)
    0x20002ec8   0x00000012   Code   RO          500    .text               mc_w.l(strcpy.o)(mc_w.l)
    0x20002eda   0x0000001e   Code   RO          502    .text               mc_w.l(strncmp.o)(mc_w.l)
    0x20002ef8   0x00000024   Code   RO          509    .text               mc_w.l(init.o)(mc_w.l)
    0x20002f1c   0x0000000e   Code   RO          513    i.__scatterload_copy  mc_w.l(handlers.o)(mc_w.l)
    0x20002f2a   0x00000002   Code   RO          514    i.__scatterload_null  mc_w.l(handlers.o)(mc_w.l)
    0x20002f2c   0x0000000e   Code   RO          515    i.__scatterload_zeroinit  mc_w.l(handlers.o)(mc_w.l)
    0x20002f3a   0x00000002   PAD
    0x20002f3c   0x00000094   Data   RO           12    .constdata          web.o
    0x20002fd0   0x00000011   Data   RO           97    .constdata          common.o
    0x20002fe1   0x00000003   PAD
    0x20002fe4   0x00000020   Data   RO          511    Region$$Table       anon$$obj.o


    Execution Region RW_IRAM1 (Base: 0x20008000, Size: 0x00000918, Max: 0x00008000, ABSOLUTE)

    Base Addr    Size         Type   Attr      Idx    E Section Name        Object

    0x20008000   0x0000003d   Data   RW           13    .data               web.o
    0x2000803d   0x00000001   PAD
    0x2000803e   0x00000005   Data   RW           98    .data               common.o
    0x20008043   0x00000001   PAD
    0x20008044   0x00000014   Data   RW          156    .data               ip_arp_udp_tcp.o
    0x20008058   0x00000014   Data   RW          389    .data               stm32f10x_rcc.o
    0x2000806c   0x000005dd   Zero   RW           11    .bss                web.o
    0x20008649   0x00000003   PAD
    0x2000864c   0x000000ca   Zero   RW           96    .bss                common.o
    0x20008716   0x00000002   PAD
    0x20008718   0x00000200   Zero   RW            1    STACK               stm32f10x.o


==============================================================================

Image component sizes


      Code (inc. data)   RO Data    RW Data    ZI Data      Debug   Object Name

      1940         50         17          5        202          0   common.o
      1616          0          0          0          0          0   enc28j60.o
      1816         44          0         20          0          0   ip_arp_udp_tcp.o
       248         30          0          0          0          0   misc.o
        28          4        236          0        512          0   stm32f10x.o
      1328         50          0          0          0          0   stm32f10x_flash.o
       812         18          0          0          0          0   stm32f10x_gpio.o
       928         52          0         20          0          0   stm32f10x_rcc.o
       772          4          0          0          0          0   stm32f10x_spi.o
      2116        722        148         61       1501          0   web.o

    ----------------------------------------------------------------------
     11604        974        436        108       2220          0   Object Totals
         0          0         32          0          0          0   (incl. Generated)
         0          0          3          2          5          0   (incl. Padding)

    ----------------------------------------------------------------------

      Code (inc. data)   RO Data    RW Data    ZI Data      Debug   Library Member Name

         0          0          0          0          0          0   entry.o
         8          4          0          0          0          0   entry2.o
         4          0          0          0          0          0   entry5.o
         8          4          0          0          0          0   entry7.o
        30          0          0          0          0          0   handlers.o
        36          8          0          0          0          0   init.o
        38          0          0          0          0          0   memseta.o
        18          0          0          0          0          0   strchr.o
        18          0          0          0          0          0   strcpy.o
        16          0          0          0          0          0   strlen.o
        30          0          0          0          0          0   strncmp.o
        44          0          0          0          0          0   strstr.o

    ----------------------------------------------------------------------
       252         16          0          0          0          0   Library Totals
         2          0          0          0          0          0   (incl. Padding)

    ----------------------------------------------------------------------

      Code (inc. data)   RO Data    RW Data    ZI Data      Debug   Library Name

       250         16          0          0          0        540   mc_w.l

    ----------------------------------------------------------------------
       252         16          0          0          0          0   Library Totals

    ----------------------------------------------------------------------

==============================================================================


      Code (inc. data)   RO Data    RW Data    ZI Data      Debug   

     11856        990        436        108       2220     503440   Grand Totals
     11856        990        436        108       2220     503440   ELF Image Totals
     11856        990        436        108          0          0   ROM Totals

==============================================================================

    Total RO  Size (Code + RO Data)                12292 (  12.00kB)
    Total RW  Size (RW Data + ZI Data)              2328 (   2.27kB)
    Total ROM Size (Code + RO Data + RW Data)      12400 (  12.11kB)

==============================================================================

