ARM Linker, 4.1 [Build 481] [Standard]

==============================================================================

Section Cross References

    init.o(INIT) refers to entry.o(.ARM.Collect$$$$00000000) for __main
    nrf24l01.o(i.SPI_RW) refers to stm32f10x_spi.o(i.SPI_I2S_GetFlagStatus) for SPI_I2S_GetFlagStatus
    nrf24l01.o(i.SPI_RW) refers to stm32f10x_spi.o(i.SPI_I2S_SendData) for SPI_I2S_SendData
    nrf24l01.o(i.SPI_RW) refers to stm32f10x_spi.o(i.SPI_I2S_ReceiveData) for SPI_I2S_ReceiveData
    nrf24l01.o(i.nRF24L01_RW_Reg) refers to nrf24l01.o(i.SPI_RW) for SPI_RW
    nrf24l01.o(i.nRF24L01_RxPacket) refers to nrf24l01.o(i.nRF24L01_readReg) for nRF24L01_readReg
    nrf24l01.o(i.nRF24L01_RxPacket) refers to nrf24l01.o(i.nRF24L01_readBuff) for nRF24L01_readBuff
    nrf24l01.o(i.nRF24L01_RxPacket) refers to nrf24l01.o(i.nRF24L01_writeReg) for nRF24L01_writeReg
    nrf24l01.o(i.nRF24L01_RxPacket) refers to stm32f10x_gpio.o(i.GPIO_SetBits) for GPIO_SetBits
    nrf24l01.o(i.nRF24L01_TxPacket) refers to common.o(i.delayXusec) for delayXusec
    nrf24l01.o(i.nRF24L01_TxPacket) refers to nrf24l01.o(i.nRF24L01_readReg) for nRF24L01_readReg
    nrf24l01.o(i.nRF24L01_TxPacket) refers to stm32f10x_gpio.o(i.GPIO_ResetBits) for GPIO_ResetBits
    nrf24l01.o(i.nRF24L01_TxPacket) refers to nrf24l01.o(i.nRF24L01_writeBuff) for nRF24L01_writeBuff
    nrf24l01.o(i.nRF24L01_TxPacket) refers to nrf24l01.o(i.nRF24L01_writeReg) for nRF24L01_writeReg
    nrf24l01.o(i.nRF24L01_TxPacket) refers to stm32f10x_gpio.o(i.GPIO_SetBits) for GPIO_SetBits
    nrf24l01.o(i.nRF24L01_TxPacket) refers to nrf24l01.o(.data) for .data
    nrf24l01.o(i.nRF24L01_config) refers to nrf24l01.o(i.nRF24L01_writeReg) for nRF24L01_writeReg
    nrf24l01.o(i.nRF24L01_config) refers to common.o(i.delayXusec) for delayXusec
    nrf24l01.o(i.nRF24L01_config) refers to stm32f10x_gpio.o(i.GPIO_SetBits) for GPIO_SetBits
    nrf24l01.o(i.nRF24L01_init) refers to stm32f10x_gpio.o(i.GPIO_SetBits) for GPIO_SetBits
    nrf24l01.o(i.nRF24L01_init) refers to common.o(i.delayXusec) for delayXusec
    nrf24l01.o(i.nRF24L01_init) refers to stm32f10x_gpio.o(i.GPIO_ResetBits) for GPIO_ResetBits
    nrf24l01.o(i.nRF24L01_init) refers to nrf24l01.o(i.nRF24L01_readBuff) for nRF24L01_readBuff
    nrf24l01.o(i.nRF24L01_init) refers to nrf24l01.o(i.nRF24L01_writeReg) for nRF24L01_writeReg
    nrf24l01.o(i.nRF24L01_init) refers to nrf24l01.o(i.nRF24L01_writeBuff) for nRF24L01_writeBuff
    nrf24l01.o(i.nRF24L01_init) refers to nrf24l01.o(i.nRF24L01_config) for nRF24L01_config
    nrf24l01.o(i.nRF24L01_readBuff) refers to stm32f10x_gpio.o(i.GPIO_ResetBits) for GPIO_ResetBits
    nrf24l01.o(i.nRF24L01_readBuff) refers to nrf24l01.o(i.nRF24L01_RW_Reg) for nRF24L01_RW_Reg
    nrf24l01.o(i.nRF24L01_readBuff) refers to nrf24l01.o(i.SPI_RW) for SPI_RW
    nrf24l01.o(i.nRF24L01_readBuff) refers to stm32f10x_gpio.o(i.GPIO_SetBits) for GPIO_SetBits
    nrf24l01.o(i.nRF24L01_readReg) refers to nrf24l01.o(i.nRF24L01_readBuff) for nRF24L01_readBuff
    nrf24l01.o(i.nRF24L01_setModeRX) refers to nrf24l01.o(i.nRF24L01_readReg) for nRF24L01_readReg
    nrf24l01.o(i.nRF24L01_setModeRX) refers to stm32f10x_gpio.o(i.GPIO_ResetBits) for GPIO_ResetBits
    nrf24l01.o(i.nRF24L01_setModeRX) refers to nrf24l01.o(i.nRF24L01_writeReg) for nRF24L01_writeReg
    nrf24l01.o(i.nRF24L01_setModeRX) refers to nrf24l01.o(i.nRF24L01_config) for nRF24L01_config
    nrf24l01.o(i.nRF24L01_setModeTX) refers to nrf24l01.o(i.nRF24L01_readReg) for nRF24L01_readReg
    nrf24l01.o(i.nRF24L01_setModeTX) refers to stm32f10x_gpio.o(i.GPIO_ResetBits) for GPIO_ResetBits
    nrf24l01.o(i.nRF24L01_setModeTX) refers to nrf24l01.o(i.nRF24L01_writeBuff) for nRF24L01_writeBuff
    nrf24l01.o(i.nRF24L01_setModeTX) refers to nrf24l01.o(i.nRF24L01_writeReg) for nRF24L01_writeReg
    nrf24l01.o(i.nRF24L01_setModeTX) refers to nrf24l01.o(i.nRF24L01_config) for nRF24L01_config
    nrf24l01.o(i.nRF24L01_setModeTX) refers to stm32f10x_exti.o(i.EXTI_ClearITPendingBit) for EXTI_ClearITPendingBit
    nrf24l01.o(i.nRF24L01_writeBuff) refers to stm32f10x_gpio.o(i.GPIO_ResetBits) for GPIO_ResetBits
    nrf24l01.o(i.nRF24L01_writeBuff) refers to nrf24l01.o(i.nRF24L01_RW_Reg) for nRF24L01_RW_Reg
    nrf24l01.o(i.nRF24L01_writeBuff) refers to nrf24l01.o(i.SPI_RW) for SPI_RW
    nrf24l01.o(i.nRF24L01_writeBuff) refers to stm32f10x_gpio.o(i.GPIO_SetBits) for GPIO_SetBits
    nrf24l01.o(i.nRF24L01_writeReg) refers to nrf24l01.o(i.nRF24L01_writeBuff) for nRF24L01_writeBuff
    nrf24l01.o(i.processIRQ_nRF24L01) refers to stm32f10x_gpio.o(i.GPIO_ResetBits) for GPIO_ResetBits
    nrf24l01.o(i.processIRQ_nRF24L01) refers to nrf24l01.o(i.nRF24L01_readReg) for nRF24L01_readReg
    nrf24l01.o(i.processIRQ_nRF24L01) refers to nrf24l01.o(i.nRF24L01_readBuff) for nRF24L01_readBuff
    nrf24l01.o(i.processIRQ_nRF24L01) refers to app.o(i.OnWirelessMsg) for OnWirelessMsg
    nrf24l01.o(i.processIRQ_nRF24L01) refers to stm32f10x_gpio.o(i.GPIO_SetBits) for GPIO_SetBits
    nrf24l01.o(i.processIRQ_nRF24L01) refers to common.o(i.delayXusec) for delayXusec
    nrf24l01.o(i.processIRQ_nRF24L01) refers to nrf24l01.o(i.nRF24L01_writeReg) for nRF24L01_writeReg
    nrf24l01.o(i.processIRQ_nRF24L01) refers to stm32f10x_exti.o(i.EXTI_ClearITPendingBit) for EXTI_ClearITPendingBit
    nrf24l01.o(i.processIRQ_nRF24L01) refers to nrf24l01.o(.data) for .data
    app.o(i.OnWirelessMsg) refers to app.o(i.OnWirelessTextMsg) for OnWirelessTextMsg
    app.o(i.OnWirelessMsg) refers to app.o(.bss) for .bss
    app.o(i.OnWirelessMsg) refers to app.o(.data) for .data
    app.o(i.OnWirelessTextMsg) refers to bsp_isv2.o(i.ISBoard_setLed) for ISBoard_setLed
    app.o(i.OnWirelessTextMsg) refers to common.o(i.delayXusec) for delayXusec
    app.o(i.Task_LED) refers to bsp_isv2.o(i.ISBoard_setLed) for ISBoard_setLed
    app.o(i.Task_LED) refers to os_time.o(i.OSTimeDlyHMSM) for OSTimeDlyHMSM
    app.o(i.Task_Start) refers to os_cpu_c.o(i.OS_CPU_SysTickInit) for OS_CPU_SysTickInit
    app.o(i.Task_Start) refers to os_core.o(i.OSStatInit) for OSStatInit
    app.o(i.Task_Start) refers to os_task.o(i.OSTaskCreate) for OSTaskCreate
    app.o(i.Task_Start) refers to os_time.o(i.OSTimeDlyHMSM) for OSTimeDlyHMSM
    app.o(i.Task_Start) refers to bsp_isv2.o(i.BSP_Start) for BSP_Start
    app.o(i.Task_Start) refers to nrf24l01.o(i.nRF24L01_init) for nRF24L01_init
    app.o(i.Task_Start) refers to nrf24l01.o(i.nRF24L01_setModeRX) for nRF24L01_setModeRX
    app.o(i.Task_Start) refers to app.o(i.OnWirelessMsg) for OnWirelessMsg
    app.o(i.Task_Start) refers to os_time.o(i.OSTimeGet) for OSTimeGet
    app.o(i.Task_Start) refers to pulses.o(i.Pulses_decodeEx) for Pulses_decodeEx
    app.o(i.Task_Start) refers to pulses.o(i.Pulse_profName) for Pulse_profName
    app.o(i.Task_Start) refers to printf5.o(i.__0sprintf$5) for __2sprintf
    app.o(i.Task_Start) refers to app.o(i.sendWirelessTxtMsg) for sendWirelessTxtMsg
    app.o(i.Task_Start) refers to app.o(.bss) for .bss
    app.o(i.Task_Start) refers to app.o(i.Task_Timer) for Task_Timer
    app.o(i.Task_Start) refers to app.o(i.Task_LED) for Task_LED
    app.o(i.Task_Start) refers to app.o(.data) for .data
    app.o(i.Task_Start) refers to int_is.o(.data) for pendingPulseSeq
    app.o(i.Task_Timer) refers to os_time.o(i.OSTimeGet) for OSTimeGet
    app.o(i.Task_Timer) refers to os_time.o(i.OSTimeDlyHMSM) for OSTimeDlyHMSM
    app.o(i.Task_Timer) refers to int_is.o(.data) for pendingPulseSeq
    app.o(i.main) refers to int_is.o(i.BSP_IntDisAll) for BSP_IntDisAll
    app.o(i.main) refers to os_core.o(i.OSInit) for OSInit
    app.o(i.main) refers to bsp_isv2.o(i.BSP_Init) for BSP_Init
    app.o(i.main) refers to int_is.o(i.BSP_IntInit) for BSP_IntInit
    app.o(i.main) refers to os_task.o(i.OSTaskCreate) for OSTaskCreate
    app.o(i.main) refers to os_task.o(i.OSTaskNameSet) for OSTaskNameSet
    app.o(i.main) refers to os_time.o(i.OSTimeSet) for OSTimeSet
    app.o(i.main) refers to os_core.o(i.OSStart) for OSStart
    app.o(i.main) refers to app.o(.bss) for .bss
    app.o(i.main) refers to app.o(i.Task_Start) for Task_Start
    app.o(i.sendWirelessTxtMsg) refers to bsp_isv2.o(i.ISBoard_setLed) for ISBoard_setLed
    app.o(i.sendWirelessTxtMsg) refers to nrf24l01.o(i.nRF24L01_setModeTX) for nRF24L01_setModeTX
    app.o(i.sendWirelessTxtMsg) refers to nrf24l01.o(i.nRF24L01_TxPacket) for nRF24L01_TxPacket
    app.o(i.sendWirelessTxtMsg) refers to nrf24l01.o(i.nRF24L01_setModeRX) for nRF24L01_setModeRX
    app.o(i.sendWirelessTxtMsg) refers to app.o(.data) for .data
    app.o(i.sendWirelessTxtMsg) refers to app.o(.bss) for .bss
    vectors.o(VECT) refers to init.o(INIT) for ResetHndlr
    vectors.o(VECT) refers to os_cpu_a.o(.text) for OS_CPU_PendSVHandler
    vectors.o(VECT) refers to os_cpu_c.o(i.OS_CPU_SysTickHandler) for OS_CPU_SysTickHandler
    vectors.o(VECT) refers to int_is.o(i.BSP_IntHandlerWWDG) for BSP_IntHandlerWWDG
    vectors.o(VECT) refers to int_is.o(i.BSP_IntHandlerPVD) for BSP_IntHandlerPVD
    vectors.o(VECT) refers to int_is.o(i.BSP_IntHandlerTAMPER) for BSP_IntHandlerTAMPER
    vectors.o(VECT) refers to int_is.o(i.BSP_IntHandlerRTC) for BSP_IntHandlerRTC
    vectors.o(VECT) refers to int_is.o(i.BSP_IntHandlerFLASH) for BSP_IntHandlerFLASH
    vectors.o(VECT) refers to int_is.o(i.BSP_IntHandlerRCC) for BSP_IntHandlerRCC
    vectors.o(VECT) refers to int_is.o(i.BSP_IntHandlerEXTI0) for BSP_IntHandlerEXTI0
    vectors.o(VECT) refers to int_is.o(i.BSP_IntHandlerEXTI1) for BSP_IntHandlerEXTI1
    vectors.o(VECT) refers to int_is.o(i.BSP_IntHandlerEXTI2) for BSP_IntHandlerEXTI2
    vectors.o(VECT) refers to int_is.o(i.BSP_IntHandlerEXTI3) for BSP_IntHandlerEXTI3
    vectors.o(VECT) refers to int_is.o(i.BSP_IntHandlerEXTI4) for BSP_IntHandlerEXTI4
    vectors.o(VECT) refers to int_is.o(i.BSP_IntHandlerDMA1_CH1) for BSP_IntHandlerDMA1_CH1
    vectors.o(VECT) refers to int_is.o(i.BSP_IntHandlerDMA1_CH2) for BSP_IntHandlerDMA1_CH2
    vectors.o(VECT) refers to int_is.o(i.BSP_IntHandlerDMA1_CH3) for BSP_IntHandlerDMA1_CH3
    vectors.o(VECT) refers to int_is.o(i.BSP_IntHandlerDMA1_CH4) for BSP_IntHandlerDMA1_CH4
    vectors.o(VECT) refers to int_is.o(i.BSP_IntHandlerDMA1_CH5) for BSP_IntHandlerDMA1_CH5
    vectors.o(VECT) refers to int_is.o(i.BSP_IntHandlerDMA1_CH6) for BSP_IntHandlerDMA1_CH6
    vectors.o(VECT) refers to int_is.o(i.BSP_IntHandlerDMA1_CH7) for BSP_IntHandlerDMA1_CH7
    vectors.o(VECT) refers to int_is.o(i.BSP_IntHandlerADC1_2) for BSP_IntHandlerADC1_2
    vectors.o(VECT) refers to int_is.o(i.BSP_IntHandlerUSB_HP_CAN_TX) for BSP_IntHandlerUSB_HP_CAN_TX
    vectors.o(VECT) refers to int_is.o(i.BSP_IntHandlerUSB_LP_CAN_RX0) for BSP_IntHandlerUSB_LP_CAN_RX0
    vectors.o(VECT) refers to int_is.o(i.BSP_IntHandlerCAN_RX1) for BSP_IntHandlerCAN_RX1
    vectors.o(VECT) refers to int_is.o(i.BSP_IntHandlerCAN_SCE) for BSP_IntHandlerCAN_SCE
    vectors.o(VECT) refers to int_is.o(i.BSP_IntHandlerEXTI9_5) for BSP_IntHandlerEXTI9_5
    vectors.o(VECT) refers to int_is.o(i.BSP_IntHandlerTIM1_BRK) for BSP_IntHandlerTIM1_BRK
    vectors.o(VECT) refers to int_is.o(i.BSP_IntHandlerTIM1_UP) for BSP_IntHandlerTIM1_UP
    vectors.o(VECT) refers to int_is.o(i.BSP_IntHandlerTIM1_TRG_COM) for BSP_IntHandlerTIM1_TRG_COM
    vectors.o(VECT) refers to int_is.o(i.BSP_IntHandlerTIM1_CC) for BSP_IntHandlerTIM1_CC
    vectors.o(VECT) refers to int_is.o(i.BSP_IntHandlerTIM2) for BSP_IntHandlerTIM2
    vectors.o(VECT) refers to int_is.o(i.BSP_IntHandlerTIM3) for BSP_IntHandlerTIM3
    vectors.o(VECT) refers to int_is.o(i.BSP_IntHandlerTIM4) for BSP_IntHandlerTIM4
    vectors.o(VECT) refers to int_is.o(i.BSP_IntHandlerI2C1_EV) for BSP_IntHandlerI2C1_EV
    vectors.o(VECT) refers to int_is.o(i.BSP_IntHandlerI2C1_ER) for BSP_IntHandlerI2C1_ER
    vectors.o(VECT) refers to int_is.o(i.BSP_IntHandlerI2C2_EV) for BSP_IntHandlerI2C2_EV
    vectors.o(VECT) refers to int_is.o(i.BSP_IntHandlerI2C2_ER) for BSP_IntHandlerI2C2_ER
    vectors.o(VECT) refers to int_is.o(i.BSP_IntHandlerSPI1) for BSP_IntHandlerSPI1
    vectors.o(VECT) refers to int_is.o(i.BSP_IntHandlerSPI2) for BSP_IntHandlerSPI2
    vectors.o(VECT) refers to int_is.o(i.BSP_IntHandlerUSART1) for BSP_IntHandlerUSART1
    vectors.o(VECT) refers to int_is.o(i.BSP_IntHandlerUSART2) for BSP_IntHandlerUSART2
    vectors.o(VECT) refers to int_is.o(i.BSP_IntHandlerUSART3) for BSP_IntHandlerUSART3
    vectors.o(VECT) refers to int_is.o(i.BSP_IntHandlerEXTI15_10) for BSP_IntHandlerEXTI15_10
    vectors.o(VECT) refers to int_is.o(i.BSP_IntHandlerRTCAlarm) for BSP_IntHandlerRTCAlarm
    vectors.o(VECT) refers to int_is.o(i.BSP_IntHandlerUSBWakeUp) for BSP_IntHandlerUSBWakeUp
    ds18b20.o(i.DS18B20_convert) refers to 1wire.o(i.OWPortal_reset) for OWPortal_reset
    ds18b20.o(i.DS18B20_convert) refers to 1wire.o(i.OWWriteByte) for OWWriteByte
    ds18b20.o(i.DS18B20_read) refers to 1wire.o(i.OWPortal_reset) for OWPortal_reset
    ds18b20.o(i.DS18B20_read) refers to 1wire.o(i.OWWriteByte) for OWWriteByte
    ds18b20.o(i.DS18B20_read) refers to 1wire.o(i.OWReadByte) for OWReadByte
    ds18b20.o(i.DS18B20_read) refers to ds18b20.o(i.DS18B20_convert) for DS18B20_convert
    1wire.o(i.OWFamilySkipSetup) refers to 1wire.o(.data) for .data
    1wire.o(i.OWFirst) refers to 1wire.o(i.OWSearch) for OWSearch
    1wire.o(i.OWFirst) refers to 1wire.o(.data) for .data
    1wire.o(i.OWNext) refers to 1wire.o(i.OWSearch) for OWSearch
    1wire.o(i.OWNext) refers to 1wire.o(.data) for .data
    1wire.o(i.OWPortal_readBit) refers to bsp_isv2.o(i.OWPortal_dqL) for OWPortal_dqL
    1wire.o(i.OWPortal_readBit) refers to common.o(i.delayXusec) for delayXusec
    1wire.o(i.OWPortal_readBit) refers to bsp_isv2.o(i.OWPortal_dqH) for OWPortal_dqH
    1wire.o(i.OWPortal_readBit) refers to bsp_isv2.o(i.OWPortal_dqV) for OWPortal_dqV
    1wire.o(i.OWPortal_reset) refers to bsp_isv2.o(i.OWPortal_dqH) for OWPortal_dqH
    1wire.o(i.OWPortal_reset) refers to common.o(i.delayXusec) for delayXusec
    1wire.o(i.OWPortal_reset) refers to bsp_isv2.o(i.OWPortal_dqL) for OWPortal_dqL
    1wire.o(i.OWPortal_reset) refers to bsp_isv2.o(i.OWPortal_dqV) for OWPortal_dqV
    1wire.o(i.OWPortal_writeBit) refers to bsp_isv2.o(i.OWPortal_dqL) for OWPortal_dqL
    1wire.o(i.OWPortal_writeBit) refers to common.o(i.delayXusec) for delayXusec
    1wire.o(i.OWPortal_writeBit) refers to bsp_isv2.o(i.OWPortal_dqH) for OWPortal_dqH
    1wire.o(i.OWReadByte) refers to 1wire.o(i.OWPortal_readBit) for OWPortal_readBit
    1wire.o(i.OWScanBusForDevices) refers to 1wire.o(i.OWFirst) for OWFirst
    1wire.o(i.OWScanBusForDevices) refers to 1wire.o(i.OWNext) for OWNext
    1wire.o(i.OWSearch) refers to 1wire.o(i.OWPortal_reset) for OWPortal_reset
    1wire.o(i.OWSearch) refers to 1wire.o(i.OWWriteByte) for OWWriteByte
    1wire.o(i.OWSearch) refers to 1wire.o(i.OWPortal_readBit) for OWPortal_readBit
    1wire.o(i.OWSearch) refers to 1wire.o(i.OWPortal_writeBit) for OWPortal_writeBit
    1wire.o(i.OWSearch) refers to 1wire.o(i.docrc8) for docrc8
    1wire.o(i.OWSearch) refers to 1wire.o(.data) for .data
    1wire.o(i.OWTargetSetup) refers to 1wire.o(.data) for .data
    1wire.o(i.OWVerify) refers to 1wire.o(i.OWSearch) for OWSearch
    1wire.o(i.OWVerify) refers to memcmp.o(.text) for memcmp
    1wire.o(i.OWVerify) refers to 1wire.o(.data) for .data
    1wire.o(i.OWWriteByte) refers to 1wire.o(i.OWPortal_writeBit) for OWPortal_writeBit
    1wire.o(i.docrc8) refers to 1wire.o(.data) for .data
    common.o(i.Blink_configByUri) refers to strstr.o(.text) for strstr
    common.o(i.Blink_configByUri) refers to common.o(i.hex2int) for hex2int
    common.o(i.Blink_configByUri) refers to common.o(i.Blink_config) for Blink_config
    common.o(i.MsgLine_allocate) refers to common.o(.bss) for .bss
    common.o(i.MsgLine_init) refers to memseta.o(.text) for __aeabi_memclr4
    common.o(i.MsgLine_init) refers to common.o(.bss) for .bss
    common.o(i.MsgLine_log) refers to common.o(i.MsgLine_allocate) for MsgLine_allocate
    common.o(i.MsgLine_log) refers to common.o(i.usprintf) for usprintf
    common.o(i.MsgLine_log) refers to strchr.o(.text) for strchr
    common.o(i.MsgLine_log) refers to strlen.o(.text) for strlen
    common.o(i.MsgLine_recv) refers to common.o(i.MsgLine_allocate) for MsgLine_allocate
    common.o(i.Timer_OnTick) refers to common.o(.bss) for .bss
    common.o(i.Timer_OnTick) refers to common.o(.data) for .data
    common.o(i.Timer_init) refers to common.o(.data) for .data
    common.o(i.Timer_init) refers to common.o(.bss) for .bss
    common.o(i.Timer_isStepping) refers to common.o(.bss) for .bss
    common.o(i.Timer_isStepping) refers to common.o(.data) for .data
    common.o(i.Timer_scan) refers to common.o(.bss) for .bss
    common.o(i.Timer_scan) refers to common.o(.data) for .data
    common.o(i.Timer_start) refers to common.o(.bss) for .bss
    common.o(i.Timer_start) refers to common.o(.data) for .data
    common.o(i.Timer_stop) refers to common.o(.data) for .data
    common.o(i.Timer_stop) refers to common.o(.bss) for .bss
    common.o(i.delayXmsec) refers to common.o(i.delayXusec) for delayXusec
    common.o(i.delayXmsecTick) refers to common.o(i.Timer_start) for Timer_start
    common.o(i.delayXmsecTick) refers to common.o(i.Timer_isStepping) for Timer_isStepping
    common.o(i.delayXmsecTick) refers to common.o(i.Timer_stop) for Timer_stop
    common.o(i.hex2int) refers to common.o(i.hexchval) for hexchval
    common.o(i.hexchar) refers to common.o(.constdata) for .constdata
    common.o(i.usprintf) refers to common.o(i.hexchar) for hexchar
    int_is.o(i.BSP_IntDis) refers to cpu_c.o(i.CPU_IntSrcDis) for CPU_IntSrcDis
    int_is.o(i.BSP_IntDisAll) refers to cpu_a.o(.text) for CPU_IntDis
    int_is.o(i.BSP_IntEn) refers to cpu_c.o(i.CPU_IntSrcEn) for CPU_IntSrcEn
    int_is.o(i.BSP_IntHandler) refers to cpu_a.o(.text) for CPU_SR_Save
    int_is.o(i.BSP_IntHandler) refers to os_core.o(i.OSIntExit) for OSIntExit
    int_is.o(i.BSP_IntHandler) refers to os_core.o(.data) for OSIntNesting
    int_is.o(i.BSP_IntHandler) refers to int_is.o(.bss) for .bss
    int_is.o(i.BSP_IntHandlerADC1_2) refers to int_is.o(i.BSP_IntHandler) for BSP_IntHandler
    int_is.o(i.BSP_IntHandlerCAN_RX1) refers to int_is.o(i.BSP_IntHandler) for BSP_IntHandler
    int_is.o(i.BSP_IntHandlerCAN_SCE) refers to int_is.o(i.BSP_IntHandler) for BSP_IntHandler
    int_is.o(i.BSP_IntHandlerDMA1_CH1) refers to int_is.o(i.BSP_IntHandler) for BSP_IntHandler
    int_is.o(i.BSP_IntHandlerDMA1_CH2) refers to int_is.o(i.BSP_IntHandler) for BSP_IntHandler
    int_is.o(i.BSP_IntHandlerDMA1_CH3) refers to int_is.o(i.BSP_IntHandler) for BSP_IntHandler
    int_is.o(i.BSP_IntHandlerDMA1_CH4) refers to int_is.o(i.BSP_IntHandler) for BSP_IntHandler
    int_is.o(i.BSP_IntHandlerDMA1_CH5) refers to int_is.o(i.BSP_IntHandler) for BSP_IntHandler
    int_is.o(i.BSP_IntHandlerDMA1_CH6) refers to int_is.o(i.BSP_IntHandler) for BSP_IntHandler
    int_is.o(i.BSP_IntHandlerDMA1_CH7) refers to int_is.o(i.BSP_IntHandler) for BSP_IntHandler
    int_is.o(i.BSP_IntHandlerEXTI0) refers to int_is.o(i.BSP_IntHandler) for BSP_IntHandler
    int_is.o(i.BSP_IntHandlerEXTI1) refers to int_is.o(i.BSP_IntHandler) for BSP_IntHandler
    int_is.o(i.BSP_IntHandlerEXTI15_10) refers to int_is.o(i.BSP_IntHandler) for BSP_IntHandler
    int_is.o(i.BSP_IntHandlerEXTI2) refers to int_is.o(i.BSP_IntHandler) for BSP_IntHandler
    int_is.o(i.BSP_IntHandlerEXTI3) refers to int_is.o(i.BSP_IntHandler) for BSP_IntHandler
    int_is.o(i.BSP_IntHandlerEXTI4) refers to int_is.o(i.BSP_IntHandler) for BSP_IntHandler
    int_is.o(i.BSP_IntHandlerEXTI9_5) refers to int_is.o(i.BSP_IntHandler) for BSP_IntHandler
    int_is.o(i.BSP_IntHandlerFLASH) refers to int_is.o(i.BSP_IntHandler) for BSP_IntHandler
    int_is.o(i.BSP_IntHandlerI2C1_ER) refers to int_is.o(i.BSP_IntHandler) for BSP_IntHandler
    int_is.o(i.BSP_IntHandlerI2C1_EV) refers to int_is.o(i.BSP_IntHandler) for BSP_IntHandler
    int_is.o(i.BSP_IntHandlerI2C2_ER) refers to int_is.o(i.BSP_IntHandler) for BSP_IntHandler
    int_is.o(i.BSP_IntHandlerI2C2_EV) refers to int_is.o(i.BSP_IntHandler) for BSP_IntHandler
    int_is.o(i.BSP_IntHandlerPVD) refers to int_is.o(i.BSP_IntHandler) for BSP_IntHandler
    int_is.o(i.BSP_IntHandlerRCC) refers to int_is.o(i.BSP_IntHandler) for BSP_IntHandler
    int_is.o(i.BSP_IntHandlerRTC) refers to int_is.o(i.BSP_IntHandler) for BSP_IntHandler
    int_is.o(i.BSP_IntHandlerRTCAlarm) refers to int_is.o(i.BSP_IntHandler) for BSP_IntHandler
    int_is.o(i.BSP_IntHandlerSPI1) refers to int_is.o(i.BSP_IntHandler) for BSP_IntHandler
    int_is.o(i.BSP_IntHandlerSPI2) refers to int_is.o(i.BSP_IntHandler) for BSP_IntHandler
    int_is.o(i.BSP_IntHandlerTAMPER) refers to int_is.o(i.BSP_IntHandler) for BSP_IntHandler
    int_is.o(i.BSP_IntHandlerTIM1_BRK) refers to int_is.o(i.BSP_IntHandler) for BSP_IntHandler
    int_is.o(i.BSP_IntHandlerTIM1_CC) refers to int_is.o(i.BSP_IntHandler) for BSP_IntHandler
    int_is.o(i.BSP_IntHandlerTIM1_TRG_COM) refers to int_is.o(i.BSP_IntHandler) for BSP_IntHandler
    int_is.o(i.BSP_IntHandlerTIM1_UP) refers to int_is.o(i.BSP_IntHandler) for BSP_IntHandler
    int_is.o(i.BSP_IntHandlerTIM2) refers to int_is.o(i.BSP_IntHandler) for BSP_IntHandler
    int_is.o(i.BSP_IntHandlerTIM3) refers to int_is.o(i.BSP_IntHandler) for BSP_IntHandler
    int_is.o(i.BSP_IntHandlerTIM4) refers to int_is.o(i.BSP_IntHandler) for BSP_IntHandler
    int_is.o(i.BSP_IntHandlerUSART1) refers to int_is.o(i.BSP_IntHandler) for BSP_IntHandler
    int_is.o(i.BSP_IntHandlerUSART2) refers to int_is.o(i.BSP_IntHandler) for BSP_IntHandler
    int_is.o(i.BSP_IntHandlerUSART3) refers to int_is.o(i.BSP_IntHandler) for BSP_IntHandler
    int_is.o(i.BSP_IntHandlerUSBWakeUp) refers to int_is.o(i.BSP_IntHandler) for BSP_IntHandler
    int_is.o(i.BSP_IntHandlerUSB_HP_CAN_TX) refers to int_is.o(i.BSP_IntHandler) for BSP_IntHandler
    int_is.o(i.BSP_IntHandlerUSB_LP_CAN_RX0) refers to int_is.o(i.BSP_IntHandler) for BSP_IntHandler
    int_is.o(i.BSP_IntHandlerWWDG) refers to int_is.o(i.BSP_IntHandler) for BSP_IntHandler
    int_is.o(i.BSP_IntInit) refers to int_is.o(i.BSP_IntVectSet) for BSP_IntVectSet
    int_is.o(i.BSP_IntInit) refers to int_is.o(i.BSP_IntHandlerDummy) for BSP_IntHandlerDummy
    int_is.o(i.BSP_IntInit) refers to int_is.o(i.ISR_nRF_IR) for ISR_nRF_IR
    int_is.o(i.BSP_IntInit) refers to int_is.o(i.ISR_ADC1DMA) for ISR_ADC1DMA
    int_is.o(i.BSP_IntPrioSet) refers to cpu_a.o(.text) for CPU_SR_Save
    int_is.o(i.BSP_IntPrioSet) refers to cpu_c.o(i.CPU_IntSrcPrioSet) for CPU_IntSrcPrioSet
    int_is.o(i.BSP_IntVectSet) refers to cpu_a.o(.text) for CPU_SR_Save
    int_is.o(i.BSP_IntVectSet) refers to int_is.o(.bss) for .bss
    int_is.o(i.ISR_ADC1DMA) refers to stm32f10x_dma.o(i.DMA_GetITStatus) for DMA_GetITStatus
    int_is.o(i.ISR_ADC1DMA) refers to stm32f10x_dma.o(i.DMA_ClearITPendingBit) for DMA_ClearITPendingBit
    int_is.o(i.ISR_nRF_IR) refers to stm32f10x_exti.o(i.EXTI_GetITStatus) for EXTI_GetITStatus
    int_is.o(i.ISR_nRF_IR) refers to common.o(i.delayXusec) for delayXusec
    int_is.o(i.ISR_nRF_IR) refers to pulses.o(i.Pulses_capture) for Pulses_capture
    int_is.o(i.ISR_nRF_IR) refers to pulses.o(i.PulseSeq_compress) for PulseSeq_compress
    int_is.o(i.ISR_nRF_IR) refers to stm32f10x_exti.o(i.EXTI_ClearITPendingBit) for EXTI_ClearITPendingBit
    int_is.o(i.ISR_nRF_IR) refers to nrf24l01.o(i.processIRQ_nRF24L01) for processIRQ_nRF24L01
    int_is.o(i.ISR_nRF_IR) refers to int_is.o(.data) for .data
    int_is.o(i.ISR_nRF_IR) refers to bsp_isv2.o(i.irRecvBit) for irRecvBit
    int_is.o(i.ISR_nRF_IR) refers to int_is.o(.bss) for .bss
    int_is.o(i.ISR_nRF_IR) refers to app.o(.data) for nrf24l01
    int_is.o(.data) refers to int_is.o(.bss) for seq
    int_is.o(.data) refers to pulses.o(.bss) for seq
    int_is.o(.data) refers to int_is.o(.bss) for seq
    int_is.o(.data) refers to pulses.o(.bss) for seq
    bsp_isv2.o(i.BSP_CPU_ClkFreq) refers to stm32f10x_rcc.o(i.RCC_GetClocksFreq) for RCC_GetClocksFreq
    bsp_isv2.o(i.BSP_Init) refers to bsp_isv2.o(i.ISBoard_RCC_Config) for ISBoard_RCC_Config
    bsp_isv2.o(i.BSP_Init) refers to bsp_isv2.o(i.ISBoard_GPIO_Config) for ISBoard_GPIO_Config
    bsp_isv2.o(i.BSP_Init) refers to bsp_isv2.o(i.ISBoard_RTC_Init) for ISBoard_RTC_Init
    bsp_isv2.o(i.BSP_Init) refers to bsp_isv2.o(i.ISBoard_NVIC_Config) for ISBoard_NVIC_Config
    bsp_isv2.o(i.BSP_Init) refers to bsp_isv2.o(i.USART_open) for USART_open
    bsp_isv2.o(i.BSP_Start) refers to stm32f10x_adc.o(i.ADC_SoftwareStartConvCmd) for ADC_SoftwareStartConvCmd
    bsp_isv2.o(i.ISBoard_485sendMode) refers to stm32f10x_gpio.o(i.GPIO_WriteBit) for GPIO_WriteBit
    bsp_isv2.o(i.ISBoard_GPIO_Config) refers to stm32f10x_gpio.o(i.GPIO_Init) for GPIO_Init
    bsp_isv2.o(i.ISBoard_GPIO_Config) refers to bsp_isv2.o(i.ISBoard_setLed) for ISBoard_setLed
    bsp_isv2.o(i.ISBoard_GPIO_Config) refers to bsp_isv2.o(i.ISBoard_setDvr) for ISBoard_setDvr
    bsp_isv2.o(i.ISBoard_GPIO_Config) refers to ds18b20.o(i.DS18B20_InitConfiguration) for DS18B20_InitConfiguration
    bsp_isv2.o(i.ISBoard_GPIO_Config) refers to 1wire.o(i.OWPortal_reset) for OWPortal_reset
    bsp_isv2.o(i.ISBoard_GPIO_Config) refers to stm32f10x_dma.o(i.DMA_DeInit) for DMA_DeInit
    bsp_isv2.o(i.ISBoard_GPIO_Config) refers to stm32f10x_dma.o(i.DMA_Init) for DMA_Init
    bsp_isv2.o(i.ISBoard_GPIO_Config) refers to stm32f10x_dma.o(i.DMA_ITConfig) for DMA_ITConfig
    bsp_isv2.o(i.ISBoard_GPIO_Config) refers to stm32f10x_dma.o(i.DMA_Cmd) for DMA_Cmd
    bsp_isv2.o(i.ISBoard_GPIO_Config) refers to stm32f10x_adc.o(i.ADC_Init) for ADC_Init
    bsp_isv2.o(i.ISBoard_GPIO_Config) refers to stm32f10x_adc.o(i.ADC_RegularChannelConfig) for ADC_RegularChannelConfig
    bsp_isv2.o(i.ISBoard_GPIO_Config) refers to stm32f10x_adc.o(i.ADC_TempSensorVrefintCmd) for ADC_TempSensorVrefintCmd
    bsp_isv2.o(i.ISBoard_GPIO_Config) refers to stm32f10x_adc.o(i.ADC_DMACmd) for ADC_DMACmd
    bsp_isv2.o(i.ISBoard_GPIO_Config) refers to stm32f10x_adc.o(i.ADC_Cmd) for ADC_Cmd
    bsp_isv2.o(i.ISBoard_GPIO_Config) refers to stm32f10x_adc.o(i.ADC_ResetCalibration) for ADC_ResetCalibration
    bsp_isv2.o(i.ISBoard_GPIO_Config) refers to stm32f10x_adc.o(i.ADC_GetResetCalibrationStatus) for ADC_GetResetCalibrationStatus
    bsp_isv2.o(i.ISBoard_GPIO_Config) refers to stm32f10x_adc.o(i.ADC_StartCalibration) for ADC_StartCalibration
    bsp_isv2.o(i.ISBoard_GPIO_Config) refers to stm32f10x_adc.o(i.ADC_GetCalibrationStatus) for ADC_GetCalibrationStatus
    bsp_isv2.o(i.ISBoard_GPIO_Config) refers to stm32f10x_spi.o(i.SPI_Init) for SPI_Init
    bsp_isv2.o(i.ISBoard_GPIO_Config) refers to stm32f10x_spi.o(i.SPI_Cmd) for SPI_Cmd
    bsp_isv2.o(i.ISBoard_GPIO_Config) refers to stm32f10x_exti.o(i.EXTI_DeInit) for EXTI_DeInit
    bsp_isv2.o(i.ISBoard_GPIO_Config) refers to stm32f10x_exti.o(i.EXTI_StructInit) for EXTI_StructInit
    bsp_isv2.o(i.ISBoard_GPIO_Config) refers to stm32f10x_gpio.o(i.GPIO_EXTILineConfig) for GPIO_EXTILineConfig
    bsp_isv2.o(i.ISBoard_GPIO_Config) refers to stm32f10x_exti.o(i.EXTI_Init) for EXTI_Init
    bsp_isv2.o(i.ISBoard_GPIO_Config) refers to stm32f10x_exti.o(i.EXTI_ClearITPendingBit) for EXTI_ClearITPendingBit
    bsp_isv2.o(i.ISBoard_GPIO_Config) refers to stm32f10x_exti.o(i.EXTI_GenerateSWInterrupt) for EXTI_GenerateSWInterrupt
    bsp_isv2.o(i.ISBoard_GPIO_Config) refers to bsp_isv2.o(.constdata) for .constdata
    bsp_isv2.o(i.ISBoard_GPIO_Config) refers to bsp_isv2.o(.bss) for .bss
    bsp_isv2.o(i.ISBoard_GPIO_Config) refers to app.o(.data) for ADC_DMAbuf
    bsp_isv2.o(i.ISBoard_NVIC_Config) refers to misc.o(i.NVIC_SetVectorTable) for NVIC_SetVectorTable
    bsp_isv2.o(i.ISBoard_NVIC_Config) refers to misc.o(i.NVIC_PriorityGroupConfig) for NVIC_PriorityGroupConfig
    bsp_isv2.o(i.ISBoard_NVIC_Config) refers to misc.o(i.NVIC_Init) for NVIC_Init
    bsp_isv2.o(i.ISBoard_RCC_Config) refers to stm32f10x_rcc.o(i.RCC_DeInit) for RCC_DeInit
    bsp_isv2.o(i.ISBoard_RCC_Config) refers to stm32f10x_rcc.o(i.RCC_HSEConfig) for RCC_HSEConfig
    bsp_isv2.o(i.ISBoard_RCC_Config) refers to stm32f10x_rcc.o(i.RCC_WaitForHSEStartUp) for RCC_WaitForHSEStartUp
    bsp_isv2.o(i.ISBoard_RCC_Config) refers to stm32f10x_flash.o(i.FLASH_PrefetchBufferCmd) for FLASH_PrefetchBufferCmd
    bsp_isv2.o(i.ISBoard_RCC_Config) refers to stm32f10x_flash.o(i.FLASH_SetLatency) for FLASH_SetLatency
    bsp_isv2.o(i.ISBoard_RCC_Config) refers to stm32f10x_rcc.o(i.RCC_HCLKConfig) for RCC_HCLKConfig
    bsp_isv2.o(i.ISBoard_RCC_Config) refers to stm32f10x_rcc.o(i.RCC_PCLK2Config) for RCC_PCLK2Config
    bsp_isv2.o(i.ISBoard_RCC_Config) refers to stm32f10x_rcc.o(i.RCC_PCLK1Config) for RCC_PCLK1Config
    bsp_isv2.o(i.ISBoard_RCC_Config) refers to stm32f10x_rcc.o(i.RCC_PLLConfig) for RCC_PLLConfig
    bsp_isv2.o(i.ISBoard_RCC_Config) refers to stm32f10x_rcc.o(i.RCC_PLLCmd) for RCC_PLLCmd
    bsp_isv2.o(i.ISBoard_RCC_Config) refers to stm32f10x_rcc.o(i.RCC_GetFlagStatus) for RCC_GetFlagStatus
    bsp_isv2.o(i.ISBoard_RCC_Config) refers to stm32f10x_rcc.o(i.RCC_SYSCLKConfig) for RCC_SYSCLKConfig
    bsp_isv2.o(i.ISBoard_RCC_Config) refers to stm32f10x_rcc.o(i.RCC_GetSYSCLKSource) for RCC_GetSYSCLKSource
    bsp_isv2.o(i.ISBoard_RCC_Config) refers to stm32f10x_rcc.o(i.RCC_APB2PeriphClockCmd) for RCC_APB2PeriphClockCmd
    bsp_isv2.o(i.ISBoard_RCC_Config) refers to stm32f10x_rcc.o(i.RCC_APB1PeriphClockCmd) for RCC_APB1PeriphClockCmd
    bsp_isv2.o(i.ISBoard_RCC_Config) refers to stm32f10x_rcc.o(i.RCC_AHBPeriphClockCmd) for RCC_AHBPeriphClockCmd
    bsp_isv2.o(i.ISBoard_RTC_Init) refers to stm32f10x_bkp.o(i.BKP_ReadBackupRegister) for BKP_ReadBackupRegister
    bsp_isv2.o(i.ISBoard_RTC_Init) refers to stm32f10x_rcc.o(i.RCC_APB1PeriphClockCmd) for RCC_APB1PeriphClockCmd
    bsp_isv2.o(i.ISBoard_RTC_Init) refers to stm32f10x_pwr.o(i.PWR_BackupAccessCmd) for PWR_BackupAccessCmd
    bsp_isv2.o(i.ISBoard_RTC_Init) refers to stm32f10x_bkp.o(i.BKP_DeInit) for BKP_DeInit
    bsp_isv2.o(i.ISBoard_RTC_Init) refers to stm32f10x_rcc.o(i.RCC_LSEConfig) for RCC_LSEConfig
    bsp_isv2.o(i.ISBoard_RTC_Init) refers to stm32f10x_rcc.o(i.RCC_GetFlagStatus) for RCC_GetFlagStatus
    bsp_isv2.o(i.ISBoard_RTC_Init) refers to stm32f10x_rcc.o(i.RCC_RTCCLKConfig) for RCC_RTCCLKConfig
    bsp_isv2.o(i.ISBoard_RTC_Init) refers to stm32f10x_rcc.o(i.RCC_RTCCLKCmd) for RCC_RTCCLKCmd
    bsp_isv2.o(i.ISBoard_RTC_Init) refers to stm32f10x_rtc.o(i.RTC_WaitForSynchro) for RTC_WaitForSynchro
    bsp_isv2.o(i.ISBoard_RTC_Init) refers to stm32f10x_rtc.o(i.RTC_WaitForLastTask) for RTC_WaitForLastTask
    bsp_isv2.o(i.ISBoard_RTC_Init) refers to stm32f10x_rtc.o(i.RTC_ITConfig) for RTC_ITConfig
    bsp_isv2.o(i.ISBoard_RTC_Init) refers to stm32f10x_rtc.o(i.RTC_SetPrescaler) for RTC_SetPrescaler
    bsp_isv2.o(i.ISBoard_RTC_Init) refers to bsp_isv2.o(i.ISBoard_updateClock) for ISBoard_updateClock
    bsp_isv2.o(i.ISBoard_RTC_Init) refers to stm32f10x_bkp.o(i.BKP_WriteBackupRegister) for BKP_WriteBackupRegister
    bsp_isv2.o(i.ISBoard_RTC_Init) refers to stm32f10x_rcc.o(i.RCC_ClearFlag) for RCC_ClearFlag
    bsp_isv2.o(i.ISBoard_getTime) refers to stm32f10x_rtc.o(i.RTC_GetCounter) for RTC_GetCounter
    bsp_isv2.o(i.ISBoard_reset) refers to bsp_isv2.o(i.ISBoard_setLed) for ISBoard_setLed
    bsp_isv2.o(i.ISBoard_reset) refers to common.o(i.delayXmsec) for delayXmsec
    bsp_isv2.o(i.ISBoard_setDvr) refers to stm32f10x_gpio.o(i.GPIO_WriteBit) for GPIO_WriteBit
    bsp_isv2.o(i.ISBoard_setDvr) refers to bsp_isv2.o(.constdata) for .constdata
    bsp_isv2.o(i.ISBoard_setLed) refers to stm32f10x_gpio.o(i.GPIO_WriteBit) for GPIO_WriteBit
    bsp_isv2.o(i.ISBoard_setLed) refers to bsp_isv2.o(.constdata) for .constdata
    bsp_isv2.o(i.ISBoard_updateClock) refers to bsp_isv2.o(i.ISBoard_getTime) for ISBoard_getTime
    bsp_isv2.o(i.ISBoard_updateClock) refers to stm32f10x_rtc.o(i.RTC_WaitForLastTask) for RTC_WaitForLastTask
    bsp_isv2.o(i.ISBoard_updateClock) refers to stm32f10x_rtc.o(i.RTC_SetCounter) for RTC_SetCounter
    bsp_isv2.o(i.OS_CPU_SysTickClkFreq) refers to bsp_isv2.o(i.BSP_CPU_ClkFreq) for BSP_CPU_ClkFreq
    bsp_isv2.o(i.OWPortal_dqH) refers to stm32f10x_gpio.o(i.GPIO_SetBits) for GPIO_SetBits
    bsp_isv2.o(i.OWPortal_dqL) refers to stm32f10x_gpio.o(i.GPIO_ResetBits) for GPIO_ResetBits
    bsp_isv2.o(i.OWPortal_dqV) refers to stm32f10x_gpio.o(i.GPIO_ReadInputDataBit) for GPIO_ReadInputDataBit
    bsp_isv2.o(i.USART_open) refers to stm32f10x_usart.o(i.USART_ClockInit) for USART_ClockInit
    bsp_isv2.o(i.USART_open) refers to stm32f10x_usart.o(i.USART_Init) for USART_Init
    bsp_isv2.o(i.USART_open) refers to stm32f10x_usart.o(i.USART_Cmd) for USART_Cmd
    bsp_isv2.o(i.enablePWM) refers to stm32f10x_tim.o(i.TIM_DeInit) for TIM_DeInit
    bsp_isv2.o(i.enablePWM) refers to stm32f10x_tim.o(i.TIM_TimeBaseInit) for TIM_TimeBaseInit
    bsp_isv2.o(i.enablePWM) refers to stm32f10x_tim.o(i.TIM_OC1Init) for TIM_OC1Init
    bsp_isv2.o(i.enablePWM) refers to stm32f10x_tim.o(i.TIM_Cmd) for TIM_Cmd
    bsp_isv2.o(i.enablePWM) refers to stm32f10x_tim.o(i.TIM_CtrlPWMOutputs) for TIM_CtrlPWMOutputs
    bsp_isv2.o(i.fputc) refers to bsp_isv2.o(i.ISBoard_485sendMode) for ISBoard_485sendMode
    bsp_isv2.o(i.fputc) refers to stm32f10x_usart.o(i.USART_SendData) for USART_SendData
    bsp_isv2.o(i.fputc) refers to bsp_isv2.o(.data) for .data
    bsp_isv2.o(i.irRecvBit) refers to stm32f10x_gpio.o(i.GPIO_ReadInputDataBit) for GPIO_ReadInputDataBit
    bsp_isv2.o(i.motionState) refers to stm32f10x_gpio.o(i.GPIO_ReadInputDataBit) for GPIO_ReadInputDataBit
    pulses.o(i.IOSend_M7461M) refers to stm32f10x_gpio.o(i.GPIO_SetBits) for GPIO_SetBits
    pulses.o(i.IOSend_M7461M) refers to stm32f10x_gpio.o(i.GPIO_ResetBits) for GPIO_ResetBits
    pulses.o(i.IOSend_M7461M) refers to common.o(i.delayXusec) for delayXusec
    pulses.o(i.IOSend_M7461M) refers to pulses.o(.data) for .data
    pulses.o(i.IOSend_TC9012F) refers to stm32f10x_gpio.o(i.GPIO_SetBits) for GPIO_SetBits
    pulses.o(i.IOSend_TC9012F) refers to stm32f10x_gpio.o(i.GPIO_ResetBits) for GPIO_ResetBits
    pulses.o(i.IOSend_TC9012F) refers to common.o(i.delayXusec) for delayXusec
    pulses.o(i.IOSend_TC9012F) refers to pulses.o(.data) for .data
    pulses.o(i.IOSend_uPD6121) refers to stm32f10x_gpio.o(i.GPIO_SetBits) for GPIO_SetBits
    pulses.o(i.IOSend_uPD6121) refers to stm32f10x_gpio.o(i.GPIO_ResetBits) for GPIO_ResetBits
    pulses.o(i.IOSend_uPD6121) refers to common.o(i.delayXusec) for delayXusec
    pulses.o(i.IOSend_uPD6121) refers to pulses.o(.data) for .data
    pulses.o(i.IRRecv) refers to common.o(i.delayXusec) for delayXusec
    pulses.o(i.IRRecv) refers to stm32f10x_gpio.o(i.GPIO_ReadInputDataBit) for GPIO_ReadInputDataBit
    pulses.o(i.PulseCode_send) refers to pulses.o(i.Pulses_encodeEx) for Pulses_encodeEx
    pulses.o(i.PulseCode_send) refers to pulses.o(i.PulseSeq_send) for PulseSeq_send
    pulses.o(i.PulseCode_send) refers to pulses.o(.data) for .data
    pulses.o(i.PulseSend_byProfile) refers to strcmp.o(.text) for strcmp
    pulses.o(i.PulseSend_byProfile) refers to pulses.o(i.PulseSend_byProfileId) for PulseSend_byProfileId
    pulses.o(i.PulseSend_byProfile) refers to pulses.o(.constdata) for .constdata
    pulses.o(i.PulseSend_byProfileId) refers to stm32f10x_gpio.o(i.GPIO_SetBits) for GPIO_SetBits
    pulses.o(i.PulseSend_byProfileId) refers to stm32f10x_gpio.o(i.GPIO_ResetBits) for GPIO_ResetBits
    pulses.o(i.PulseSend_byProfileId) refers to common.o(i.delayXusec) for delayXusec
    pulses.o(i.PulseSend_byProfileId) refers to pulses.o(.constdata) for .constdata
    pulses.o(i.PulseSend_byProfileId) refers to pulses.o(.data) for .data
    pulses.o(i.PulseSend_bySeq) refers to stm32f10x_gpio.o(i.GPIO_SetBits) for GPIO_SetBits
    pulses.o(i.PulseSend_bySeq) refers to stm32f10x_gpio.o(i.GPIO_ResetBits) for GPIO_ResetBits
    pulses.o(i.PulseSend_bySeq) refers to common.o(i.delayXusec) for delayXusec
    pulses.o(i.PulseSend_bySeq) refers to pulses.o(.data) for .data
    pulses.o(i.PulseSeq_send) refers to common.o(i.delayXusec) for delayXusec
    pulses.o(i.Pulse_findProfId) refers to strstr.o(.text) for strstr
    pulses.o(i.Pulse_findProfId) refers to pulses.o(.constdata) for .constdata
    pulses.o(i.Pulse_profName) refers to pulses.o(.constdata) for .constdata
    pulses.o(i.Pulse_readWiegand26) refers to common.o(i.delayXusec) for delayXusec
    pulses.o(i.Pulses_capture) refers to common.o(i.delayXusec) for delayXusec
    pulses.o(i.Pulses_decode) refers to pulses.o(i.Pulses_decodeEx) for Pulses_decodeEx
    pulses.o(i.Pulses_decodeEx) refers to pulses.o(.constdata) for .constdata
    pulses.o(i.Pulses_encode) refers to pulses.o(i.Pulses_encodeEx) for Pulses_encodeEx
    pulses.o(i.Pulses_encodeEx) refers to pulses.o(.constdata) for .constdata
    pulses.o(.constdata) refers to pulses.o(.conststring) for .conststring
    pulses.o(.constdata) refers to pulses.o(i.PulseEncode_EV1527) for PulseEncode_EV1527
    pulses.o(.constdata) refers to pulses.o(i.PulseDecode_EV1527) for PulseDecode_EV1527
    pulses.o(.constdata) refers to pulses.o(i.PulseEncode_PT2262) for PulseEncode_PT2262
    pulses.o(.constdata) refers to pulses.o(i.PulseDecode_PT2262) for PulseDecode_PT2262
    pulses.o(.data) refers to int_is.o(.bss) for seq
    pulses.o(.data) refers to pulses.o(.bss) for seq
    cpu_c.o(i.CPU_IntSrcDis) refers to cpu_a.o(.text) for CPU_SR_Save
    cpu_c.o(i.CPU_IntSrcEn) refers to cpu_a.o(.text) for CPU_SR_Save
    cpu_c.o(i.CPU_IntSrcPrioGet) refers to cpu_a.o(.text) for CPU_SR_Save
    cpu_c.o(i.CPU_IntSrcPrioSet) refers to cpu_a.o(.text) for CPU_RevBits
    os_core.o(i.OSEventNameGet) refers to os_cpu_a.o(.text) for OS_CPU_SR_Save
    os_core.o(i.OSEventNameGet) refers to os_core.o(i.OS_StrCopy) for OS_StrCopy
    os_core.o(i.OSEventNameGet) refers to os_core.o(.data) for .data
    os_core.o(i.OSEventNameSet) refers to os_cpu_a.o(.text) for OS_CPU_SR_Save
    os_core.o(i.OSEventNameSet) refers to os_core.o(i.OS_StrLen) for OS_StrLen
    os_core.o(i.OSEventNameSet) refers to os_core.o(i.OS_StrCopy) for OS_StrCopy
    os_core.o(i.OSEventNameSet) refers to os_core.o(.data) for .data
    os_core.o(i.OSEventPendMulti) refers to os_cpu_a.o(.text) for OS_CPU_SR_Save
    os_core.o(i.OSEventPendMulti) refers to os_core.o(i.OS_EventTaskWaitMulti) for OS_EventTaskWaitMulti
    os_core.o(i.OSEventPendMulti) refers to os_core.o(i.OS_Sched) for OS_Sched
    os_core.o(i.OSEventPendMulti) refers to os_core.o(i.OS_EventTaskRemoveMulti) for OS_EventTaskRemoveMulti
    os_core.o(i.OSEventPendMulti) refers to os_core.o(.data) for .data
    os_core.o(i.OSInit) refers to os_cpu_c.o(i.OSInitHookBegin) for OSInitHookBegin
    os_core.o(i.OSInit) refers to os_core.o(i.OS_InitMisc) for OS_InitMisc
    os_core.o(i.OSInit) refers to os_core.o(i.OS_InitRdyList) for OS_InitRdyList
    os_core.o(i.OSInit) refers to os_core.o(i.OS_InitTCBList) for OS_InitTCBList
    os_core.o(i.OSInit) refers to os_core.o(i.OS_InitEventList) for OS_InitEventList
    os_core.o(i.OSInit) refers to os_flag.o(i.OS_FlagInit) for OS_FlagInit
    os_core.o(i.OSInit) refers to os_core.o(i.OS_InitTaskIdle) for OS_InitTaskIdle
    os_core.o(i.OSInit) refers to os_core.o(i.OS_InitTaskStat) for OS_InitTaskStat
    os_core.o(i.OSInit) refers to os_cpu_c.o(i.OSInitHookEnd) for OSInitHookEnd
    os_core.o(i.OSIntEnter) refers to os_core.o(.data) for .data
    os_core.o(i.OSIntExit) refers to os_cpu_a.o(.text) for OS_CPU_SR_Save
    os_core.o(i.OSIntExit) refers to os_core.o(i.OS_SchedNew) for OS_SchedNew
    os_core.o(i.OSIntExit) refers to os_core.o(.data) for .data
    os_core.o(i.OSIntExit) refers to os_core.o(.bss) for .bss
    os_core.o(i.OSSchedLock) refers to os_cpu_a.o(.text) for OS_CPU_SR_Save
    os_core.o(i.OSSchedLock) refers to os_core.o(.data) for .data
    os_core.o(i.OSSchedUnlock) refers to os_cpu_a.o(.text) for OS_CPU_SR_Save
    os_core.o(i.OSSchedUnlock) refers to os_core.o(i.OS_Sched) for OS_Sched
    os_core.o(i.OSSchedUnlock) refers to os_core.o(.data) for .data
    os_core.o(i.OSStart) refers to os_core.o(i.OS_SchedNew) for OS_SchedNew
    os_core.o(i.OSStart) refers to os_cpu_a.o(.text) for OSStartHighRdy
    os_core.o(i.OSStart) refers to os_core.o(.data) for .data
    os_core.o(i.OSStart) refers to os_core.o(.bss) for .bss
    os_core.o(i.OSStatInit) refers to os_time.o(i.OSTimeDly) for OSTimeDly
    os_core.o(i.OSStatInit) refers to os_cpu_a.o(.text) for OS_CPU_SR_Save
    os_core.o(i.OSStatInit) refers to os_core.o(.data) for .data
    os_core.o(i.OSTimeTick) refers to os_cpu_c.o(i.OSTimeTickHook) for OSTimeTickHook
    os_core.o(i.OSTimeTick) refers to os_cpu_a.o(.text) for OS_CPU_SR_Save
    os_core.o(i.OSTimeTick) refers to os_core.o(.data) for .data
    os_core.o(i.OS_EventTaskRdy) refers to os_core.o(i.OS_EventTaskRemove) for OS_EventTaskRemove
    os_core.o(i.OS_EventTaskRdy) refers to os_core.o(i.OS_EventTaskRemoveMulti) for OS_EventTaskRemoveMulti
    os_core.o(i.OS_EventTaskRdy) refers to os_core.o(.constdata) for .constdata
    os_core.o(i.OS_EventTaskRdy) refers to os_core.o(.bss) for .bss
    os_core.o(i.OS_EventTaskRdy) refers to os_core.o(.data) for .data
    os_core.o(i.OS_EventTaskWait) refers to os_core.o(.data) for .data
    os_core.o(i.OS_EventTaskWaitMulti) refers to os_core.o(.data) for .data
    os_core.o(i.OS_InitEventList) refers to os_core.o(i.OS_MemClr) for OS_MemClr
    os_core.o(i.OS_InitEventList) refers to os_core.o(.bss) for .bss
    os_core.o(i.OS_InitEventList) refers to os_core.o(.data) for .data
    os_core.o(i.OS_InitMisc) refers to os_core.o(.data) for .data
    os_core.o(i.OS_InitRdyList) refers to os_core.o(.data) for .data
    os_core.o(i.OS_InitTCBList) refers to os_core.o(i.OS_MemClr) for OS_MemClr
    os_core.o(i.OS_InitTCBList) refers to os_core.o(.bss) for .bss
    os_core.o(i.OS_InitTCBList) refers to os_core.o(.data) for .data
    os_core.o(i.OS_InitTaskIdle) refers to os_task.o(i.OSTaskCreateExt) for OSTaskCreateExt
    os_core.o(i.OS_InitTaskIdle) refers to os_task.o(i.OSTaskNameSet) for OSTaskNameSet
    os_core.o(i.OS_InitTaskIdle) refers to os_core.o(.bss) for .bss
    os_core.o(i.OS_InitTaskIdle) refers to os_core.o(i.OS_TaskIdle) for OS_TaskIdle
    os_core.o(i.OS_InitTaskStat) refers to os_task.o(i.OSTaskCreateExt) for OSTaskCreateExt
    os_core.o(i.OS_InitTaskStat) refers to os_task.o(i.OSTaskNameSet) for OSTaskNameSet
    os_core.o(i.OS_InitTaskStat) refers to os_core.o(.bss) for .bss
    os_core.o(i.OS_InitTaskStat) refers to os_core.o(i.OS_TaskStat) for OS_TaskStat
    os_core.o(i.OS_Sched) refers to os_cpu_a.o(.text) for OS_CPU_SR_Save
    os_core.o(i.OS_Sched) refers to os_core.o(i.OS_SchedNew) for OS_SchedNew
    os_core.o(i.OS_Sched) refers to os_core.o(.data) for .data
    os_core.o(i.OS_Sched) refers to os_core.o(.bss) for .bss
    os_core.o(i.OS_SchedNew) refers to os_core.o(.constdata) for .constdata
    os_core.o(i.OS_SchedNew) refers to os_core.o(.data) for .data
    os_core.o(i.OS_TCBInit) refers to os_cpu_a.o(.text) for OS_CPU_SR_Save
    os_core.o(i.OS_TCBInit) refers to os_cpu_c.o(i.OSTCBInitHook) for OSTCBInitHook
    os_core.o(i.OS_TCBInit) refers to os_cpu_c.o(i.OSTaskCreateHook) for OSTaskCreateHook
    os_core.o(i.OS_TCBInit) refers to os_core.o(.data) for .data
    os_core.o(i.OS_TCBInit) refers to os_core.o(.bss) for .bss
    os_core.o(i.OS_TaskIdle) refers to os_cpu_a.o(.text) for OS_CPU_SR_Save
    os_core.o(i.OS_TaskIdle) refers to os_cpu_c.o(i.OSTaskIdleHook) for OSTaskIdleHook
    os_core.o(i.OS_TaskIdle) refers to os_core.o(.data) for .data
    os_core.o(i.OS_TaskStat) refers to os_time.o(i.OSTimeDly) for OSTimeDly
    os_core.o(i.OS_TaskStat) refers to os_task.o(i.OSTaskSuspend) for OSTaskSuspend
    os_core.o(i.OS_TaskStat) refers to os_cpu_a.o(.text) for OS_CPU_SR_Save
    os_core.o(i.OS_TaskStat) refers to os_cpu_c.o(i.OSTaskStatHook) for OSTaskStatHook
    os_core.o(i.OS_TaskStat) refers to os_core.o(i.OS_TaskStatStkChk) for OS_TaskStatStkChk
    os_core.o(i.OS_TaskStat) refers to os_core.o(.data) for .data
    os_core.o(i.OS_TaskStatStkChk) refers to os_task.o(i.OSTaskStkChk) for OSTaskStkChk
    os_core.o(i.OS_TaskStatStkChk) refers to os_core.o(.bss) for .bss
    os_flag.o(i.OSFlagAccept) refers to os_cpu_a.o(.text) for OS_CPU_SR_Save
    os_flag.o(i.OSFlagCreate) refers to os_cpu_a.o(.text) for OS_CPU_SR_Save
    os_flag.o(i.OSFlagCreate) refers to os_core.o(.data) for OSIntNesting
    os_flag.o(i.OSFlagCreate) refers to os_core.o(.data) for OSFlagFreeList
    os_flag.o(i.OSFlagDel) refers to os_cpu_a.o(.text) for OS_CPU_SR_Save
    os_flag.o(i.OSFlagDel) refers to os_flag.o(i.OS_FlagTaskRdy) for OS_FlagTaskRdy
    os_flag.o(i.OSFlagDel) refers to os_core.o(i.OS_Sched) for OS_Sched
    os_flag.o(i.OSFlagDel) refers to os_core.o(.data) for OSIntNesting
    os_flag.o(i.OSFlagDel) refers to os_core.o(.data) for OSFlagFreeList
    os_flag.o(i.OSFlagNameGet) refers to os_cpu_a.o(.text) for OS_CPU_SR_Save
    os_flag.o(i.OSFlagNameGet) refers to os_core.o(i.OS_StrCopy) for OS_StrCopy
    os_flag.o(i.OSFlagNameGet) refers to os_core.o(.data) for OSIntNesting
    os_flag.o(i.OSFlagNameSet) refers to os_cpu_a.o(.text) for OS_CPU_SR_Save
    os_flag.o(i.OSFlagNameSet) refers to os_core.o(i.OS_StrLen) for OS_StrLen
    os_flag.o(i.OSFlagNameSet) refers to os_core.o(i.OS_StrCopy) for OS_StrCopy
    os_flag.o(i.OSFlagNameSet) refers to os_core.o(.data) for OSIntNesting
    os_flag.o(i.OSFlagPend) refers to os_cpu_a.o(.text) for OS_CPU_SR_Save
    os_flag.o(i.OSFlagPend) refers to os_flag.o(i.OS_FlagBlock) for OS_FlagBlock
    os_flag.o(i.OSFlagPend) refers to os_core.o(i.OS_Sched) for OS_Sched
    os_flag.o(i.OSFlagPend) refers to os_flag.o(i.OS_FlagUnlink) for OS_FlagUnlink
    os_flag.o(i.OSFlagPend) refers to os_core.o(.data) for OSIntNesting
    os_flag.o(i.OSFlagPendGetFlagsRdy) refers to os_cpu_a.o(.text) for OS_CPU_SR_Save
    os_flag.o(i.OSFlagPendGetFlagsRdy) refers to os_core.o(.data) for OSTCBCur
    os_flag.o(i.OSFlagPost) refers to os_cpu_a.o(.text) for OS_CPU_SR_Save
    os_flag.o(i.OSFlagPost) refers to os_flag.o(i.OS_FlagTaskRdy) for OS_FlagTaskRdy
    os_flag.o(i.OSFlagPost) refers to os_core.o(i.OS_Sched) for OS_Sched
    os_flag.o(i.OSFlagQuery) refers to os_cpu_a.o(.text) for OS_CPU_SR_Save
    os_flag.o(i.OS_FlagBlock) refers to os_core.o(.data) for OSTCBCur
    os_flag.o(i.OS_FlagInit) refers to os_core.o(i.OS_MemClr) for OS_MemClr
    os_flag.o(i.OS_FlagInit) refers to os_core.o(.bss) for OSFlagTbl
    os_flag.o(i.OS_FlagInit) refers to os_core.o(.data) for OSFlagFreeList
    os_flag.o(i.OS_FlagTaskRdy) refers to os_flag.o(i.OS_FlagUnlink) for OS_FlagUnlink
    os_flag.o(i.OS_FlagTaskRdy) refers to os_core.o(.data) for OSRdyGrp
    os_mbox.o(i.OSMboxAccept) refers to os_cpu_a.o(.text) for OS_CPU_SR_Save
    os_mbox.o(i.OSMboxCreate) refers to os_cpu_a.o(.text) for OS_CPU_SR_Save
    os_mbox.o(i.OSMboxCreate) refers to os_core.o(i.OS_EventWaitListInit) for OS_EventWaitListInit
    os_mbox.o(i.OSMboxCreate) refers to os_core.o(.data) for OSIntNesting
    os_mbox.o(i.OSMboxDel) refers to os_cpu_a.o(.text) for OS_CPU_SR_Save
    os_mbox.o(i.OSMboxDel) refers to os_core.o(i.OS_EventTaskRdy) for OS_EventTaskRdy
    os_mbox.o(i.OSMboxDel) refers to os_core.o(i.OS_Sched) for OS_Sched
    os_mbox.o(i.OSMboxDel) refers to os_core.o(.data) for OSIntNesting
    os_mbox.o(i.OSMboxPend) refers to os_cpu_a.o(.text) for OS_CPU_SR_Save
    os_mbox.o(i.OSMboxPend) refers to os_core.o(i.OS_EventTaskWait) for OS_EventTaskWait
    os_mbox.o(i.OSMboxPend) refers to os_core.o(i.OS_Sched) for OS_Sched
    os_mbox.o(i.OSMboxPend) refers to os_core.o(i.OS_EventTaskRemove) for OS_EventTaskRemove
    os_mbox.o(i.OSMboxPend) refers to os_core.o(.data) for OSIntNesting
    os_mbox.o(i.OSMboxPendAbort) refers to os_cpu_a.o(.text) for OS_CPU_SR_Save
    os_mbox.o(i.OSMboxPendAbort) refers to os_core.o(i.OS_EventTaskRdy) for OS_EventTaskRdy
    os_mbox.o(i.OSMboxPendAbort) refers to os_core.o(i.OS_Sched) for OS_Sched
    os_mbox.o(i.OSMboxPost) refers to os_cpu_a.o(.text) for OS_CPU_SR_Save
    os_mbox.o(i.OSMboxPost) refers to os_core.o(i.OS_EventTaskRdy) for OS_EventTaskRdy
    os_mbox.o(i.OSMboxPost) refers to os_core.o(i.OS_Sched) for OS_Sched
    os_mbox.o(i.OSMboxPostOpt) refers to os_cpu_a.o(.text) for OS_CPU_SR_Save
    os_mbox.o(i.OSMboxPostOpt) refers to os_core.o(i.OS_EventTaskRdy) for OS_EventTaskRdy
    os_mbox.o(i.OSMboxPostOpt) refers to os_core.o(i.OS_Sched) for OS_Sched
    os_mbox.o(i.OSMboxQuery) refers to os_cpu_a.o(.text) for OS_CPU_SR_Save
    os_sem.o(i.OSSemAccept) refers to os_cpu_a.o(.text) for OS_CPU_SR_Save
    os_sem.o(i.OSSemCreate) refers to os_cpu_a.o(.text) for OS_CPU_SR_Save
    os_sem.o(i.OSSemCreate) refers to os_core.o(i.OS_EventWaitListInit) for OS_EventWaitListInit
    os_sem.o(i.OSSemCreate) refers to os_core.o(.data) for OSIntNesting
    os_sem.o(i.OSSemDel) refers to os_cpu_a.o(.text) for OS_CPU_SR_Save
    os_sem.o(i.OSSemDel) refers to os_core.o(i.OS_EventTaskRdy) for OS_EventTaskRdy
    os_sem.o(i.OSSemDel) refers to os_core.o(i.OS_Sched) for OS_Sched
    os_sem.o(i.OSSemDel) refers to os_core.o(.data) for OSIntNesting
    os_sem.o(i.OSSemPend) refers to os_cpu_a.o(.text) for OS_CPU_SR_Save
    os_sem.o(i.OSSemPend) refers to os_core.o(i.OS_EventTaskWait) for OS_EventTaskWait
    os_sem.o(i.OSSemPend) refers to os_core.o(i.OS_Sched) for OS_Sched
    os_sem.o(i.OSSemPend) refers to os_core.o(i.OS_EventTaskRemove) for OS_EventTaskRemove
    os_sem.o(i.OSSemPend) refers to os_core.o(.data) for OSIntNesting
    os_sem.o(i.OSSemPendAbort) refers to os_cpu_a.o(.text) for OS_CPU_SR_Save
    os_sem.o(i.OSSemPendAbort) refers to os_core.o(i.OS_EventTaskRdy) for OS_EventTaskRdy
    os_sem.o(i.OSSemPendAbort) refers to os_core.o(i.OS_Sched) for OS_Sched
    os_sem.o(i.OSSemPost) refers to os_cpu_a.o(.text) for OS_CPU_SR_Save
    os_sem.o(i.OSSemPost) refers to os_core.o(i.OS_EventTaskRdy) for OS_EventTaskRdy
    os_sem.o(i.OSSemPost) refers to os_core.o(i.OS_Sched) for OS_Sched
    os_sem.o(i.OSSemQuery) refers to os_cpu_a.o(.text) for OS_CPU_SR_Save
    os_sem.o(i.OSSemSet) refers to os_cpu_a.o(.text) for OS_CPU_SR_Save
    os_task.o(i.OSTaskChangePrio) refers to os_cpu_a.o(.text) for OS_CPU_SR_Save
    os_task.o(i.OSTaskChangePrio) refers to os_core.o(i.OS_Sched) for OS_Sched
    os_task.o(i.OSTaskChangePrio) refers to os_core.o(.bss) for OSTCBPrioTbl
    os_task.o(i.OSTaskChangePrio) refers to os_core.o(.data) for OSTCBCur
    os_task.o(i.OSTaskCreate) refers to os_cpu_a.o(.text) for OS_CPU_SR_Save
    os_task.o(i.OSTaskCreate) refers to os_cpu_c.o(i.OSTaskStkInit) for OSTaskStkInit
    os_task.o(i.OSTaskCreate) refers to os_core.o(i.OS_TCBInit) for OS_TCBInit
    os_task.o(i.OSTaskCreate) refers to os_core.o(i.OS_Sched) for OS_Sched
    os_task.o(i.OSTaskCreate) refers to os_core.o(.data) for OSIntNesting
    os_task.o(i.OSTaskCreate) refers to os_core.o(.bss) for OSTCBPrioTbl
    os_task.o(i.OSTaskCreateExt) refers to os_cpu_a.o(.text) for OS_CPU_SR_Save
    os_task.o(i.OSTaskCreateExt) refers to os_task.o(i.OS_TaskStkClr) for OS_TaskStkClr
    os_task.o(i.OSTaskCreateExt) refers to os_cpu_c.o(i.OSTaskStkInit) for OSTaskStkInit
    os_task.o(i.OSTaskCreateExt) refers to os_core.o(i.OS_TCBInit) for OS_TCBInit
    os_task.o(i.OSTaskCreateExt) refers to os_core.o(i.OS_Sched) for OS_Sched
    os_task.o(i.OSTaskCreateExt) refers to os_core.o(.data) for OSIntNesting
    os_task.o(i.OSTaskCreateExt) refers to os_core.o(.bss) for OSTCBPrioTbl
    os_task.o(i.OSTaskDel) refers to os_cpu_a.o(.text) for OS_CPU_SR_Save
    os_task.o(i.OSTaskDel) refers to os_core.o(i.OS_EventTaskRemove) for OS_EventTaskRemove
    os_task.o(i.OSTaskDel) refers to os_core.o(i.OS_EventTaskRemoveMulti) for OS_EventTaskRemoveMulti
    os_task.o(i.OSTaskDel) refers to os_flag.o(i.OS_FlagUnlink) for OS_FlagUnlink
    os_task.o(i.OSTaskDel) refers to os_core.o(i.OS_Dummy) for OS_Dummy
    os_task.o(i.OSTaskDel) refers to os_cpu_c.o(i.OSTaskDelHook) for OSTaskDelHook
    os_task.o(i.OSTaskDel) refers to os_core.o(i.OS_Sched) for OS_Sched
    os_task.o(i.OSTaskDel) refers to os_core.o(.data) for OSIntNesting
    os_task.o(i.OSTaskDel) refers to os_core.o(.bss) for OSTCBPrioTbl
    os_task.o(i.OSTaskDelReq) refers to os_cpu_a.o(.text) for OS_CPU_SR_Save
    os_task.o(i.OSTaskDelReq) refers to os_core.o(.bss) for OSTCBPrioTbl
    os_task.o(i.OSTaskDelReq) refers to os_core.o(.data) for OSTCBCur
    os_task.o(i.OSTaskNameGet) refers to os_cpu_a.o(.text) for OS_CPU_SR_Save
    os_task.o(i.OSTaskNameGet) refers to os_core.o(i.OS_StrCopy) for OS_StrCopy
    os_task.o(i.OSTaskNameGet) refers to os_core.o(.data) for OSIntNesting
    os_task.o(i.OSTaskNameGet) refers to os_core.o(.bss) for OSTCBPrioTbl
    os_task.o(i.OSTaskNameSet) refers to os_cpu_a.o(.text) for OS_CPU_SR_Save
    os_task.o(i.OSTaskNameSet) refers to os_core.o(i.OS_StrLen) for OS_StrLen
    os_task.o(i.OSTaskNameSet) refers to os_core.o(i.OS_StrCopy) for OS_StrCopy
    os_task.o(i.OSTaskNameSet) refers to os_core.o(.data) for OSIntNesting
    os_task.o(i.OSTaskNameSet) refers to os_core.o(.bss) for OSTCBPrioTbl
    os_task.o(i.OSTaskQuery) refers to os_cpu_a.o(.text) for OS_CPU_SR_Save
    os_task.o(i.OSTaskQuery) refers to os_core.o(i.OS_MemCopy) for OS_MemCopy
    os_task.o(i.OSTaskQuery) refers to os_core.o(.data) for OSTCBCur
    os_task.o(i.OSTaskQuery) refers to os_core.o(.bss) for OSTCBPrioTbl
    os_task.o(i.OSTaskResume) refers to os_cpu_a.o(.text) for OS_CPU_SR_Save
    os_task.o(i.OSTaskResume) refers to os_core.o(i.OS_Sched) for OS_Sched
    os_task.o(i.OSTaskResume) refers to os_core.o(.bss) for OSTCBPrioTbl
    os_task.o(i.OSTaskResume) refers to os_core.o(.data) for OSRdyGrp
    os_task.o(i.OSTaskStkChk) refers to os_cpu_a.o(.text) for OS_CPU_SR_Save
    os_task.o(i.OSTaskStkChk) refers to os_core.o(.data) for OSTCBCur
    os_task.o(i.OSTaskStkChk) refers to os_core.o(.bss) for OSTCBPrioTbl
    os_task.o(i.OSTaskSuspend) refers to os_cpu_a.o(.text) for OS_CPU_SR_Save
    os_task.o(i.OSTaskSuspend) refers to os_core.o(i.OS_Sched) for OS_Sched
    os_task.o(i.OSTaskSuspend) refers to os_core.o(.data) for OSTCBCur
    os_task.o(i.OSTaskSuspend) refers to os_core.o(.bss) for OSTCBPrioTbl
    os_time.o(i.OSTimeDly) refers to os_cpu_a.o(.text) for OS_CPU_SR_Save
    os_time.o(i.OSTimeDly) refers to os_core.o(i.OS_Sched) for OS_Sched
    os_time.o(i.OSTimeDly) refers to os_core.o(.data) for OSIntNesting
    os_time.o(i.OSTimeDlyHMSM) refers to os_time.o(i.OSTimeDly) for OSTimeDly
    os_time.o(i.OSTimeDlyHMSM) refers to os_core.o(.data) for OSIntNesting
    os_time.o(i.OSTimeDlyResume) refers to os_cpu_a.o(.text) for OS_CPU_SR_Save
    os_time.o(i.OSTimeDlyResume) refers to os_core.o(i.OS_Sched) for OS_Sched
    os_time.o(i.OSTimeDlyResume) refers to os_core.o(.bss) for OSTCBPrioTbl
    os_time.o(i.OSTimeDlyResume) refers to os_core.o(.data) for OSRdyGrp
    os_time.o(i.OSTimeGet) refers to os_cpu_a.o(.text) for OS_CPU_SR_Save
    os_time.o(i.OSTimeGet) refers to os_core.o(.data) for OSTime
    os_time.o(i.OSTimeSet) refers to os_cpu_a.o(.text) for OS_CPU_SR_Save
    os_time.o(i.OSTimeSet) refers to os_core.o(.data) for OSTime
    os_cpu_c.o(i.OSTCBInitHook) refers to app.o(i.App_TCBInitHook) for App_TCBInitHook
    os_cpu_c.o(i.OSTaskCreateHook) refers to app.o(i.App_TaskCreateHook) for App_TaskCreateHook
    os_cpu_c.o(i.OSTaskDelHook) refers to app.o(i.App_TaskDelHook) for App_TaskDelHook
    os_cpu_c.o(i.OSTaskIdleHook) refers to app.o(i.App_TaskIdleHook) for App_TaskIdleHook
    os_cpu_c.o(i.OSTaskStatHook) refers to app.o(i.App_TaskStatHook) for App_TaskStatHook
    os_cpu_c.o(i.OSTaskSwHook) refers to app.o(i.App_TaskSwHook) for App_TaskSwHook
    os_cpu_c.o(i.OS_CPU_SysTickHandler) refers to os_cpu_a.o(.text) for OS_CPU_SR_Save
    os_cpu_c.o(i.OS_CPU_SysTickHandler) refers to os_core.o(i.OSTimeTick) for OSTimeTick
    os_cpu_c.o(i.OS_CPU_SysTickHandler) refers to os_core.o(i.OSIntExit) for OSIntExit
    os_cpu_c.o(i.OS_CPU_SysTickHandler) refers to os_core.o(.data) for OSIntNesting
    os_cpu_c.o(i.OS_CPU_SysTickInit) refers to bsp_isv2.o(i.OS_CPU_SysTickClkFreq) for OS_CPU_SysTickClkFreq
    os_cpu_a.o(.text) refers to os_core.o(.data) for OSRunning
    os_cpu_a.o(.text) refers to os_cpu_c.o(i.OSTaskSwHook) for OSTaskSwHook
    lib_mem.o(i.Mem_Clr) refers to lib_mem.o(i.Mem_Set) for Mem_Set
    lib_str.o(i.Str_Char_Last) refers to lib_str.o(i.Str_Len) for Str_Len
    lib_str.o(i.Str_Str) refers to lib_str.o(i.Str_Len) for Str_Len
    lib_str.o(i.Str_Str) refers to lib_str.o(i.Str_Cmp_N) for Str_Cmp_N
    stm32f10x_adc.o(i.ADC_DeInit) refers to stm32f10x_rcc.o(i.RCC_APB2PeriphResetCmd) for RCC_APB2PeriphResetCmd
    stm32f10x_bkp.o(i.BKP_DeInit) refers to stm32f10x_rcc.o(i.RCC_BackupResetCmd) for RCC_BackupResetCmd
    stm32f10x_can.o(i.CAN_DeInit) refers to stm32f10x_rcc.o(i.RCC_APB1PeriphResetCmd) for RCC_APB1PeriphResetCmd
    stm32f10x_can.o(i.CAN_GetITStatus) refers to stm32f10x_can.o(i.CheckITStatus) for CheckITStatus
    stm32f10x_can.o(i.CAN_Receive) refers to stm32f10x_can.o(i.CAN_FIFORelease) for CAN_FIFORelease
    stm32f10x_dac.o(i.DAC_DeInit) refers to stm32f10x_rcc.o(i.RCC_APB1PeriphResetCmd) for RCC_APB1PeriphResetCmd
    stm32f10x_flash.o(i.FLASH_EnableWriteProtection) refers to stm32f10x_flash.o(i.FLASH_WaitForLastOperation) for FLASH_WaitForLastOperation
    stm32f10x_flash.o(i.FLASH_EraseAllPages) refers to stm32f10x_flash.o(i.FLASH_WaitForLastOperation) for FLASH_WaitForLastOperation
    stm32f10x_flash.o(i.FLASH_EraseOptionBytes) refers to stm32f10x_flash.o(i.FLASH_WaitForLastOperation) for FLASH_WaitForLastOperation
    stm32f10x_flash.o(i.FLASH_ErasePage) refers to stm32f10x_flash.o(i.FLASH_WaitForLastOperation) for FLASH_WaitForLastOperation
    stm32f10x_flash.o(i.FLASH_ProgramHalfWord) refers to stm32f10x_flash.o(i.FLASH_WaitForLastOperation) for FLASH_WaitForLastOperation
    stm32f10x_flash.o(i.FLASH_ProgramOptionByteData) refers to stm32f10x_flash.o(i.FLASH_WaitForLastOperation) for FLASH_WaitForLastOperation
    stm32f10x_flash.o(i.FLASH_ProgramWord) refers to stm32f10x_flash.o(i.FLASH_WaitForLastOperation) for FLASH_WaitForLastOperation
    stm32f10x_flash.o(i.FLASH_ReadOutProtection) refers to stm32f10x_flash.o(i.FLASH_WaitForLastOperation) for FLASH_WaitForLastOperation
    stm32f10x_flash.o(i.FLASH_UserOptionByteConfig) refers to stm32f10x_flash.o(i.FLASH_WaitForLastOperation) for FLASH_WaitForLastOperation
    stm32f10x_flash.o(i.FLASH_WaitForLastOperation) refers to stm32f10x_flash.o(i.FLASH_GetStatus) for FLASH_GetStatus
    stm32f10x_flash.o(i.FLASH_WaitForLastOperation) refers to stm32f10x_flash.o(i.delay) for delay
    stm32f10x_gpio.o(i.GPIO_AFIODeInit) refers to stm32f10x_rcc.o(i.RCC_APB2PeriphResetCmd) for RCC_APB2PeriphResetCmd
    stm32f10x_gpio.o(i.GPIO_DeInit) refers to stm32f10x_rcc.o(i.RCC_APB2PeriphResetCmd) for RCC_APB2PeriphResetCmd
    stm32f10x_i2c.o(i.I2C_DeInit) refers to stm32f10x_rcc.o(i.RCC_APB1PeriphResetCmd) for RCC_APB1PeriphResetCmd
    stm32f10x_i2c.o(i.I2C_Init) refers to stm32f10x_rcc.o(i.RCC_GetClocksFreq) for RCC_GetClocksFreq
    stm32f10x_pwr.o(i.PWR_DeInit) refers to stm32f10x_rcc.o(i.RCC_APB1PeriphResetCmd) for RCC_APB1PeriphResetCmd
    stm32f10x_rcc.o(i.RCC_GetClocksFreq) refers to stm32f10x_rcc.o(.data) for .data
    stm32f10x_rcc.o(i.RCC_WaitForHSEStartUp) refers to stm32f10x_rcc.o(i.RCC_GetFlagStatus) for RCC_GetFlagStatus
    stm32f10x_rtc.o(i.RTC_SetAlarm) refers to stm32f10x_rtc.o(i.RTC_EnterConfigMode) for RTC_EnterConfigMode
    stm32f10x_rtc.o(i.RTC_SetAlarm) refers to stm32f10x_rtc.o(i.RTC_ExitConfigMode) for RTC_ExitConfigMode
    stm32f10x_rtc.o(i.RTC_SetCounter) refers to stm32f10x_rtc.o(i.RTC_EnterConfigMode) for RTC_EnterConfigMode
    stm32f10x_rtc.o(i.RTC_SetCounter) refers to stm32f10x_rtc.o(i.RTC_ExitConfigMode) for RTC_ExitConfigMode
    stm32f10x_rtc.o(i.RTC_SetPrescaler) refers to stm32f10x_rtc.o(i.RTC_EnterConfigMode) for RTC_EnterConfigMode
    stm32f10x_rtc.o(i.RTC_SetPrescaler) refers to stm32f10x_rtc.o(i.RTC_ExitConfigMode) for RTC_ExitConfigMode
    stm32f10x_spi.o(i.I2S_Init) refers to stm32f10x_rcc.o(i.RCC_GetClocksFreq) for RCC_GetClocksFreq
    stm32f10x_spi.o(i.SPI_I2S_DeInit) refers to stm32f10x_rcc.o(i.RCC_APB2PeriphResetCmd) for RCC_APB2PeriphResetCmd
    stm32f10x_spi.o(i.SPI_I2S_DeInit) refers to stm32f10x_rcc.o(i.RCC_APB1PeriphResetCmd) for RCC_APB1PeriphResetCmd
    stm32f10x_tim.o(i.TIM_DeInit) refers to stm32f10x_rcc.o(i.RCC_APB1PeriphResetCmd) for RCC_APB1PeriphResetCmd
    stm32f10x_tim.o(i.TIM_DeInit) refers to stm32f10x_rcc.o(i.RCC_APB2PeriphResetCmd) for RCC_APB2PeriphResetCmd
    stm32f10x_tim.o(i.TIM_ETRClockMode1Config) refers to stm32f10x_tim.o(i.TIM_ETRConfig) for TIM_ETRConfig
    stm32f10x_tim.o(i.TIM_ETRClockMode2Config) refers to stm32f10x_tim.o(i.TIM_ETRConfig) for TIM_ETRConfig
    stm32f10x_tim.o(i.TIM_ICInit) refers to stm32f10x_tim.o(i.TI4_Config) for TI4_Config
    stm32f10x_tim.o(i.TIM_ICInit) refers to stm32f10x_tim.o(i.TIM_SetIC4Prescaler) for TIM_SetIC4Prescaler
    stm32f10x_tim.o(i.TIM_ICInit) refers to stm32f10x_tim.o(i.TI1_Config) for TI1_Config
    stm32f10x_tim.o(i.TIM_ICInit) refers to stm32f10x_tim.o(i.TIM_SetIC1Prescaler) for TIM_SetIC1Prescaler
    stm32f10x_tim.o(i.TIM_ICInit) refers to stm32f10x_tim.o(i.TI2_Config) for TI2_Config
    stm32f10x_tim.o(i.TIM_ICInit) refers to stm32f10x_tim.o(i.TIM_SetIC2Prescaler) for TIM_SetIC2Prescaler
    stm32f10x_tim.o(i.TIM_ICInit) refers to stm32f10x_tim.o(i.TI3_Config) for TI3_Config
    stm32f10x_tim.o(i.TIM_ICInit) refers to stm32f10x_tim.o(i.TIM_SetIC3Prescaler) for TIM_SetIC3Prescaler
    stm32f10x_tim.o(i.TIM_ITRxExternalClockConfig) refers to stm32f10x_tim.o(i.TIM_SelectInputTrigger) for TIM_SelectInputTrigger
    stm32f10x_tim.o(i.TIM_PWMIConfig) refers to stm32f10x_tim.o(i.TI2_Config) for TI2_Config
    stm32f10x_tim.o(i.TIM_PWMIConfig) refers to stm32f10x_tim.o(i.TIM_SetIC2Prescaler) for TIM_SetIC2Prescaler
    stm32f10x_tim.o(i.TIM_PWMIConfig) refers to stm32f10x_tim.o(i.TI1_Config) for TI1_Config
    stm32f10x_tim.o(i.TIM_PWMIConfig) refers to stm32f10x_tim.o(i.TIM_SetIC1Prescaler) for TIM_SetIC1Prescaler
    stm32f10x_tim.o(i.TIM_TIxExternalClockConfig) refers to stm32f10x_tim.o(i.TI1_Config) for TI1_Config
    stm32f10x_tim.o(i.TIM_TIxExternalClockConfig) refers to stm32f10x_tim.o(i.TIM_SelectInputTrigger) for TIM_SelectInputTrigger
    stm32f10x_tim.o(i.TIM_TIxExternalClockConfig) refers to stm32f10x_tim.o(i.TI2_Config) for TI2_Config
    stm32f10x_usart.o(i.USART_DeInit) refers to stm32f10x_rcc.o(i.RCC_APB1PeriphResetCmd) for RCC_APB1PeriphResetCmd
    stm32f10x_usart.o(i.USART_DeInit) refers to stm32f10x_rcc.o(i.RCC_APB2PeriphResetCmd) for RCC_APB2PeriphResetCmd
    stm32f10x_usart.o(i.USART_Init) refers to stm32f10x_rcc.o(i.RCC_GetClocksFreq) for RCC_GetClocksFreq
    stm32f10x_wwdg.o(i.WWDG_DeInit) refers to stm32f10x_rcc.o(i.RCC_APB1PeriphResetCmd) for RCC_APB1PeriphResetCmd
    entry.o(.ARM.Collect$$$$00000000) refers (Special) to entry7.o(.ARM.Collect$$$$00000007) for _main_init
    entry.o(.ARM.Collect$$$$00000000) refers (Special) to entry5.o(.ARM.Collect$$$$00000004) for _main_scatterload
    entry.o(.ARM.Collect$$$$00000000) refers (Special) to entry4.o(.ARM.Collect$$$$00000003) for _main_stk
    printfb.o(i.__0fprintf$bare) refers to printfb.o(i._printf_core) for _printf_core
    printfb.o(i.__0fprintf$bare) refers to bsp_isv2.o(i.fputc) for fputc
    printfb.o(i.__0printf$bare) refers to printfb.o(i._printf_core) for _printf_core
    printfb.o(i.__0printf$bare) refers to bsp_isv2.o(i.fputc) for fputc
    printfb.o(i.__0printf$bare) refers to stdout.o(.data) for __stdout
    printfb.o(i.__0snprintf$bare) refers to printfb.o(i._printf_core) for _printf_core
    printfb.o(i.__0snprintf$bare) refers to printfb.o(i._snputc) for _snputc
    printfb.o(i.__0sprintf$bare) refers to printfb.o(i._printf_core) for _printf_core
    printfb.o(i.__0sprintf$bare) refers to printfb.o(i._sputc) for _sputc
    printfb.o(i.__0vfprintf$bare) refers to printfb.o(i._printf_core) for _printf_core
    printfb.o(i.__0vfprintf$bare) refers to bsp_isv2.o(i.fputc) for fputc
    printfb.o(i.__0vprintf$bare) refers to printfb.o(i._printf_core) for _printf_core
    printfb.o(i.__0vprintf$bare) refers to bsp_isv2.o(i.fputc) for fputc
    printfb.o(i.__0vprintf$bare) refers to stdout.o(.data) for __stdout
    printfb.o(i.__0vsnprintf$bare) refers to printfb.o(i._printf_core) for _printf_core
    printfb.o(i.__0vsnprintf$bare) refers to printfb.o(i._snputc) for _snputc
    printfb.o(i.__0vsprintf$bare) refers to printfb.o(i._printf_core) for _printf_core
    printfb.o(i.__0vsprintf$bare) refers to printfb.o(i._sputc) for _sputc
    printf0.o(i.__0fprintf$0) refers to printf0.o(i._printf_core) for _printf_core
    printf0.o(i.__0fprintf$0) refers to bsp_isv2.o(i.fputc) for fputc
    printf0.o(i.__0printf$0) refers to printf0.o(i._printf_core) for _printf_core
    printf0.o(i.__0printf$0) refers to bsp_isv2.o(i.fputc) for fputc
    printf0.o(i.__0printf$0) refers to stdout.o(.data) for __stdout
    printf0.o(i.__0snprintf$0) refers to printf0.o(i._printf_core) for _printf_core
    printf0.o(i.__0snprintf$0) refers to printf0.o(i._snputc) for _snputc
    printf0.o(i.__0sprintf$0) refers to printf0.o(i._printf_core) for _printf_core
    printf0.o(i.__0sprintf$0) refers to printf0.o(i._sputc) for _sputc
    printf0.o(i.__0vfprintf$0) refers to printf0.o(i._printf_core) for _printf_core
    printf0.o(i.__0vfprintf$0) refers to bsp_isv2.o(i.fputc) for fputc
    printf0.o(i.__0vprintf$0) refers to printf0.o(i._printf_core) for _printf_core
    printf0.o(i.__0vprintf$0) refers to bsp_isv2.o(i.fputc) for fputc
    printf0.o(i.__0vprintf$0) refers to stdout.o(.data) for __stdout
    printf0.o(i.__0vsnprintf$0) refers to printf0.o(i._printf_core) for _printf_core
    printf0.o(i.__0vsnprintf$0) refers to printf0.o(i._snputc) for _snputc
    printf0.o(i.__0vsprintf$0) refers to printf0.o(i._printf_core) for _printf_core
    printf0.o(i.__0vsprintf$0) refers to printf0.o(i._sputc) for _sputc
    printf1.o(i.__0fprintf$1) refers to printf1.o(i._printf_core) for _printf_core
    printf1.o(i.__0fprintf$1) refers to bsp_isv2.o(i.fputc) for fputc
    printf1.o(i.__0printf$1) refers to printf1.o(i._printf_core) for _printf_core
    printf1.o(i.__0printf$1) refers to bsp_isv2.o(i.fputc) for fputc
    printf1.o(i.__0printf$1) refers to stdout.o(.data) for __stdout
    printf1.o(i.__0snprintf$1) refers to printf1.o(i._printf_core) for _printf_core
    printf1.o(i.__0snprintf$1) refers to printf1.o(i._snputc) for _snputc
    printf1.o(i.__0sprintf$1) refers to printf1.o(i._printf_core) for _printf_core
    printf1.o(i.__0sprintf$1) refers to printf1.o(i._sputc) for _sputc
    printf1.o(i.__0vfprintf$1) refers to printf1.o(i._printf_core) for _printf_core
    printf1.o(i.__0vfprintf$1) refers to bsp_isv2.o(i.fputc) for fputc
    printf1.o(i.__0vprintf$1) refers to printf1.o(i._printf_core) for _printf_core
    printf1.o(i.__0vprintf$1) refers to bsp_isv2.o(i.fputc) for fputc
    printf1.o(i.__0vprintf$1) refers to stdout.o(.data) for __stdout
    printf1.o(i.__0vsnprintf$1) refers to printf1.o(i._printf_core) for _printf_core
    printf1.o(i.__0vsnprintf$1) refers to printf1.o(i._snputc) for _snputc
    printf1.o(i.__0vsprintf$1) refers to printf1.o(i._printf_core) for _printf_core
    printf1.o(i.__0vsprintf$1) refers to printf1.o(i._sputc) for _sputc
    printf1.o(i._printf_core) refers to uidiv.o(.text) for __aeabi_uidivmod
    printf2.o(i.__0fprintf$2) refers to printf2.o(i._printf_core) for _printf_core
    printf2.o(i.__0fprintf$2) refers to bsp_isv2.o(i.fputc) for fputc
    printf2.o(i.__0printf$2) refers to printf2.o(i._printf_core) for _printf_core
    printf2.o(i.__0printf$2) refers to bsp_isv2.o(i.fputc) for fputc
    printf2.o(i.__0printf$2) refers to stdout.o(.data) for __stdout
    printf2.o(i.__0snprintf$2) refers to printf2.o(i._printf_core) for _printf_core
    printf2.o(i.__0snprintf$2) refers to printf2.o(i._snputc) for _snputc
    printf2.o(i.__0sprintf$2) refers to printf2.o(i._printf_core) for _printf_core
    printf2.o(i.__0sprintf$2) refers to printf2.o(i._sputc) for _sputc
    printf2.o(i.__0vfprintf$2) refers to printf2.o(i._printf_core) for _printf_core
    printf2.o(i.__0vfprintf$2) refers to bsp_isv2.o(i.fputc) for fputc
    printf2.o(i.__0vprintf$2) refers to printf2.o(i._printf_core) for _printf_core
    printf2.o(i.__0vprintf$2) refers to bsp_isv2.o(i.fputc) for fputc
    printf2.o(i.__0vprintf$2) refers to stdout.o(.data) for __stdout
    printf2.o(i.__0vsnprintf$2) refers to printf2.o(i._printf_core) for _printf_core
    printf2.o(i.__0vsnprintf$2) refers to printf2.o(i._snputc) for _snputc
    printf2.o(i.__0vsprintf$2) refers to printf2.o(i._printf_core) for _printf_core
    printf2.o(i.__0vsprintf$2) refers to printf2.o(i._sputc) for _sputc
    printf3.o(i.__0fprintf$3) refers to printf3.o(i._printf_core) for _printf_core
    printf3.o(i.__0fprintf$3) refers to bsp_isv2.o(i.fputc) for fputc
    printf3.o(i.__0printf$3) refers to printf3.o(i._printf_core) for _printf_core
    printf3.o(i.__0printf$3) refers to bsp_isv2.o(i.fputc) for fputc
    printf3.o(i.__0printf$3) refers to stdout.o(.data) for __stdout
    printf3.o(i.__0snprintf$3) refers to printf3.o(i._printf_core) for _printf_core
    printf3.o(i.__0snprintf$3) refers to printf3.o(i._snputc) for _snputc
    printf3.o(i.__0sprintf$3) refers to printf3.o(i._printf_core) for _printf_core
    printf3.o(i.__0sprintf$3) refers to printf3.o(i._sputc) for _sputc
    printf3.o(i.__0vfprintf$3) refers to printf3.o(i._printf_core) for _printf_core
    printf3.o(i.__0vfprintf$3) refers to bsp_isv2.o(i.fputc) for fputc
    printf3.o(i.__0vprintf$3) refers to printf3.o(i._printf_core) for _printf_core
    printf3.o(i.__0vprintf$3) refers to bsp_isv2.o(i.fputc) for fputc
    printf3.o(i.__0vprintf$3) refers to stdout.o(.data) for __stdout
    printf3.o(i.__0vsnprintf$3) refers to printf3.o(i._printf_core) for _printf_core
    printf3.o(i.__0vsnprintf$3) refers to printf3.o(i._snputc) for _snputc
    printf3.o(i.__0vsprintf$3) refers to printf3.o(i._printf_core) for _printf_core
    printf3.o(i.__0vsprintf$3) refers to printf3.o(i._sputc) for _sputc
    printf3.o(i._printf_core) refers to uidiv.o(.text) for __aeabi_uidivmod
    printf4.o(i.__0fprintf$4) refers to printf4.o(i._printf_core) for _printf_core
    printf4.o(i.__0fprintf$4) refers to bsp_isv2.o(i.fputc) for fputc
    printf4.o(i.__0printf$4) refers to printf4.o(i._printf_core) for _printf_core
    printf4.o(i.__0printf$4) refers to bsp_isv2.o(i.fputc) for fputc
    printf4.o(i.__0printf$4) refers to stdout.o(.data) for __stdout
    printf4.o(i.__0snprintf$4) refers to printf4.o(i._printf_core) for _printf_core
    printf4.o(i.__0snprintf$4) refers to printf4.o(i._snputc) for _snputc
    printf4.o(i.__0sprintf$4) refers to printf4.o(i._printf_core) for _printf_core
    printf4.o(i.__0sprintf$4) refers to printf4.o(i._sputc) for _sputc
    printf4.o(i.__0vfprintf$4) refers to printf4.o(i._printf_core) for _printf_core
    printf4.o(i.__0vfprintf$4) refers to bsp_isv2.o(i.fputc) for fputc
    printf4.o(i.__0vprintf$4) refers to printf4.o(i._printf_core) for _printf_core
    printf4.o(i.__0vprintf$4) refers to bsp_isv2.o(i.fputc) for fputc
    printf4.o(i.__0vprintf$4) refers to stdout.o(.data) for __stdout
    printf4.o(i.__0vsnprintf$4) refers to printf4.o(i._printf_core) for _printf_core
    printf4.o(i.__0vsnprintf$4) refers to printf4.o(i._snputc) for _snputc
    printf4.o(i.__0vsprintf$4) refers to printf4.o(i._printf_core) for _printf_core
    printf4.o(i.__0vsprintf$4) refers to printf4.o(i._sputc) for _sputc
    printf4.o(i._printf_core) refers to uldiv.o(.text) for __aeabi_uldivmod
    printf5.o(i.__0fprintf$5) refers to printf5.o(i._printf_core) for _printf_core
    printf5.o(i.__0fprintf$5) refers to bsp_isv2.o(i.fputc) for fputc
    printf5.o(i.__0printf$5) refers to printf5.o(i._printf_core) for _printf_core
    printf5.o(i.__0printf$5) refers to bsp_isv2.o(i.fputc) for fputc
    printf5.o(i.__0printf$5) refers to stdout.o(.data) for __stdout
    printf5.o(i.__0snprintf$5) refers to printf5.o(i._printf_core) for _printf_core
    printf5.o(i.__0snprintf$5) refers to printf5.o(i._snputc) for _snputc
    printf5.o(i.__0sprintf$5) refers to printf5.o(i._printf_core) for _printf_core
    printf5.o(i.__0sprintf$5) refers to printf5.o(i._sputc) for _sputc
    printf5.o(i.__0vfprintf$5) refers to printf5.o(i._printf_core) for _printf_core
    printf5.o(i.__0vfprintf$5) refers to bsp_isv2.o(i.fputc) for fputc
    printf5.o(i.__0vprintf$5) refers to printf5.o(i._printf_core) for _printf_core
    printf5.o(i.__0vprintf$5) refers to bsp_isv2.o(i.fputc) for fputc
    printf5.o(i.__0vprintf$5) refers to stdout.o(.data) for __stdout
    printf5.o(i.__0vsnprintf$5) refers to printf5.o(i._printf_core) for _printf_core
    printf5.o(i.__0vsnprintf$5) refers to printf5.o(i._snputc) for _snputc
    printf5.o(i.__0vsprintf$5) refers to printf5.o(i._printf_core) for _printf_core
    printf5.o(i.__0vsprintf$5) refers to printf5.o(i._sputc) for _sputc
    printf5.o(i._printf_core) refers to uldiv.o(.text) for __aeabi_uldivmod
    printf6.o(i.__0fprintf$6) refers to printf6.o(i._printf_core) for _printf_core
    printf6.o(i.__0fprintf$6) refers to bsp_isv2.o(i.fputc) for fputc
    printf6.o(i.__0printf$6) refers to printf6.o(i._printf_core) for _printf_core
    printf6.o(i.__0printf$6) refers to bsp_isv2.o(i.fputc) for fputc
    printf6.o(i.__0printf$6) refers to stdout.o(.data) for __stdout
    printf6.o(i.__0snprintf$6) refers to printf6.o(i._printf_core) for _printf_core
    printf6.o(i.__0snprintf$6) refers to printf6.o(i._snputc) for _snputc
    printf6.o(i.__0sprintf$6) refers to printf6.o(i._printf_core) for _printf_core
    printf6.o(i.__0sprintf$6) refers to printf6.o(i._sputc) for _sputc
    printf6.o(i.__0vfprintf$6) refers to printf6.o(i._printf_core) for _printf_core
    printf6.o(i.__0vfprintf$6) refers to bsp_isv2.o(i.fputc) for fputc
    printf6.o(i.__0vprintf$6) refers to printf6.o(i._printf_core) for _printf_core
    printf6.o(i.__0vprintf$6) refers to bsp_isv2.o(i.fputc) for fputc
    printf6.o(i.__0vprintf$6) refers to stdout.o(.data) for __stdout
    printf6.o(i.__0vsnprintf$6) refers to printf6.o(i._printf_core) for _printf_core
    printf6.o(i.__0vsnprintf$6) refers to printf6.o(i._snputc) for _snputc
    printf6.o(i.__0vsprintf$6) refers to printf6.o(i._printf_core) for _printf_core
    printf6.o(i.__0vsprintf$6) refers to printf6.o(i._sputc) for _sputc
    printf6.o(i._printf_core) refers to printf6.o(i._printf_pre_padding) for _printf_pre_padding
    printf6.o(i._printf_core) refers to uidiv.o(.text) for __aeabi_uidivmod
    printf6.o(i._printf_core) refers to printf6.o(i._printf_post_padding) for _printf_post_padding
    printf7.o(i.__0fprintf$7) refers to printf7.o(i._printf_core) for _printf_core
    printf7.o(i.__0fprintf$7) refers to bsp_isv2.o(i.fputc) for fputc
    printf7.o(i.__0printf$7) refers to printf7.o(i._printf_core) for _printf_core
    printf7.o(i.__0printf$7) refers to bsp_isv2.o(i.fputc) for fputc
    printf7.o(i.__0printf$7) refers to stdout.o(.data) for __stdout
    printf7.o(i.__0snprintf$7) refers to printf7.o(i._printf_core) for _printf_core
    printf7.o(i.__0snprintf$7) refers to printf7.o(i._snputc) for _snputc
    printf7.o(i.__0sprintf$7) refers to printf7.o(i._printf_core) for _printf_core
    printf7.o(i.__0sprintf$7) refers to printf7.o(i._sputc) for _sputc
    printf7.o(i.__0vfprintf$7) refers to printf7.o(i._printf_core) for _printf_core
    printf7.o(i.__0vfprintf$7) refers to bsp_isv2.o(i.fputc) for fputc
    printf7.o(i.__0vprintf$7) refers to printf7.o(i._printf_core) for _printf_core
    printf7.o(i.__0vprintf$7) refers to bsp_isv2.o(i.fputc) for fputc
    printf7.o(i.__0vprintf$7) refers to stdout.o(.data) for __stdout
    printf7.o(i.__0vsnprintf$7) refers to printf7.o(i._printf_core) for _printf_core
    printf7.o(i.__0vsnprintf$7) refers to printf7.o(i._snputc) for _snputc
    printf7.o(i.__0vsprintf$7) refers to printf7.o(i._printf_core) for _printf_core
    printf7.o(i.__0vsprintf$7) refers to printf7.o(i._sputc) for _sputc
    printf7.o(i._printf_core) refers to printf7.o(i._printf_pre_padding) for _printf_pre_padding
    printf7.o(i._printf_core) refers to uldiv.o(.text) for __aeabi_uldivmod
    printf7.o(i._printf_core) refers to printf7.o(i._printf_post_padding) for _printf_post_padding
    printf8.o(i.__0fprintf$8) refers to printf8.o(i._printf_core) for _printf_core
    printf8.o(i.__0fprintf$8) refers to bsp_isv2.o(i.fputc) for fputc
    printf8.o(i.__0printf$8) refers to printf8.o(i._printf_core) for _printf_core
    printf8.o(i.__0printf$8) refers to bsp_isv2.o(i.fputc) for fputc
    printf8.o(i.__0printf$8) refers to stdout.o(.data) for __stdout
    printf8.o(i.__0snprintf$8) refers to printf8.o(i._printf_core) for _printf_core
    printf8.o(i.__0snprintf$8) refers to printf8.o(i._snputc) for _snputc
    printf8.o(i.__0sprintf$8) refers to printf8.o(i._printf_core) for _printf_core
    printf8.o(i.__0sprintf$8) refers to printf8.o(i._sputc) for _sputc
    printf8.o(i.__0vfprintf$8) refers to printf8.o(i._printf_core) for _printf_core
    printf8.o(i.__0vfprintf$8) refers to bsp_isv2.o(i.fputc) for fputc
    printf8.o(i.__0vprintf$8) refers to printf8.o(i._printf_core) for _printf_core
    printf8.o(i.__0vprintf$8) refers to bsp_isv2.o(i.fputc) for fputc
    printf8.o(i.__0vprintf$8) refers to stdout.o(.data) for __stdout
    printf8.o(i.__0vsnprintf$8) refers to printf8.o(i._printf_core) for _printf_core
    printf8.o(i.__0vsnprintf$8) refers to printf8.o(i._snputc) for _snputc
    printf8.o(i.__0vsprintf$8) refers to printf8.o(i._printf_core) for _printf_core
    printf8.o(i.__0vsprintf$8) refers to printf8.o(i._sputc) for _sputc
    printf8.o(i._printf_core) refers to printf8.o(i._printf_pre_padding) for _printf_pre_padding
    printf8.o(i._printf_core) refers to uldiv.o(.text) for __aeabi_uldivmod
    printf8.o(i._printf_core) refers to printf8.o(i._printf_post_padding) for _printf_post_padding
    printfa.o(i.__0fprintf) refers (Special) to iusefp.o(.text) for __I$use$fp
    printfa.o(i.__0fprintf) refers to printfa.o(i._printf_core) for _printf_core
    printfa.o(i.__0fprintf) refers to bsp_isv2.o(i.fputc) for fputc
    printfa.o(i.__0printf) refers (Special) to iusefp.o(.text) for __I$use$fp
    printfa.o(i.__0printf) refers to printfa.o(i._printf_core) for _printf_core
    printfa.o(i.__0printf) refers to bsp_isv2.o(i.fputc) for fputc
    printfa.o(i.__0printf) refers to stdout.o(.data) for __stdout
    printfa.o(i.__0snprintf) refers (Special) to iusefp.o(.text) for __I$use$fp
    printfa.o(i.__0snprintf) refers to printfa.o(i._printf_core) for _printf_core
    printfa.o(i.__0snprintf) refers to printfa.o(i._snputc) for _snputc
    printfa.o(i.__0sprintf) refers (Special) to iusefp.o(.text) for __I$use$fp
    printfa.o(i.__0sprintf) refers to printfa.o(i._printf_core) for _printf_core
    printfa.o(i.__0sprintf) refers to printfa.o(i._sputc) for _sputc
    printfa.o(i.__0vfprintf) refers (Special) to iusefp.o(.text) for __I$use$fp
    printfa.o(i.__0vfprintf) refers to printfa.o(i._printf_core) for _printf_core
    printfa.o(i.__0vfprintf) refers to bsp_isv2.o(i.fputc) for fputc
    printfa.o(i.__0vprintf) refers (Special) to iusefp.o(.text) for __I$use$fp
    printfa.o(i.__0vprintf) refers to printfa.o(i._printf_core) for _printf_core
    printfa.o(i.__0vprintf) refers to bsp_isv2.o(i.fputc) for fputc
    printfa.o(i.__0vprintf) refers to stdout.o(.data) for __stdout
    printfa.o(i.__0vsnprintf) refers (Special) to iusefp.o(.text) for __I$use$fp
    printfa.o(i.__0vsnprintf) refers to printfa.o(i._printf_core) for _printf_core
    printfa.o(i.__0vsnprintf) refers to printfa.o(i._snputc) for _snputc
    printfa.o(i.__0vsprintf) refers (Special) to iusefp.o(.text) for __I$use$fp
    printfa.o(i.__0vsprintf) refers to printfa.o(i._printf_core) for _printf_core
    printfa.o(i.__0vsprintf) refers to printfa.o(i._sputc) for _sputc
    printfa.o(i._fp_digits) refers (Special) to iusefp.o(.text) for __I$use$fp
    printfa.o(i._fp_digits) refers to dmul.o(.text) for __aeabi_dmul
    printfa.o(i._fp_digits) refers to ddiv.o(.text) for __aeabi_ddiv
    printfa.o(i._fp_digits) refers to cdrcmple.o(.text) for __aeabi_cdrcmple
    printfa.o(i._fp_digits) refers to dadd.o(.text) for __aeabi_dadd
    printfa.o(i._fp_digits) refers to dfixul.o(.text) for __aeabi_d2ulz
    printfa.o(i._fp_digits) refers to uldiv.o(.text) for __aeabi_uldivmod
    printfa.o(i._printf_core) refers (Special) to iusefp.o(.text) for __I$use$fp
    printfa.o(i._printf_core) refers to printfa.o(i._printf_pre_padding) for _printf_pre_padding
    printfa.o(i._printf_core) refers to uldiv.o(.text) for __aeabi_uldivmod
    printfa.o(i._printf_core) refers to printfa.o(i._printf_post_padding) for _printf_post_padding
    printfa.o(i._printf_core) refers to printfa.o(i._fp_digits) for _fp_digits
    printfa.o(i._printf_core) refers to uidiv.o(.text) for __aeabi_uidivmod
    printfa.o(i._printf_post_padding) refers (Special) to iusefp.o(.text) for __I$use$fp
    printfa.o(i._printf_pre_padding) refers (Special) to iusefp.o(.text) for __I$use$fp
    printfa.o(i._snputc) refers (Special) to iusefp.o(.text) for __I$use$fp
    printfa.o(i._sputc) refers (Special) to iusefp.o(.text) for __I$use$fp
    entry4.o(.ARM.Collect$$$$00000003) refers to entry4.o(.ARM.Collect$$$$00002714) for __lit__00000000
    entry4.o(__vectab_stack_and_reset_area) refers to entry.o(.ARM.Collect$$$$00000000) for __main
    entry5.o(.ARM.Collect$$$$00000004) refers to init.o(.text) for __scatterload
    entry7.o(.ARM.Collect$$$$00000007) refers to app.o(i.main) for main
    uldiv.o(.text) refers to llushr.o(.text) for __aeabi_llsr
    uldiv.o(.text) refers to llshl.o(.text) for __aeabi_llsl
    dadd.o(.text) refers to llshl.o(.text) for __aeabi_llsl
    dadd.o(.text) refers to llsshr.o(.text) for __aeabi_lasr
    dadd.o(.text) refers to depilogue.o(.text) for _double_epilogue
    dmul.o(.text) refers to depilogue.o(.text) for _double_epilogue
    ddiv.o(.text) refers to depilogue.o(.text) for _double_round
    dfixul.o(.text) refers to llushr.o(.text) for __aeabi_llsr
    dfixul.o(.text) refers to llshl.o(.text) for __aeabi_llsl
    init.o(.text) refers to entry5.o(.ARM.Collect$$$$00000004) for __main_after_scatterload
    depilogue.o(.text) refers to llshl.o(.text) for __aeabi_llsl
    depilogue.o(.text) refers to llushr.o(.text) for __aeabi_llsr

