ARM Linker, 4.1 [Build 481] [Standard]

==============================================================================

Section Cross References

    ds18b20.o(i.DS18B20_convert) refers to 1wire.o(i.OWPortal_reset) for OWPortal_reset
    ds18b20.o(i.DS18B20_convert) refers to 1wire.o(i.OWWriteByte) for OWWriteByte
    ds18b20.o(i.DS18B20_read) refers to 1wire.o(i.OWPortal_reset) for OWPortal_reset
    ds18b20.o(i.DS18B20_read) refers to 1wire.o(i.OWWriteByte) for OWWriteByte
    ds18b20.o(i.DS18B20_read) refers to 1wire.o(i.OWReadByte) for OWReadByte
    ds18b20.o(i.DS18B20_read) refers to ds18b20.o(i.DS18B20_convert) for DS18B20_convert
    1wire.o(i.OWFamilySkipSetup) refers to 1wire.o(.data) for LastFamilyDiscrepancy
    1wire.o(i.OWFirst) refers to 1wire.o(i.OWSearch) for OWSearch
    1wire.o(i.OWFirst) refers to 1wire.o(.data) for LastDiscrepancy
    1wire.o(i.OWNext) refers to 1wire.o(i.OWSearch) for OWSearch
    1wire.o(i.OWNext) refers to 1wire.o(.data) for ROM_NO
    1wire.o(i.OWPortal_readBit) refers to bsp_secu.o(i.OWPortal_dqL) for OWPortal_dqL
    1wire.o(i.OWPortal_readBit) refers to common.o(i.delayXusec) for delayXusec
    1wire.o(i.OWPortal_readBit) refers to bsp_secu.o(i.OWPortal_dqH) for OWPortal_dqH
    1wire.o(i.OWPortal_readBit) refers to bsp_secu.o(i.OWPortal_dqV) for OWPortal_dqV
    1wire.o(i.OWPortal_reset) refers to bsp_secu.o(i.OWPortal_dqH) for OWPortal_dqH
    1wire.o(i.OWPortal_reset) refers to common.o(i.delayXusec) for delayXusec
    1wire.o(i.OWPortal_reset) refers to bsp_secu.o(i.OWPortal_dqL) for OWPortal_dqL
    1wire.o(i.OWPortal_reset) refers to bsp_secu.o(i.OWPortal_dqV) for OWPortal_dqV
    1wire.o(i.OWPortal_writeBit) refers to bsp_secu.o(i.OWPortal_dqL) for OWPortal_dqL
    1wire.o(i.OWPortal_writeBit) refers to common.o(i.delayXusec) for delayXusec
    1wire.o(i.OWPortal_writeBit) refers to bsp_secu.o(i.OWPortal_dqH) for OWPortal_dqH
    1wire.o(i.OWReadByte) refers to 1wire.o(i.OWPortal_readBit) for OWPortal_readBit
    1wire.o(i.OWScanBusForDevices) refers to 1wire.o(i.OWFirst) for OWFirst
    1wire.o(i.OWScanBusForDevices) refers to 1wire.o(i.OWNext) for OWNext
    1wire.o(i.OWSearch) refers to 1wire.o(i.OWPortal_reset) for OWPortal_reset
    1wire.o(i.OWSearch) refers to 1wire.o(i.OWWriteByte) for OWWriteByte
    1wire.o(i.OWSearch) refers to 1wire.o(i.OWPortal_readBit) for OWPortal_readBit
    1wire.o(i.OWSearch) refers to 1wire.o(i.OWPortal_writeBit) for OWPortal_writeBit
    1wire.o(i.OWSearch) refers to 1wire.o(i.docrc8) for docrc8
    1wire.o(i.OWSearch) refers to 1wire.o(.data) for crc8
    1wire.o(i.OWTargetSetup) refers to 1wire.o(.data) for ROM_NO
    1wire.o(i.OWVerify) refers to 1wire.o(i.OWSearch) for OWSearch
    1wire.o(i.OWVerify) refers to memcmp.o(.text) for memcmp
    1wire.o(i.OWVerify) refers to 1wire.o(.data) for ROM_NO
    1wire.o(i.OWWriteByte) refers to 1wire.o(i.OWPortal_writeBit) for OWPortal_writeBit
    1wire.o(i.docrc8) refers to 1wire.o(.data) for crc8
    common.o(i.Blink_configByUri) refers to strstr.o(.text) for strstr
    common.o(i.Blink_configByUri) refers to common.o(i.hex2int) for hex2int
    common.o(i.Blink_configByUri) refers to common.o(i.Blink_config) for Blink_config
    common.o(i.MsgLine_allocate) refers to common.o(.bss) for _pendingLines
    common.o(i.MsgLine_init) refers to memseta.o(.text) for __aeabi_memclr4
    common.o(i.MsgLine_init) refers to common.o(.bss) for _pendingLines
    common.o(i.MsgLine_log) refers to common.o(i.MsgLine_allocate) for MsgLine_allocate
    common.o(i.MsgLine_log) refers to common.o(i.usprintf) for usprintf
    common.o(i.MsgLine_log) refers to strchr.o(.text) for strchr
    common.o(i.MsgLine_log) refers to strlen.o(.text) for strlen
    common.o(i.MsgLine_recv) refers to common.o(i.MsgLine_allocate) for MsgLine_allocate
    common.o(i.Timer_OnTick) refers to common.o(.bss) for timer_tbl
    common.o(i.Timer_OnTick) refers to common.o(.data) for timer_bitmap_enable
    common.o(i.Timer_init) refers to common.o(.data) for timer_bitmap_inPending
    common.o(i.Timer_init) refers to common.o(.bss) for timer_tbl
    common.o(i.Timer_isStepping) refers to common.o(.bss) for timer_tbl
    common.o(i.Timer_isStepping) refers to common.o(.data) for timer_bitmap_enable
    common.o(i.Timer_scan) refers to common.o(.bss) for timer_tbl
    common.o(i.Timer_scan) refers to common.o(.data) for timer_bitmap_inPending
    common.o(i.Timer_start) refers to common.o(.bss) for timer_tbl
    common.o(i.Timer_start) refers to common.o(.data) for timer_bitmap_inPending
    common.o(i.Timer_stop) refers to common.o(.data) for timer_bitmap_enable
    common.o(i.Timer_stop) refers to common.o(.bss) for timer_tbl
    common.o(i.delayXmsec) refers to common.o(i.delayXusec) for delayXusec
    common.o(i.delayXmsecTick) refers to common.o(i.Timer_start) for Timer_start
[...]
    SPI3_IRQHandler                          0x0800024b   Thumb Code     0  startup_ucosii_hd.o(.text)
    TAMPER_IRQHandler                        0x0800024b   Thumb Code     0  startup_ucosii_hd.o(.text)
    TIM1_BRK_IRQHandler                      0x0800024b   Thumb Code     0  startup_ucosii_hd.o(.text)
    TIM1_CC_IRQHandler                       0x0800024b   Thumb Code     0  startup_ucosii_hd.o(.text)
    TIM1_TRG_COM_IRQHandler                  0x0800024b   Thumb Code     0  startup_ucosii_hd.o(.text)
    TIM1_UP_IRQHandler                       0x0800024b   Thumb Code     0  startup_ucosii_hd.o(.text)
    TIM2_IRQHandler                          0x0800024b   Thumb Code     0  startup_ucosii_hd.o(.text)
    TIM3_IRQHandler                          0x0800024b   Thumb Code     0  startup_ucosii_hd.o(.text)
    TIM4_IRQHandler                          0x0800024b   Thumb Code     0  startup_ucosii_hd.o(.text)
    TIM5_IRQHandler                          0x0800024b   Thumb Code     0  startup_ucosii_hd.o(.text)
    TIM6_IRQHandler                          0x0800024b   Thumb Code     0  startup_ucosii_hd.o(.text)
    TIM7_IRQHandler                          0x0800024b   Thumb Code     0  startup_ucosii_hd.o(.text)
    TIM8_BRK_IRQHandler                      0x0800024b   Thumb Code     0  startup_ucosii_hd.o(.text)
    TIM8_CC_IRQHandler                       0x0800024b   Thumb Code     0  startup_ucosii_hd.o(.text)
    TIM8_TRG_COM_IRQHandler                  0x0800024b   Thumb Code     0  startup_ucosii_hd.o(.text)
    TIM8_UP_IRQHandler                       0x0800024b   Thumb Code     0  startup_ucosii_hd.o(.text)
    UART4_IRQHandler                         0x0800024b   Thumb Code     0  startup_ucosii_hd.o(.text)
    UART5_IRQHandler                         0x0800024b   Thumb Code     0  startup_ucosii_hd.o(.text)
    USART1_IRQHandler                        0x0800024b   Thumb Code     0  startup_ucosii_hd.o(.text)
    USART2_IRQHandler                        0x0800024b   Thumb Code     0  startup_ucosii_hd.o(.text)
    USART3_IRQHandler                        0x0800024b   Thumb Code     0  startup_ucosii_hd.o(.text)
    USBWakeUp_IRQHandler                     0x0800024b   Thumb Code     0  startup_ucosii_hd.o(.text)
    USB_HP_CAN1_TX_IRQHandler                0x0800024b   Thumb Code     0  startup_ucosii_hd.o(.text)
    USB_LP_CAN1_RX0_IRQHandler               0x0800024b   Thumb Code     0  startup_ucosii_hd.o(.text)
    WWDG_IRQHandler                          0x0800024b   Thumb Code     0  startup_ucosii_hd.o(.text)
    __aeabi_memcpy                           0x08000259   Thumb Code    36  memcpya.o(.text)
    __aeabi_memcpy4                          0x08000259   Thumb Code     0  memcpya.o(.text)
    __aeabi_memcpy8                          0x08000259   Thumb Code     0  memcpya.o(.text)
    __aeabi_memset                           0x0800027d   Thumb Code    14  memseta.o(.text)
    __aeabi_memset4                          0x0800027d   Thumb Code     0  memseta.o(.text)
    __aeabi_memset8                          0x0800027d   Thumb Code     0  memseta.o(.text)
    __aeabi_memclr                           0x0800028b   Thumb Code     4  memseta.o(.text)
    __aeabi_memclr4                          0x0800028b   Thumb Code     0  memseta.o(.text)
    __aeabi_memclr8                          0x0800028b   Thumb Code     0  memseta.o(.text)
    _memset$wrapper                          0x0800028f   Thumb Code    20  memseta.o(.text)
    strstr                                   0x080002a3   Thumb Code    44  strstr.o(.text)
    strchr                                   0x080002cf   Thumb Code    18  strchr.o(.text)
    strlen                                   0x080002e1   Thumb Code    16  strlen.o(.text)
    strcmp                                   0x080002f1   Thumb Code    28  strcmp.o(.text)
    memcmp                                   0x0800030d   Thumb Code    26  memcmp.o(.text)
    strncmp                                  0x08000327   Thumb Code    30  strncmp.o(.text)
    __aeabi_uldivmod                         0x08000345   Thumb Code   102  uldiv.o(.text)
    __scatterload                            0x080003ad   Thumb Code    28  init.o(.text)
    __scatterload_rt2                        0x080003ad   Thumb Code     0  init.o(.text)
    __aeabi_llsl                             0x080003d1   Thumb Code    30  llshl.o(.text)
    _ll_shift_l                              0x080003d1   Thumb Code     0  llshl.o(.text)
    __aeabi_llsr                             0x080003ef   Thumb Code    32  llushr.o(.text)
    _ll_ushift_r                             0x080003ef   Thumb Code     0  llushr.o(.text)
    __decompress                             0x0800040f   Thumb Code     0  __dczerorl2.o(.text)
    __decompress1                            0x0800040f   Thumb Code    92  __dczerorl2.o(.text)
    ResetHndlr                               0x0800046d   Thumb Code     0  init.o(INIT)
    ADC_Cmd                                  0x08000475   Thumb Code    22  stm32f10x_adc.o(i.ADC_Cmd)
    ADC_DMACmd                               0x0800048b   Thumb Code    22  stm32f10x_adc.o(i.ADC_DMACmd)
    ADC_GetCalibrationStatus                 0x080004a1   Thumb Code    20  stm32f10x_adc.o(i.ADC_GetCalibrationStatus)
    ADC_GetResetCalibrationStatus            0x080004b5   Thumb Code    20  stm32f10x_adc.o(i.ADC_GetResetCalibrationStatus)
    ADC_Init                                 0x080004c9   Thumb Code    70  stm32f10x_adc.o(i.ADC_Init)
    ADC_RegularChannelConfig                 0x08000519   Thumb Code   184  stm32f10x_adc.o(i.ADC_RegularChannelConfig)
    ADC_ResetCalibration                     0x080005d1   Thumb Code    10  stm32f10x_adc.o(i.ADC_ResetCalibration)
    ADC_SoftwareStartConvCmd                 0x080005db   Thumb Code    22  stm32f10x_adc.o(i.ADC_SoftwareStartConvCmd)
    ADC_StartCalibration                     0x080005f1   Thumb Code    10  stm32f10x_adc.o(i.ADC_StartCalibration)
    ADC_TempSensorVrefintCmd                 0x080005fd   Thumb Code    34  stm32f10x_adc.o(i.ADC_TempSensorVrefintCmd)
    AdminExt_sendMsg                         0x08000629   Thumb Code   136  gw_secu.o(i.AdminExt_sendMsg)
    App_TCBInitHook                          0x080006c9   Thumb Code     2  task_secu.o(i.App_TCBInitHook)
    App_TaskCreateHook                       0x080006cb   Thumb Code     2  task_secu.o(i.App_TaskCreateHook)
    App_TaskIdleHook                         0x080006cd   Thumb Code     2  task_secu.o(i.App_TaskIdleHook)
    App_TaskStatHook                         0x080006cf   Thumb Code     2  task_secu.o(i.App_TaskStatHook)
    App_TaskSwHook                           0x080006d1   Thumb Code     2  task_secu.o(i.App_TaskSwHook)
    BKP_DeInit                               0x080006d3   Thumb Code    16  stm32f10x_bkp.o(i.BKP_DeInit)
    BKP_ReadBackupRegister                   0x080006e5   Thumb Code    12  stm32f10x_bkp.o(i.BKP_ReadBackupRegister)
    BKP_WriteBackupRegister                  0x080006f5   Thumb Code    10  stm32f10x_bkp.o(i.BKP_WriteBackupRegister)
    BSP_CPU_ClkFreq                          0x08000705   Thumb Code    16  bsp_secu.o(i.BSP_CPU_ClkFreq)
    BSP_Init                                 0x08000715   Thumb Code    44  bsp_secu.o(i.BSP_Init)
    BSP_IntDisAll                            0x08000749   Thumb Code     8  int_secu.o(i.BSP_IntDisAll)
    BSP_IntHandlerADC1_2                     0x0800078d   Thumb Code    10  int_secu.o(i.BSP_IntHandlerADC1_2)
    BSP_IntHandlerCAN_RX1                    0x08000797   Thumb Code    10  int_secu.o(i.BSP_IntHandlerCAN_RX1)
    BSP_IntHandlerCAN_SCE                    0x080007a1   Thumb Code    10  int_secu.o(i.BSP_IntHandlerCAN_SCE)
    BSP_IntHandlerDMA1_CH1                   0x080007ab   Thumb Code    10  int_secu.o(i.BSP_IntHandlerDMA1_CH1)
    BSP_IntHandlerDMA1_CH2                   0x080007b5   Thumb Code    10  int_secu.o(i.BSP_IntHandlerDMA1_CH2)
    BSP_IntHandlerDMA1_CH3                   0x080007bf   Thumb Code    10  int_secu.o(i.BSP_IntHandlerDMA1_CH3)
    BSP_IntHandlerDMA1_CH4                   0x080007c9   Thumb Code    10  int_secu.o(i.BSP_IntHandlerDMA1_CH4)
    BSP_IntHandlerDMA1_CH5                   0x080007d3   Thumb Code    10  int_secu.o(i.BSP_IntHandlerDMA1_CH5)
    BSP_IntHandlerDMA1_CH6                   0x080007dd   Thumb Code    10  int_secu.o(i.BSP_IntHandlerDMA1_CH6)
    BSP_IntHandlerDMA1_CH7                   0x080007e7   Thumb Code    10  int_secu.o(i.BSP_IntHandlerDMA1_CH7)
    BSP_IntHandlerEXTI0                      0x080007f3   Thumb Code    10  int_secu.o(i.BSP_IntHandlerEXTI0)
    BSP_IntHandlerEXTI1                      0x080007fd   Thumb Code    10  int_secu.o(i.BSP_IntHandlerEXTI1)
    BSP_IntHandlerEXTI15_10                  0x08000807   Thumb Code    10  int_secu.o(i.BSP_IntHandlerEXTI15_10)
    BSP_IntHandlerEXTI2                      0x08000811   Thumb Code    10  int_secu.o(i.BSP_IntHandlerEXTI2)
    BSP_IntHandlerEXTI3                      0x0800081b   Thumb Code    10  int_secu.o(i.BSP_IntHandlerEXTI3)
    BSP_IntHandlerEXTI4                      0x08000825   Thumb Code    10  int_secu.o(i.BSP_IntHandlerEXTI4)
    BSP_IntHandlerEXTI9_5                    0x0800082f   Thumb Code    10  int_secu.o(i.BSP_IntHandlerEXTI9_5)
    BSP_IntHandlerFLASH                      0x08000839   Thumb Code    10  int_secu.o(i.BSP_IntHandlerFLASH)
    BSP_IntHandlerI2C1_ER                    0x08000843   Thumb Code    10  int_secu.o(i.BSP_IntHandlerI2C1_ER)
    BSP_IntHandlerI2C1_EV                    0x0800084d   Thumb Code    10  int_secu.o(i.BSP_IntHandlerI2C1_EV)
    BSP_IntHandlerI2C2_ER                    0x08000857   Thumb Code    10  int_secu.o(i.BSP_IntHandlerI2C2_ER)
    BSP_IntHandlerI2C2_EV                    0x08000861   Thumb Code    10  int_secu.o(i.BSP_IntHandlerI2C2_EV)
    BSP_IntHandlerPVD                        0x0800086b   Thumb Code    10  int_secu.o(i.BSP_IntHandlerPVD)
    BSP_IntHandlerRCC                        0x08000875   Thumb Code    10  int_secu.o(i.BSP_IntHandlerRCC)
    BSP_IntHandlerRTC                        0x0800087f   Thumb Code    10  int_secu.o(i.BSP_IntHandlerRTC)
    BSP_IntHandlerRTCAlarm                   0x08000889   Thumb Code    10  int_secu.o(i.BSP_IntHandlerRTCAlarm)
    BSP_IntHandlerSPI1                       0x08000893   Thumb Code    10  int_secu.o(i.BSP_IntHandlerSPI1)
    BSP_IntHandlerSPI2                       0x0800089d   Thumb Code    10  int_secu.o(i.BSP_IntHandlerSPI2)
    BSP_IntHandlerTAMPER                     0x080008a7   Thumb Code    10  int_secu.o(i.BSP_IntHandlerTAMPER)
    BSP_IntHandlerTIM1_BRK                   0x080008b1   Thumb Code    10  int_secu.o(i.BSP_IntHandlerTIM1_BRK)
    BSP_IntHandlerTIM1_CC                    0x080008bb   Thumb Code    10  int_secu.o(i.BSP_IntHandlerTIM1_CC)
    BSP_IntHandlerTIM1_TRG_COM               0x080008c5   Thumb Code    10  int_secu.o(i.BSP_IntHandlerTIM1_TRG_COM)
    BSP_IntHandlerTIM1_UP                    0x080008cf   Thumb Code    10  int_secu.o(i.BSP_IntHandlerTIM1_UP)
    BSP_IntHandlerTIM2                       0x080008d9   Thumb Code    10  int_secu.o(i.BSP_IntHandlerTIM2)
    BSP_IntHandlerTIM3                       0x080008e3   Thumb Code    10  int_secu.o(i.BSP_IntHandlerTIM3)
    BSP_IntHandlerTIM4                       0x080008ed   Thumb Code    10  int_secu.o(i.BSP_IntHandlerTIM4)
    BSP_IntHandlerUSART1                     0x080008f7   Thumb Code    10  int_secu.o(i.BSP_IntHandlerUSART1)
    BSP_IntHandlerUSART2                     0x08000901   Thumb Code    10  int_secu.o(i.BSP_IntHandlerUSART2)
    BSP_IntHandlerUSART3                     0x0800090b   Thumb Code    10  int_secu.o(i.BSP_IntHandlerUSART3)
    BSP_IntHandlerUSBWakeUp                  0x08000915   Thumb Code    10  int_secu.o(i.BSP_IntHandlerUSBWakeUp)
    BSP_IntHandlerUSB_HP_CAN_TX              0x0800091f   Thumb Code    10  int_secu.o(i.BSP_IntHandlerUSB_HP_CAN_TX)
    BSP_IntHandlerUSB_LP_CAN_RX0             0x08000929   Thumb Code    10  int_secu.o(i.BSP_IntHandlerUSB_LP_CAN_RX0)
    BSP_IntHandlerWWDG                       0x08000933   Thumb Code    10  int_secu.o(i.BSP_IntHandlerWWDG)
    BSP_IntInit                              0x0800093d   Thumb Code    46  int_secu.o(i.BSP_IntInit)
    BSP_IntVectSet                           0x0800097d   Thumb Code    34  int_secu.o(i.BSP_IntVectSet)
    Blink_isActive                           0x080009a5   Thumb Code    32  common.o(i.Blink_isActive)
    Blink_tick                               0x080009c5   Thumb Code    62  common.o(i.Blink_tick)
    BusFault_Handler                         0x08000a03   Thumb Code     4  int_secu.o(i.BusFault_Handler)
    CAN_Configuration                        0x08000a09   Thumb Code    66  bsp_dq.o(i.CAN_Configuration)
    CAN_DeInit                               0x08000a51   Thumb Code    36  stm32f10x_can.o(i.CAN_DeInit)
    CAN_FilterInit                           0x08000a79   Thumb Code   250  stm32f10x_can.o(i.CAN_FilterInit)
    CAN_Init                                 0x08000b91   Thumb Code   284  stm32f10x_can.o(i.CAN_Init)
    CAN_StructInit                           0x08000cad   Thumb Code    32  stm32f10x_can.o(i.CAN_StructInit)
    CAN_Transmit                             0x08000ccd   Thumb Code   294  stm32f10x_can.o(i.CAN_Transmit)
    CAN_TransmitStatus                       0x08000df3   Thumb Code   140  stm32f10x_can.o(i.CAN_TransmitStatus)
    CAN_setBaud                              0x08000e81   Thumb Code   120  bsp_dq.o(i.CAN_setBaud)
    DMA_ClearITPendingBit                    0x08000f01   Thumb Code    18  stm32f10x_dma.o(i.DMA_ClearITPendingBit)
    DMA_Cmd                                  0x08000f1d   Thumb Code    22  stm32f10x_dma.o(i.DMA_Cmd)
    DMA_DeInit                               0x08000f35   Thumb Code   316  stm32f10x_dma.o(i.DMA_DeInit)
    DMA_GetITStatus                          0x08001085   Thumb Code    34  stm32f10x_dma.o(i.DMA_GetITStatus)
    DMA_ITConfig                             0x080010b1   Thumb Code    18  stm32f10x_dma.o(i.DMA_ITConfig)
    DMA_Init                                 0x080010c3   Thumb Code    60  stm32f10x_dma.o(i.DMA_Init)
    DQBoard_485sendMode                      0x08001101   Thumb Code    26  bsp_dq.o(i.DQBoard_485sendMode)
    DQBoard_Config                           0x08001121   Thumb Code   308  bsp_dq.o(i.DQBoard_Config)
    DQBoard_NVIC_RegisterISRs                0x08001269   Thumb Code     2  bsp_dq.o(i.DQBoard_NVIC_RegisterISRs)
    DQBoard_beep                             0x0800126d   Thumb Code    36  bsp_dq.o(i.DQBoard_beep)
    DQBoard_getTime                          0x08001295   Thumb Code    68  bsp_dq.o(i.DQBoard_getTime)
    DQBoard_reset                            0x080012d9   Thumb Code   144  bsp_dq.o(i.DQBoard_reset)
    DQBoard_setLed                           0x08001379   Thumb Code    68  bsp_dq.o(i.DQBoard_setLed)
    DQBoard_updateClock                      0x080013c1   Thumb Code    54  bsp_dq.o(i.DQBoard_updateClock)
    DS18B20_InitConfiguration                0x080013f7   Thumb Code    14  ds18b20.o(i.DS18B20_InitConfiguration)
    DS18B20_convert                          0x08001405   Thumb Code    34  ds18b20.o(i.DS18B20_convert)
    DS18B20_read                             0x08001427   Thumb Code   140  ds18b20.o(i.DS18B20_read)
    DebugMon_Handler                         0x080014b3   Thumb Code     2  int_secu.o(i.DebugMon_Handler)
    ECU_setRelay                             0x080014b5   Thumb Code    68  bsp_secu.o(i.ECU_setRelay)
    ENC28J60_PhyWrite                        0x080014fd   Thumb Code    54  enc28j60.o(i.ENC28J60_PhyWrite)
    ENC28J60_clkout                          0x08001533   Thumb Code    20  enc28j60.o(i.ENC28J60_clkout)
    ENC28J60_init                            0x08001547   Thumb Code   576  enc28j60.o(i.ENC28J60_init)
    ENC28J60_read                            0x08001787   Thumb Code    26  enc28j60.o(i.ENC28J60_read)
    ENC28J60_readBuf                         0x080017a1   Thumb Code    98  enc28j60.o(i.ENC28J60_readBuf)
    ENC28J60_readOp                          0x08001803   Thumb Code   134  enc28j60.o(i.ENC28J60_readOp)
    ENC28J60_recvPacket                      0x08001889   Thumb Code   224  enc28j60.o(i.ENC28J60_recvPacket)
    ENC28J60_sendPacket                      0x08001969   Thumb Code   128  enc28j60.o(i.ENC28J60_sendPacket)
    ENC28J60_setBank                         0x080019e9   Thumb Code    54  enc28j60.o(i.ENC28J60_setBank)
    ENC28J60_write                           0x08001a1f   Thumb Code    30  enc28j60.o(i.ENC28J60_write)
    ENC28J60_writeBuf                        0x08001a3d   Thumb Code    84  enc28j60.o(i.ENC28J60_writeBuf)
    ENC28J60_writeOp                         0x08001a91   Thumb Code    82  enc28j60.o(i.ENC28J60_writeOp)
    FIFO_tryRead                             0x08001e1d   Thumb Code    74  htcan.o(i.FIFO_tryRead)
    FIFO_tryWrite                            0x08001e75   Thumb Code    62  htcan.o(i.FIFO_tryWrite)
    FLASH_PrefetchBufferCmd                  0x08001ec1   Thumb Code    22  stm32f10x_flash.o(i.FLASH_PrefetchBufferCmd)
    FLASH_SetLatency                         0x08001edd   Thumb Code    18  stm32f10x_flash.o(i.FLASH_SetLatency)
    GPIO_Init                                0x08001ef5   Thumb Code   274  stm32f10x_gpio.o(i.GPIO_Init)
    GPIO_PinRemapConfig                      0x08002009   Thumb Code   106  stm32f10x_gpio.o(i.GPIO_PinRemapConfig)
    GPIO_ReadInputDataBit                    0x08002079   Thumb Code    18  stm32f10x_gpio.o(i.GPIO_ReadInputDataBit)
    GPIO_ResetBits                           0x0800208b   Thumb Code     4  stm32f10x_gpio.o(i.GPIO_ResetBits)
    GPIO_SetBits                             0x0800208f   Thumb Code     4  stm32f10x_gpio.o(i.GPIO_SetBits)
    GPIO_WriteBit                            0x08002093   Thumb Code    10  stm32f10x_gpio.o(i.GPIO_WriteBit)
    GW_dispatchCANbyFd                       0x080020cd   Thumb Code    44  gw_secu.o(i.GW_dispatchCANbyFd)
    GW_dispatchTextMessage                   0x08002105   Thumb Code   858  gw_secu.o(i.GW_dispatchTextMessage)
    GW_nicReceiveLoop                        0x080024a9   Thumb Code   832  gw_secu.o(i.GW_nicReceiveLoop)
    HardFault_Handler                        0x080028a9   Thumb Code     8  int_secu.o(i.HardFault_Handler)
    HtCan_doScan                             0x080028b1   Thumb Code   518  htcan.o(i.HtCan_doScan)
    HtCan_flushOutgoing                      0x08002ad1   Thumb Code    34  htcan.o(i.HtCan_flushOutgoing)
    HtCan_init                               0x08002af9   Thumb Code    68  htcan.o(i.HtCan_init)
    HtCan_parseCompactText                   0x08002b51   Thumb Code   268  htcan.o(i.HtCan_parseCompactText)
    HtCan_parseRichURIEx                     0x08002c5d   Thumb Code   708  htcan.o(i.HtCan_parseRichURIEx)
    HtCan_processReceived                    0x08002f25   Thumb Code   314  htcan.o(i.HtCan_processReceived)
    HtCan_send                               0x08003065   Thumb Code    50  htcan.o(i.HtCan_send)
    HtCan_stop                               0x0800309d   Thumb Code    18  htcan.o(i.HtCan_stop)
    HtCan_toCompactText                      0x080030b5   Thumb Code   102  htcan.o(i.HtCan_toCompactText)
    HtCan_toJsonVars                         0x08003131   Thumb Code   318  htcan.o(i.HtCan_toJsonVars)
    HtCan_toRichURI                          0x08003295   Thumb Code    60  htcan.o(i.HtCan_toRichURI)
    ISR_ADC1DMA                              0x080032d1   Thumb Code    18  int_secu.o(i.ISR_ADC1DMA)
    ISR_RTC                                  0x080032e3   Thumb Code    66  int_secu.o(i.ISR_RTC)
    ISR_USART1                               0x08003325   Thumb Code    88  int_secu.o(i.ISR_USART1)
    InitProcedure                            0x0800338d   Thumb Code   198  task_secu.o(i.InitProcedure)
    MemManage_Handler                        0x08003471   Thumb Code     4  int_secu.o(i.MemManage_Handler)
    MotionState                              0x08003475   Thumb Code    54  bsp_secu.o(i.MotionState)
    MsgLine_allocate                         0x080034b1   Thumb Code   130  common.o(i.MsgLine_allocate)
    MsgLine_free                             0x08003539   Thumb Code    12  common.o(i.MsgLine_free)
    MsgLine_init                             0x08003545   Thumb Code    14  common.o(i.MsgLine_init)
    MsgLine_log                              0x08003559   Thumb Code    88  common.o(i.MsgLine_log)
    MsgLine_recv                             0x080035b1   Thumb Code   202  common.o(i.MsgLine_recv)
    NIC_sendPacket                           0x0800367d   Thumb Code    66  bsp_secu.o(i.NIC_sendPacket)
    NMI_Handler                              0x080036c5   Thumb Code     2  int_secu.o(i.NMI_Handler)
    NVIC_Init                                0x08003729   Thumb Code   118  misc.o(i.NVIC_Init)
    NVIC_PriorityGroupConfig                 0x080037ad   Thumb Code    10  misc.o(i.NVIC_PriorityGroupConfig)
    NVIC_SetVectorTable                      0x080037c1   Thumb Code    12  misc.o(i.NVIC_SetVectorTable)
    OSInit                                   0x080037d5   Thumb Code    40  os_core.o(i.OSInit)
    OSInitHookBegin                          0x080037fd   Thumb Code     2  os_cpu_c.o(i.OSInitHookBegin)
    OSInitHookEnd                            0x080037ff   Thumb Code     2  os_cpu_c.o(i.OSInitHookEnd)
    OSIntExit                                0x08003801   Thumb Code   112  os_core.o(i.OSIntExit)
    OSStart                                  0x08003891   Thumb Code    48  os_core.o(i.OSStart)
    OSStatInit                               0x080038d9   Thumb Code    62  os_core.o(i.OSStatInit)
    OSTCBInitHook                            0x08003925   Thumb Code    12  os_cpu_c.o(i.OSTCBInitHook)
    OSTaskCreate                             0x08003931   Thumb Code   148  os_task.o(i.OSTaskCreate)
    OSTaskCreateExt                          0x080039d1   Thumb Code   172  os_task.o(i.OSTaskCreateExt)
    OSTaskCreateHook                         0x08003a89   Thumb Code    12  os_cpu_c.o(i.OSTaskCreateHook)
    OSTaskIdleHook                           0x08003a95   Thumb Code     8  os_cpu_c.o(i.OSTaskIdleHook)
    OSTaskNameSet                            0x08003a9d   Thumb Code   132  os_task.o(i.OSTaskNameSet)
    OSTaskStatHook                           0x08003b2d   Thumb Code     8  os_cpu_c.o(i.OSTaskStatHook)
    OSTaskStkChk                             0x08003b35   Thumb Code   132  os_task.o(i.OSTaskStkChk)
    OSTaskStkInit                            0x08003bc1   Thumb Code   154  os_cpu_c.o(i.OSTaskStkInit)
    OSTaskSuspend                            0x08003c5d   Thumb Code   152  os_task.o(i.OSTaskSuspend)
    OSTaskSwHook                             0x08003d05   Thumb Code     8  os_cpu_c.o(i.OSTaskSwHook)
    OSTimeDly                                0x08003d0d   Thumb Code    96  os_time.o(i.OSTimeDly)
    OSTimeDlyHMSM                            0x08003d7d   Thumb Code   108  os_time.o(i.OSTimeDlyHMSM)
    OSTimeGet                                0x08003ded   Thumb Code    24  os_time.o(i.OSTimeGet)
    OSTimeSet                                0x08003e09   Thumb Code    24  os_time.o(i.OSTimeSet)
    OSTimeTick                               0x08003e25   Thumb Code   220  os_core.o(i.OSTimeTick)
    OSTimeTickHook                           0x08003f19   Thumb Code     2  os_cpu_c.o(i.OSTimeTickHook)
    OS_CPU_SysTickClkFreq                    0x08003f1b   Thumb Code    12  bsp_secu.o(i.OS_CPU_SysTickClkFreq)
    OS_CPU_SysTickHandler                    0x08003f29   Thumb Code    34  os_cpu_c.o(i.OS_CPU_SysTickHandler)
    OS_CPU_SysTickInit                       0x08003f51   Thumb Code    44  os_cpu_c.o(i.OS_CPU_SysTickInit)
    OS_FlagInit                              0x08003f7d   Thumb Code    68  os_flag.o(i.OS_FlagInit)
    OS_MemClr                                0x080041bd   Thumb Code    18  os_core.o(i.OS_MemClr)
    OS_Sched                                 0x080041d1   Thumb Code    86  os_core.o(i.OS_Sched)
    OS_StrCopy                               0x08004271   Thumb Code    28  os_core.o(i.OS_StrCopy)
    OS_StrLen                                0x0800428d   Thumb Code    20  os_core.o(i.OS_StrLen)
    OS_TCBInit                               0x080042a1   Thumb Code   282  os_core.o(i.OS_TCBInit)
    OS_TaskIdle                              0x080043d5   Thumb Code    32  os_core.o(i.OS_TaskIdle)
    OS_TaskStat                              0x080043f9   Thumb Code   114  os_core.o(i.OS_TaskStat)
    OS_TaskStatStkChk                        0x08004481   Thumb Code    54  os_core.o(i.OS_TaskStatStkChk)
    OS_TaskStkClr                            0x080044bd   Thumb Code    26  os_task.o(i.OS_TaskStkClr)
    OWPortal_dqH                             0x080044d7   Thumb Code    22  bsp_secu.o(i.OWPortal_dqH)
    OWPortal_dqL                             0x080044ed   Thumb Code    22  bsp_secu.o(i.OWPortal_dqL)
    OWPortal_dqV                             0x08004503   Thumb Code    22  bsp_secu.o(i.OWPortal_dqV)
    OWPortal_readBit                         0x08004519   Thumb Code    68  1wire.o(i.OWPortal_readBit)
    OWPortal_reset                           0x0800455d   Thumb Code   100  1wire.o(i.OWPortal_reset)
    OWPortal_writeBit                        0x080045c1   Thumb Code    46  1wire.o(i.OWPortal_writeBit)
    OWReadByte                               0x080045ef   Thumb Code    36  1wire.o(i.OWReadByte)
    OWWriteByte                              0x08004613   Thumb Code    32  1wire.o(i.OWWriteByte)
    OnClock                                  0x08004633   Thumb Code   114  htcan_secu.o(i.OnClock)
    OnHeartbeat                              0x080046a5   Thumb Code   200  state_secu.o(i.OnHeartbeat)
    OnPdoEvent                               0x080047b1   Thumb Code    46  gw_secu.o(i.OnPdoEvent)
    OnPostCanMessage                         0x080047e1   Thumb Code   320  gw_secu.o(i.OnPostCanMessage)
    OnSdoClientDone                          0x0800494d   Thumb Code     8  htcan_secu.o(i.OnSdoClientDone)
    OnSdoData                                0x08004955   Thumb Code    44  gw_secu.o(i.OnSdoData)
    PWR_BackupAccessCmd                      0x08004981   Thumb Code     6  stm32f10x_pwr.o(i.PWR_BackupAccessCmd)
    RCC_ADCCLKConfig                         0x0800498d   Thumb Code    18  stm32f10x_rcc.o(i.RCC_ADCCLKConfig)
    RCC_AHBPeriphClockCmd                    0x080049a5   Thumb Code    26  stm32f10x_rcc.o(i.RCC_AHBPeriphClockCmd)
    RCC_APB1PeriphClockCmd                   0x080049c5   Thumb Code    26  stm32f10x_rcc.o(i.RCC_APB1PeriphClockCmd)
    RCC_APB1PeriphResetCmd                   0x080049e5   Thumb Code    26  stm32f10x_rcc.o(i.RCC_APB1PeriphResetCmd)
    RCC_APB2PeriphClockCmd                   0x08004a05   Thumb Code    26  stm32f10x_rcc.o(i.RCC_APB2PeriphClockCmd)
    RCC_APB2PeriphResetCmd                   0x08004a25   Thumb Code    26  stm32f10x_rcc.o(i.RCC_APB2PeriphResetCmd)
    RCC_BackupResetCmd                       0x08004a45   Thumb Code     6  stm32f10x_rcc.o(i.RCC_BackupResetCmd)
    RCC_ClearFlag                            0x08004a51   Thumb Code    14  stm32f10x_rcc.o(i.RCC_ClearFlag)
    RCC_DeInit                               0x08004af1   Thumb Code    62  stm32f10x_rcc.o(i.RCC_DeInit)
    RCC_GetClocksFreq                        0x08004b3d   Thumb Code   192  stm32f10x_rcc.o(i.RCC_GetClocksFreq)
    RCC_GetFlagStatus                        0x08004c11   Thumb Code    56  stm32f10x_rcc.o(i.RCC_GetFlagStatus)
    RCC_GetSYSCLKSource                      0x08004c4d   Thumb Code    10  stm32f10x_rcc.o(i.RCC_GetSYSCLKSource)
    RCC_HCLKConfig                           0x08004c5d   Thumb Code    18  stm32f10x_rcc.o(i.RCC_HCLKConfig)
    RCC_HSEConfig                            0x08004c75   Thumb Code    70  stm32f10x_rcc.o(i.RCC_HSEConfig)
    RCC_LSEConfig                            0x08004cc1   Thumb Code    44  stm32f10x_rcc.o(i.RCC_LSEConfig)
    RCC_PCLK1Config                          0x08004cf5   Thumb Code    18  stm32f10x_rcc.o(i.RCC_PCLK1Config)
    RCC_PCLK2Config                          0x08004d0d   Thumb Code    20  stm32f10x_rcc.o(i.RCC_PCLK2Config)
    RCC_PLLCmd                               0x08004d25   Thumb Code     6  stm32f10x_rcc.o(i.RCC_PLLCmd)
    RCC_PLLConfig                            0x08004d31   Thumb Code    24  stm32f10x_rcc.o(i.RCC_PLLConfig)
    RCC_RTCCLKCmd                            0x08004d4d   Thumb Code     6  stm32f10x_rcc.o(i.RCC_RTCCLKCmd)
    RCC_RTCCLKConfig                         0x08004d59   Thumb Code    12  stm32f10x_rcc.o(i.RCC_RTCCLKConfig)
    RCC_SYSCLKConfig                         0x08004d69   Thumb Code    18  stm32f10x_rcc.o(i.RCC_SYSCLKConfig)
    RCC_WaitForHSEStartUp                    0x08004d81   Thumb Code    46  stm32f10x_rcc.o(i.RCC_WaitForHSEStartUp)
    RTC_ClearITPendingBit                    0x08004db1   Thumb Code    22  stm32f10x_rtc.o(i.RTC_ClearITPendingBit)
    RTC_EnterConfigMode                      0x08004dd1   Thumb Code    16  stm32f10x_rtc.o(i.RTC_EnterConfigMode)
    RTC_ExitConfigMode                       0x08004de9   Thumb Code    20  stm32f10x_rtc.o(i.RTC_ExitConfigMode)
    RTC_GetCounter                           0x08004e05   Thumb Code    18  stm32f10x_rtc.o(i.RTC_GetCounter)
    RTC_GetITStatus                          0x08004e21   Thumb Code    34  stm32f10x_rtc.o(i.RTC_GetITStatus)
    RTC_ITConfig                             0x08004e4d   Thumb Code    40  stm32f10x_rtc.o(i.RTC_ITConfig)
    RTC_Init                                 0x08004e7d   Thumb Code   164  bsp_dq.o(i.RTC_Init)
    RTC_SetCounter                           0x08004f21   Thumb Code    26  stm32f10x_rtc.o(i.RTC_SetCounter)
    RTC_SetPrescaler                         0x08004f45   Thumb Code    28  stm32f10x_rtc.o(i.RTC_SetPrescaler)
    RTC_WaitForLastTask                      0x08004f69   Thumb Code    14  stm32f10x_rtc.o(i.RTC_WaitForLastTask)
    RTC_WaitForSynchro                       0x08004f7d   Thumb Code    32  stm32f10x_rtc.o(i.RTC_WaitForSynchro)
    SDIO_IRQHandler                          0x08004fa5   Thumb Code     2  int_secu.o(i.SDIO_IRQHandler)
    SPI_Cmd                                  0x08004fa7   Thumb Code    24  stm32f10x_spi.o(i.SPI_Cmd)
    SPI_I2S_GetFlagStatus                    0x08004fbf   Thumb Code    18  stm32f10x_spi.o(i.SPI_I2S_GetFlagStatus)
    SPI_I2S_ReceiveData                      0x08004fd1   Thumb Code     6  stm32f10x_spi.o(i.SPI_I2S_ReceiveData)
    SPI_I2S_SendData                         0x08004fd7   Thumb Code     4  stm32f10x_spi.o(i.SPI_I2S_SendData)
    SPI_Init                                 0x08004fdb   Thumb Code    60  stm32f10x_spi.o(i.SPI_Init)
    SVC_Handler                              0x08005017   Thumb Code     2  int_secu.o(i.SVC_Handler)
    State_enter                              0x08005279   Thumb Code   314  state_secu.o(i.State_enter)
    State_init                               0x08005425   Thumb Code    62  state_secu.o(i.State_init)
    State_process                            0x08005475   Thumb Code   300  state_secu.o(i.State_process)
    State_scanDevice                         0x08005609   Thumb Code   408  state_secu.o(i.State_scanDevice)
    TIM_Cmd                                  0x080057e9   Thumb Code    24  stm32f10x_tim.o(i.TIM_Cmd)
    TIM_CtrlPWMOutputs                       0x08005801   Thumb Code    30  stm32f10x_tim.o(i.TIM_CtrlPWMOutputs)
    TIM_DeInit                               0x08005821   Thumb Code   214  stm32f10x_tim.o(i.TIM_DeInit)
    TIM_OC1Init                              0x08005901   Thumb Code   110  stm32f10x_tim.o(i.TIM_OC1Init)
    TIM_TimeBaseInit                         0x08005979   Thumb Code    50  stm32f10x_tim.o(i.TIM_TimeBaseInit)
    ThreadStep_do1msecTimerProc              0x08005b55   Thumb Code   300  state_secu.o(i.ThreadStep_do1msecTimerProc)
    ThreadStep_doCanMsgIO                    0x08005ca5   Thumb Code    30  state_secu.o(i.ThreadStep_doCanMsgIO)
    ThreadStep_doMsgProc                     0x08005cc5   Thumb Code   288  state_secu.o(i.ThreadStep_doMsgProc)
    ThreadStep_doNicProc                     0x08005dfd   Thumb Code    24  state_secu.o(i.ThreadStep_doNicProc)
    ThreadStep_doRecvTTY                     0x08005e19   Thumb Code    98  state_secu.o(i.ThreadStep_doRecvTTY)
    USART_ClearITPendingBit                  0x08005e7b   Thumb Code    20  stm32f10x_usart.o(i.USART_ClearITPendingBit)
    USART_ClockInit                          0x08005e8f   Thumb Code    34  stm32f10x_usart.o(i.USART_ClockInit)
    USART_Cmd                                0x08005eb1   Thumb Code    24  stm32f10x_usart.o(i.USART_Cmd)
    USART_GetFlagStatus                      0x08005ec9   Thumb Code    18  stm32f10x_usart.o(i.USART_GetFlagStatus)
    USART_ITConfig                           0x08005edb   Thumb Code    64  stm32f10x_usart.o(i.USART_ITConfig)
    USART_Init                               0x08005f1d   Thumb Code   150  stm32f10x_usart.o(i.USART_Init)
    USART_ReceiveData                        0x08005fb9   Thumb Code    10  stm32f10x_usart.o(i.USART_ReceiveData)
    USART_SendData                           0x08005fc3   Thumb Code     8  stm32f10x_usart.o(i.USART_SendData)
    USART_open                               0x08005fcb   Thumb Code    90  bsp_dq.o(i.USART_open)
    UsageFault_Handler                       0x08006025   Thumb Code     4  int_secu.o(i.UsageFault_Handler)
    __0snprintf$8                            0x08006029   Thumb Code    36  printf8.o(i.__0snprintf$8)
    __1snprintf$8                            0x08006029   Thumb Code     0  printf8.o(i.__0snprintf$8)
    __2snprintf                              0x08006029   Thumb Code     0  printf8.o(i.__0snprintf$8)
    __0sprintf$8                             0x08006051   Thumb Code    34  printf8.o(i.__0sprintf$8)
    __1sprintf$8                             0x08006051   Thumb Code     0  printf8.o(i.__0sprintf$8)
    __2sprintf                               0x08006051   Thumb Code     0  printf8.o(i.__0sprintf$8)
    __scatterload_copy                       0x08006079   Thumb Code    14  handlers.o(i.__scatterload_copy)
    __scatterload_null                       0x08006087   Thumb Code     2  handlers.o(i.__scatterload_null)
    __scatterload_zeroinit                   0x08006089   Thumb Code    14  handlers.o(i.__scatterload_zeroinit)
    arp_answer_from_request                  0x08006535   Thumb Code   100  ip_arp_udp_tcp.o(i.arp_answer_from_request)
    checksum                                 0x08006621   Thumb Code    84  ip_arp_udp_tcp.o(i.checksum)
    delayXmsec                               0x08006675   Thumb Code    24  common.o(i.delayXmsec)
    delayXusec                               0x0800668d   Thumb Code    26  common.o(i.delayXusec)
    doCanSend                                0x080066a7   Thumb Code    28  htcan_secu.o(i.doCanSend)
    doResetNode                              0x080066c3   Thumb Code     8  htcan_secu.o(i.doResetNode)
    echo_reply_from_request                  0x080066cb   Thumb Code    70  ip_arp_udp_tcp.o(i.echo_reply_from_request)
    enablePWM                                0x08006711   Thumb Code   118  bsp_dq.o(i.enablePWM)
    eth_type_is_arp_and_my_ip                0x08006789   Thumb Code    66  ip_arp_udp_tcp.o(i.eth_type_is_arp_and_my_ip)
    eth_type_is_ip                           0x080067d1   Thumb Code    38  ip_arp_udp_tcp.o(i.eth_type_is_ip)
    fill_ip_hdr_checksum                     0x080067f7   Thumb Code    44  ip_arp_udp_tcp.o(i.fill_ip_hdr_checksum)
    fill_tcp_data_p                          0x08006823   Thumb Code    34  ip_arp_udp_tcp.o(i.fill_tcp_data_p)
    fill_tcp_data_str                        0x08006845   Thumb Code    28  ip_arp_udp_tcp.o(i.fill_tcp_data_str)
    fill_udp_data_p                          0x08006861   Thumb Code    60  ip_arp_udp_tcp.o(i.fill_udp_data_p)
    fputc                                    0x0800689d   Thumb Code    68  bsp_dq.o(i.fputc)
    get_tcp_data_pointer                     0x080069ad   Thumb Code    20  ip_arp_udp_tcp.o(i.get_tcp_data_pointer)
    hard_fault_handler_c                     0x080069c9   Thumb Code   120  int_secu.o(i.hard_fault_handler_c)
    hex2int                                  0x08006a41   Thumb Code    62  common.o(i.hex2int)
    hexchar                                  0x08006a81   Thumb Code    16  common.o(i.hexchar)
    hexchval                                 0x08006a95   Thumb Code    54  common.o(i.hexchval)
    init_ip_arp_udp_tcp                      0x08006acd   Thumb Code    48  ip_arp_udp_tcp.o(i.init_ip_arp_udp_tcp)
    init_len_info                            0x08006b09   Thumb Code    66  ip_arp_udp_tcp.o(i.init_len_info)
    isUriCh                                  0x08006b55   Thumb Code    40  gw_secu.o(i.isUriCh)
    is_to_myip                               0x08006b7d   Thumb Code    18  ip_arp_udp_tcp.o(i.is_to_myip)
    main                                     0x08006b95   Thumb Code    80  task_secu.o(i.main)
    make_eth                                 0x08006c2d   Thumb Code    38  ip_arp_udp_tcp.o(i.make_eth)
    make_ip                                  0x08006c59   Thumb Code    54  ip_arp_udp_tcp.o(i.make_ip)
    make_tcphead                             0x08006c95   Thumb Code   182  ip_arp_udp_tcp.o(i.make_tcphead)
    match_dest_ip                            0x08006d55   Thumb Code    40  ip_arp_udp_tcp.o(i.match_dest_ip)
    match_src_ip                             0x08006d7d   Thumb Code    40  ip_arp_udp_tcp.o(i.match_src_ip)
    mcast                                    0x08006da5   Thumb Code   252  ip_arp_udp_tcp.o(i.mcast)
    procSync                                 0x08007005   Thumb Code    70  htcan.o(i.procSync)
    processEmcy                              0x08007059   Thumb Code     2  htcan.o(i.processEmcy)
    processNMT                               0x080070d9   Thumb Code    80  htcan.o(i.processNMT)
    processPdoRequest                        0x0800712d   Thumb Code     2  htcan.o(i.processPdoRequest)
    processSdo                               0x08007131   Thumb Code   624  htcan.o(i.processSdo)
    sendHeartbeat                            0x080076a1   Thumb Code   192  htcan.o(i.sendHeartbeat)
    strchar                                  0x0800782b   Thumb Code    34  common.o(i.strchar)
    tcp_ack_from_any                         0x0800784d   Thumb Code   108  ip_arp_udp_tcp.o(i.tcp_ack_from_any)
    tcp_ack_with_data                        0x080078bd   Thumb Code    90  ip_arp_udp_tcp.o(i.tcp_ack_with_data)
    tcp_synack_from_syn                      0x08007917   Thumb Code    84  ip_arp_udp_tcp.o(i.tcp_synack_from_syn)
    triggerPdo                               0x0800796d   Thumb Code    60  htcan.o(i.triggerPdo)
    trimleft                                 0x080079b1   Thumb Code    22  common.o(i.trimleft)
    objDict                                  0x08007fa4   Data         120  htod.o(.constdata)
    pdoDict                                  0x08008088   Data          96  htod.o(.constdata)
    IrLEDs                                   0x08008218   Data          32  bsp_secu.o(.constdata)
    IrRecvs                                  0x08008238   Data          32  bsp_secu.o(.constdata)
    ECU_Relays                               0x08008258   Data          32  bsp_secu.o(.constdata)
    MyIP                                     0x08008278   Data           4  bsp_secu.o(.constdata)
    MyServerPort                             0x0800827c   Data           2  bsp_secu.o(.constdata)
    GroupIP                                  0x0800827e   Data           4  bsp_secu.o(.constdata)
    startSong                                0x08008282   Data          56  bsp_secu.o(.constdata)
    HtCan_thisNodeId                         0x080082ba   Data           1  htcan_secu.o(.constdata)
    EcuSpec_versionMajor                     0x080082bb   Data           1  htcan_secu.o(.constdata)
    EcuSpec_versionMinor                     0x080082bc   Data           1  htcan_secu.o(.constdata)
    OSUnMapTbl                               0x0800835f   Data         256  os_core.o(.constdata)
    Region$$Table$$Base                      0x080086fc   Number         0  anon$$obj.o(Region$$Table)
    Region$$Table$$Limit                     0x0800871c   Number         0  anon$$obj.o(Region$$Table)
    heartbeatExt                             0x20000000   Data           4  htod.o(.data)
    txHeader                                 0x20000005   Data           1  htcan.o(.data)
    txTail                                   0x20000006   Data           1  htcan.o(.data)
    bHTCanSendBusy                           0x20000007   Data           1  htcan.o(.data)
    Verbs                                    0x20000008   Data          16  htcan.o(.data)
    ADC_DMAbuf                               0x20000024   Data           4  state_secu.o(.data)
    Timeout_MasterHeartbeat                  0x20000028   Data           4  state_secu.o(.data)
    Timeout_State                            0x2000002c   Data           4  state_secu.o(.data)
    lastDeviceState                          0x20000030   Data           2  state_secu.o(.data)
    askStateYield                            0x20000032   Data           1  state_secu.o(.data)
    fdcan                                    0x20000060   Data           1  bsp_dq.o(.data)
    fdext                                    0x20000061   Data           1  bsp_dq.o(.data)
    fdadm                                    0x20000062   Data           1  bsp_dq.o(.data)
    fdeth                                    0x20000063   Data           1  bsp_dq.o(.data)
    nic                                      0x20000064   Data          40  bsp_secu.o(.data)
    Ecu_masterNodeId                         0x20000090   Data           1  htcan_secu.o(.data)
    Ecu_localState                           0x20000092   Data           2  htcan_secu.o(.data)
    Ecu_motionState                          0x20000094   Data           2  htcan_secu.o(.data)
    EcuConf_temperatureMask                  0x20000096   Data           1  htcan_secu.o(.data)
    EcuConf_temperatureIntv                  0x20000097   Data           1  htcan_secu.o(.data)
    EcuConf_motionDiffMask                   0x20000098   Data           2  htcan_secu.o(.data)
    EcuConf_motionDiffIntv                   0x2000009a   Data           1  htcan_secu.o(.data)
    EcuConf_motionOuterMask                  0x2000009c   Data           2  htcan_secu.o(.data)
    EcuConf_motionBedMask                    0x2000009e   Data           2  htcan_secu.o(.data)
    EcuConf_lumineDiffMask                   0x200000a0   Data           1  htcan_secu.o(.data)
    EcuConf_lumineDiffIntv                   0x200000a1   Data           1  htcan_secu.o(.data)
    EcuCtrl_relays                           0x200000a2   Data           1  htcan_secu.o(.data)
    EcuCtrl_pulseSendChId                    0x200000a3   Data           1  htcan_secu.o(.data)
    EcuCtrl_pulseSendCode                    0x200000a4   Data           1  htcan_secu.o(.data)
    EcuCtrl_pulseSendPflId                   0x200000a5   Data           1  htcan_secu.o(.data)
    EcuCtrl_pulseSendBaseIntvX10usec         0x200000a6   Data           1  htcan_secu.o(.data)
    EcuCtrl_pulseRecvChId                    0x200000a7   Data           1  htcan_secu.o(.data)
    EcuCtrl_pulseRecvTimeout                 0x200000a8   Data           1  htcan_secu.o(.data)
    Ecu_pulseRecvSeq                         0x200000ac   Data           8  htcan_secu.o(.data)
    EcuCtrl_askDevTable                      0x200000b4   Data         128  htcan_secu.o(.data)
    EcuCtrl_askDevTypes                      0x20000134   Data          32  htcan_secu.o(.data)
    Ecu_globalState                          0x20000154   Data           1  htcan_secu.o(.data)
    EcuConf_lumineDiffTshd                   0x20000156   Data           2  htcan_secu.o(.data)
    EcuCtrl_askDevState                      0x20000158   Data           4  htcan_secu.o(.data)
    EcuConf_fwdAdm                           0x20000160   Data           1  gw_secu.o(.data)
    EcuConf_fwdExt                           0x20000161   Data           1  gw_secu.o(.data)
    OSCtxSwCtr                               0x20000178   Data           4  os_core.o(.data)
    OSEventFreeList                          0x2000017c   Data           4  os_core.o(.data)
    OSFlagFreeList                           0x20000180   Data           4  os_core.o(.data)
    OSCPUUsage                               0x20000184   Data           1  os_core.o(.data)
    OSIdleCtrMax                             0x20000188   Data           4  os_core.o(.data)
    OSIdleCtrRun                             0x2000018c   Data           4  os_core.o(.data)
    OSStatRdy                                0x20000190   Data           1  os_core.o(.data)
    OSIntNesting                             0x20000191   Data           1  os_core.o(.data)
    OSLockNesting                            0x20000192   Data           1  os_core.o(.data)
    OSPrioCur                                0x20000193   Data           1  os_core.o(.data)
    OSPrioHighRdy                            0x20000194   Data           1  os_core.o(.data)
    OSRdyGrp                                 0x20000195   Data           1  os_core.o(.data)
    OSRdyTbl                                 0x20000196   Data           4  os_core.o(.data)
    OSRunning                                0x2000019a   Data           1  os_core.o(.data)
    OSTaskCtr                                0x2000019b   Data           1  os_core.o(.data)
    OSIdleCtr                                0x2000019c   Data           4  os_core.o(.data)
    OSTCBCur                                 0x200001a0   Data           4  os_core.o(.data)
    OSTCBFreeList                            0x200001a4   Data           4  os_core.o(.data)
    OSTCBHighRdy                             0x200001a8   Data           4  os_core.o(.data)
    OSTCBList                                0x200001ac   Data           4  os_core.o(.data)
    OSTickStepState                          0x200001b0   Data           1  os_core.o(.data)
    OSTime                                   0x200001b4   Data           4  os_core.o(.data)
    timer_tbl                                0x200001cc   Data          36  common.o(.bss)
    _pendingLines                            0x200001f0   Data         415  common.o(.bss)
    neighborhood                             0x20000390   Data          24  htcan.o(.bss)
    sdoClients                               0x200003a8   Data         128  htcan.o(.bss)
    txFIFO                                   0x20000428   Data          96  htcan.o(.bss)
    LuminBaks                                0x20000488   Data          16  state_secu.o(.bss)
    ds18b20s                                 0x20000b58   Data         128  bsp_secu.o(.bss)
    EcuCtrl_relayTicks                       0x20000bd8   Data          12  htcan_secu.o(.bss)
    Ecu_temperature                          0x20000be4   Data          16  htcan_secu.o(.bss)
    Ecu_adc                                  0x20000bf4   Data          18  htcan_secu.o(.bss)
    Ecu_pulseRecvBuf                         0x20000c06   Data          48  htcan_secu.o(.bss)
    announcePacket                           0x20000d3c   Data         302  gw_secu.o(.bss)
    params                                   0x20000e6c   Data          64  gw_secu.o(.bss)
    values                                   0x20000eac   Data          64  gw_secu.o(.bss)
    txtMsg                                   0x20000eec   Data         100  gw_secu.o(.bss)
    packetEth                                0x20000f50   Data        1001  gw_secu.o(.bss)
    wkurl                                    0x20001339   Data         100  gw_secu.o(.bss)
    OSEventTbl                               0x200013a0   Data         320  os_core.o(.bss)
    OSFlagTbl                                0x200014e0   Data         140  os_core.o(.bss)
    OSTaskStatStk                            0x2000156c   Data         512  os_core.o(.bss)
    OSTaskIdleStk                            0x2000176c   Data         512  os_core.o(.bss)
    OSTCBPrioTbl                             0x2000196c   Data         128  os_core.o(.bss)
    OSTCBTbl                                 0x200019ec   Data        1104  os_core.o(.bss)
    __initial_sp                             0x20002240   Data           0  startup_ucosii_hd.o(STACK)



==============================================================================

Memory Map of the image

  Image Entry point : 0x0800046d

  Load Region LR_IROM1 (Base: 0x08000000, Size: 0x000088e8, Max: 0x00080000, ABSOLUTE, COMPRESSED[0x00008798])

    Execution Region ER_IROM1 (Base: 0x08000000, Size: 0x0000871c, Max: 0x00080000, ABSOLUTE)

    Base Addr    Size         Type   Attr      Idx    E Section Name        Object

    0x08000000   0x00000130   Data   RO         2931    RESET               startup_ucosii_hd.o
    0x08000130   0x00000000   Code   RO         5722  * .ARM.Collect$$$$00000000  mc_w.l(entry.o)(mc_w.l)
    0x08000130   0x00000004   Code   RO         6004    .ARM.Collect$$$$00000001  mc_w.l(entry2.o)(mc_w.l)
    0x08000134   0x00000004   Code   RO         6007    .ARM.Collect$$$$00000004  mc_w.l(entry5.o)(mc_w.l)
    0x08000138   0x00000008   Code   RO         6008    .ARM.Collect$$$$00000007  mc_w.l(entry7.o)(mc_w.l)
    0x08000140   0x00000004   Code   RO         6005    .ARM.Collect$$$$00002712  mc_w.l(entry2.o)(mc_w.l)
    0x08000144   0x00000012   Code   RO         1171    .emb_text           int_secu.o
    0x08000156   0x00000002   PAD
    0x08000158   0x0000002a   Code   RO         2096    .text               cpu_a.o
    0x08000182   0x00000002   PAD
    0x08000184   0x000000a4   Code   RO         2803    .text               os_cpu_a.o
    0x08000228   0x00000030   Code   RO         2932    .text               startup_ucosii_hd.o
    0x08000258   0x00000024   Code   RO         5725    .text               mc_w.l(memcpya.o)(mc_w.l)
    0x0800027c   0x00000026   Code   RO         5727    .text               mc_w.l(memseta.o)(mc_w.l)
    0x080002a2   0x0000002c   Code   RO         5729    .text               mc_w.l(strstr.o)(mc_w.l)
    0x080002ce   0x00000012   Code   RO         5731    .text               mc_w.l(strchr.o)(mc_w.l)
    0x080002e0   0x00000010   Code   RO         5733    .text               mc_w.l(strlen.o)(mc_w.l)
    0x080002f0   0x0000001c   Code   RO         5735    .text               mc_w.l(strcmp.o)(mc_w.l)
    0x0800030c   0x0000001a   Code   RO         5737    .text               mc_w.l(memcmp.o)(mc_w.l)
    0x08000326   0x0000001e   Code   RO         5739    .text               mc_w.l(strncmp.o)(mc_w.l)
    0x08000344   0x00000066   Code   RO         6012    .text               mc_w.l(uldiv.o)(mc_w.l)
    0x080003aa   0x00000002   PAD
    0x080003ac   0x00000024   Code   RO         6025    .text               mc_w.l(init.o)(mc_w.l)
    0x080003d0   0x0000001e   Code   RO         6027    .text               mc_w.l(llshl.o)(mc_w.l)
    0x080003ee   0x00000020   Code   RO         6029    .text               mc_w.l(llushr.o)(mc_w.l)
    0x0800040e   0x0000005c   Code   RO         6043    .text               mc_w.l(__dczerorl2.o)(mc_w.l)
    0x0800046a   0x00000002   PAD
    0x0800046c   0x00000008   Code   RO          437  * INIT                init.o
    0x08000474   0x00000016   Code   RO         2978    i.ADC_Cmd           stm32f10x_adc.o
    0x0800048a   0x00000016   Code   RO         2979    i.ADC_DMACmd        stm32f10x_adc.o
    0x080004a0   0x00000014   Code   RO         2986    i.ADC_GetCalibrationStatus  stm32f10x_adc.o
    0x080004b4   0x00000014   Code   RO         2992    i.ADC_GetResetCalibrationStatus  stm32f10x_adc.o
    0x080004c8   0x00000050   Code   RO         2996    i.ADC_Init          stm32f10x_adc.o
    0x08000518   0x000000b8   Code   RO         3000    i.ADC_RegularChannelConfig  stm32f10x_adc.o
    0x080005d0   0x0000000a   Code   RO         3001    i.ADC_ResetCalibration  stm32f10x_adc.o
    0x080005da   0x00000016   Code   RO         3003    i.ADC_SoftwareStartConvCmd  stm32f10x_adc.o
    0x080005f0   0x0000000a   Code   RO         3005    i.ADC_StartCalibration  stm32f10x_adc.o
    0x080005fa   0x00000002   PAD
    0x080005fc   0x0000002c   Code   RO         3007    i.ADC_TempSensorVrefintCmd  stm32f10x_adc.o
    0x08000628   0x000000a0   Code   RO         1590    i.AdminExt_sendMsg  gw_secu.o
    0x080006c8   0x00000002   Code   RO          796    i.App_TCBInitHook   task_secu.o
    0x080006ca   0x00000002   Code   RO          797    i.App_TaskCreateHook  task_secu.o
    0x080006cc   0x00000002   Code   RO          799    i.App_TaskIdleHook  task_secu.o
    0x080006ce   0x00000002   Code   RO          800    i.App_TaskStatHook  task_secu.o
    0x080006d0   0x00000002   Code   RO          801    i.App_TaskSwHook    task_secu.o
    0x080006d2   0x00000010   Code   RO         3196    i.BKP_DeInit        stm32f10x_bkp.o
    0x080006e2   0x00000002   PAD
    0x080006e4   0x00000010   Code   RO         3201    i.BKP_ReadBackupRegister  stm32f10x_bkp.o
    0x080006f4   0x00000010   Code   RO         3205    i.BKP_WriteBackupRegister  stm32f10x_bkp.o
    0x08000704   0x00000010   Code   RO         1003    i.BSP_CPU_ClkFreq   bsp_secu.o
    0x08000714   0x00000034   Code   RO         1004    i.BSP_Init          bsp_secu.o
    0x08000748   0x00000008   Code   RO         1174    i.BSP_IntDisAll     int_secu.o
    0x08000750   0x0000003c   Code   RO         1175    i.BSP_IntDispatch   int_secu.o
    0x0800078c   0x0000000a   Code   RO         1177    i.BSP_IntHandlerADC1_2  int_secu.o
    0x08000796   0x0000000a   Code   RO         1178    i.BSP_IntHandlerCAN_RX1  int_secu.o
    0x080007a0   0x0000000a   Code   RO         1179    i.BSP_IntHandlerCAN_SCE  int_secu.o
    0x080007aa   0x0000000a   Code   RO         1180    i.BSP_IntHandlerDMA1_CH1  int_secu.o
    0x080007b4   0x0000000a   Code   RO         1181    i.BSP_IntHandlerDMA1_CH2  int_secu.o
    0x080007be   0x0000000a   Code   RO         1182    i.BSP_IntHandlerDMA1_CH3  int_secu.o
    0x080007c8   0x0000000a   Code   RO         1183    i.BSP_IntHandlerDMA1_CH4  int_secu.o
    0x080007d2   0x0000000a   Code   RO         1184    i.BSP_IntHandlerDMA1_CH5  int_secu.o
    0x080007dc   0x0000000a   Code   RO         1185    i.BSP_IntHandlerDMA1_CH6  int_secu.o
    0x080007e6   0x0000000a   Code   RO         1186    i.BSP_IntHandlerDMA1_CH7  int_secu.o
    0x080007f0   0x00000002   Code   RO         1187    i.BSP_IntHandlerDummy  int_secu.o
    0x080007f2   0x0000000a   Code   RO         1188    i.BSP_IntHandlerEXTI0  int_secu.o
    0x080007fc   0x0000000a   Code   RO         1189    i.BSP_IntHandlerEXTI1  int_secu.o
    0x08000806   0x0000000a   Code   RO         1190    i.BSP_IntHandlerEXTI15_10  int_secu.o
    0x08000810   0x0000000a   Code   RO         1191    i.BSP_IntHandlerEXTI2  int_secu.o
    0x0800081a   0x0000000a   Code   RO         1192    i.BSP_IntHandlerEXTI3  int_secu.o
    0x08000824   0x0000000a   Code   RO         1193    i.BSP_IntHandlerEXTI4  int_secu.o
    0x0800082e   0x0000000a   Code   RO         1194    i.BSP_IntHandlerEXTI9_5  int_secu.o
    0x08000838   0x0000000a   Code   RO         1195    i.BSP_IntHandlerFLASH  int_secu.o
    0x08000842   0x0000000a   Code   RO         1196    i.BSP_IntHandlerI2C1_ER  int_secu.o
    0x0800084c   0x0000000a   Code   RO         1197    i.BSP_IntHandlerI2C1_EV  int_secu.o
    0x08000856   0x0000000a   Code   RO         1198    i.BSP_IntHandlerI2C2_ER  int_secu.o
    0x08000860   0x0000000a   Code   RO         1199    i.BSP_IntHandlerI2C2_EV  int_secu.o
    0x0800086a   0x0000000a   Code   RO         1200    i.BSP_IntHandlerPVD  int_secu.o
    0x08000874   0x0000000a   Code   RO         1201    i.BSP_IntHandlerRCC  int_secu.o
    0x0800087e   0x0000000a   Code   RO         1202    i.BSP_IntHandlerRTC  int_secu.o
    0x08000888   0x0000000a   Code   RO         1203    i.BSP_IntHandlerRTCAlarm  int_secu.o
    0x08000892   0x0000000a   Code   RO         1204    i.BSP_IntHandlerSPI1  int_secu.o
    0x0800089c   0x0000000a   Code   RO         1205    i.BSP_IntHandlerSPI2  int_secu.o
    0x080008a6   0x0000000a   Code   RO         1206    i.BSP_IntHandlerTAMPER  int_secu.o
    0x080008b0   0x0000000a   Code   RO         1207    i.BSP_IntHandlerTIM1_BRK  int_secu.o
    0x080008ba   0x0000000a   Code   RO         1208    i.BSP_IntHandlerTIM1_CC  int_secu.o
    0x080008c4   0x0000000a   Code   RO         1209    i.BSP_IntHandlerTIM1_TRG_COM  int_secu.o
    0x080008ce   0x0000000a   Code   RO         1210    i.BSP_IntHandlerTIM1_UP  int_secu.o
    0x080008d8   0x0000000a   Code   RO         1211    i.BSP_IntHandlerTIM2  int_secu.o
    0x080008e2   0x0000000a   Code   RO         1212    i.BSP_IntHandlerTIM3  int_secu.o
    0x080008ec   0x0000000a   Code   RO         1213    i.BSP_IntHandlerTIM4  int_secu.o
    0x080008f6   0x0000000a   Code   RO         1214    i.BSP_IntHandlerUSART1  int_secu.o
    0x08000900   0x0000000a   Code   RO         1215    i.BSP_IntHandlerUSART2  int_secu.o
    0x0800090a   0x0000000a   Code   RO         1216    i.BSP_IntHandlerUSART3  int_secu.o
    0x08000914   0x0000000a   Code   RO         1217    i.BSP_IntHandlerUSBWakeUp  int_secu.o
    0x0800091e   0x0000000a   Code   RO         1218    i.BSP_IntHandlerUSB_HP_CAN_TX  int_secu.o
    0x08000928   0x0000000a   Code   RO         1219    i.BSP_IntHandlerUSB_LP_CAN_RX0  int_secu.o
    0x08000932   0x0000000a   Code   RO         1220    i.BSP_IntHandlerWWDG  int_secu.o
    0x0800093c   0x00000040   Code   RO         1221    i.BSP_IntInit       int_secu.o
    0x0800097c   0x00000028   Code   RO         1222    i.BSP_IntVectSet    int_secu.o
    0x080009a4   0x00000020   Code   RO          228    i.Blink_isActive    common.o
    0x080009c4   0x0000003e   Code   RO          229    i.Blink_tick        common.o
    0x08000a02   0x00000004   Code   RO         1223    i.BusFault_Handler  int_secu.o
    0x08000a06   0x00000002   PAD
    0x08000a08   0x00000048   Code   RO          895    i.CAN_Configuration  bsp_dq.o
    0x08000a50   0x00000028   Code   RO         3276    i.CAN_DeInit        stm32f10x_can.o
    0x08000a78   0x00000118   Code   RO         3278    i.CAN_FilterInit    stm32f10x_can.o
    0x08000b90   0x0000011c   Code   RO         3282    i.CAN_Init          stm32f10x_can.o
    0x08000cac   0x00000020   Code   RO         3286    i.CAN_StructInit    stm32f10x_can.o
    0x08000ccc   0x00000126   Code   RO         3287    i.CAN_Transmit      stm32f10x_can.o
    0x08000df2   0x0000008c   Code   RO         3288    i.CAN_TransmitStatus  stm32f10x_can.o
    0x08000e7e   0x00000002   PAD
    0x08000e80   0x00000080   Code   RO          896    i.CAN_setBaud       bsp_dq.o
    0x08000f00   0x0000001c   Code   RO         3536    i.DMA_ClearITPendingBit  stm32f10x_dma.o
    0x08000f1c   0x00000016   Code   RO         3537    i.DMA_Cmd           stm32f10x_dma.o
    0x08000f32   0x00000002   PAD
    0x08000f34   0x00000150   Code   RO         3538    i.DMA_DeInit        stm32f10x_dma.o
    0x08001084   0x0000002c   Code   RO         3541    i.DMA_GetITStatus   stm32f10x_dma.o
    0x080010b0   0x00000012   Code   RO         3542    i.DMA_ITConfig      stm32f10x_dma.o
    0x080010c2   0x0000003c   Code   RO         3543    i.DMA_Init          stm32f10x_dma.o
    0x080010fe   0x00000002   PAD
    0x08001100   0x00000020   Code   RO          897    i.DQBoard_485sendMode  bsp_dq.o
    0x08001120   0x00000148   Code   RO          898    i.DQBoard_Config    bsp_dq.o
    0x08001268   0x00000002   Code   RO          899    i.DQBoard_NVIC_RegisterISRs  bsp_dq.o
    0x0800126a   0x00000002   PAD
    0x0800126c   0x00000028   Code   RO          900    i.DQBoard_beep      bsp_dq.o
    0x08001294   0x00000044   Code   RO          901    i.DQBoard_getTime   bsp_dq.o
    0x080012d8   0x000000a0   Code   RO          902    i.DQBoard_reset     bsp_dq.o
    0x08001378   0x00000048   Code   RO          903    i.DQBoard_setLed    bsp_dq.o
    0x080013c0   0x00000036   Code   RO          904    i.DQBoard_updateClock  bsp_dq.o
    0x080013f6   0x0000000e   Code   RO            1    i.DS18B20_InitConfiguration  ds18b20.o
    0x08001404   0x00000022   Code   RO            2    i.DS18B20_convert   ds18b20.o
    0x08001426   0x0000008c   Code   RO            3    i.DS18B20_read      ds18b20.o
    0x080014b2   0x00000002   Code   RO         1224    i.DebugMon_Handler  int_secu.o
    0x080014b4   0x00000048   Code   RO         1006    i.ECU_setRelay      bsp_secu.o
    0x080014fc   0x00000036   Code   RO         1825    i.ENC28J60_PhyWrite  enc28j60.o
    0x08001532   0x00000014   Code   RO         1826    i.ENC28J60_clkout   enc28j60.o
    0x08001546   0x00000240   Code   RO         1829    i.ENC28J60_init     enc28j60.o
    0x08001786   0x0000001a   Code   RO         1832    i.ENC28J60_read     enc28j60.o
    0x080017a0   0x00000062   Code   RO         1833    i.ENC28J60_readBuf  enc28j60.o
    0x08001802   0x00000086   Code   RO         1834    i.ENC28J60_readOp   enc28j60.o
    0x08001888   0x000000e0   Code   RO         1835    i.ENC28J60_recvPacket  enc28j60.o
    0x08001968   0x00000080   Code   RO         1836    i.ENC28J60_sendPacket  enc28j60.o
    0x080019e8   0x00000036   Code   RO         1837    i.ENC28J60_setBank  enc28j60.o
    0x08001a1e   0x0000001e   Code   RO         1839    i.ENC28J60_write    enc28j60.o
    0x08001a3c   0x00000054   Code   RO         1840    i.ENC28J60_writeBuf  enc28j60.o
    0x08001a90   0x00000052   Code   RO         1841    i.ENC28J60_writeOp  enc28j60.o
    0x08001ae2   0x00000002   PAD
    0x08001ae4   0x00000338   Code   RO         1007    i.External_Config   bsp_secu.o
    0x08001e1c   0x00000058   Code   RO          441    i.FIFO_tryRead      htcan.o
    0x08001e74   0x0000004c   Code   RO          442    i.FIFO_tryWrite     htcan.o
    0x08001ec0   0x0000001c   Code   RO         3669    i.FLASH_PrefetchBufferCmd  stm32f10x_flash.o
    0x08001edc   0x00000018   Code   RO         3674    i.FLASH_SetLatency  stm32f10x_flash.o
    0x08001ef4   0x00000112   Code   RO         3929    i.GPIO_Init         stm32f10x_gpio.o
    0x08002006   0x00000002   PAD
    0x08002008   0x00000070   Code   RO         3931    i.GPIO_PinRemapConfig  stm32f10x_gpio.o
    0x08002078   0x00000012   Code   RO         3933    i.GPIO_ReadInputDataBit  stm32f10x_gpio.o
    0x0800208a   0x00000004   Code   RO         3936    i.GPIO_ResetBits    stm32f10x_gpio.o
    0x0800208e   0x00000004   Code   RO         3937    i.GPIO_SetBits      stm32f10x_gpio.o
    0x08002092   0x0000000a   Code   RO         3940    i.GPIO_WriteBit     stm32f10x_gpio.o
    0x0800209c   0x00000030   Code   RO         1591    i.GW_OnFillCanMsg   gw_secu.o
    0x080020cc   0x00000038   Code   RO         1592    i.GW_dispatchCANbyFd  gw_secu.o
    0x08002104   0x000003a4   Code   RO         1593    i.GW_dispatchTextMessage  gw_secu.o
    0x080024a8   0x00000400   Code   RO         1596    i.GW_nicReceiveLoop  gw_secu.o
    0x080028a8   0x00000008   Code   RO         1225    i.HardFault_Handler  int_secu.o
    0x080028b0   0x00000220   Code   RO          443    i.HtCan_doScan      htcan.o
    0x08002ad0   0x00000028   Code   RO          444    i.HtCan_flushOutgoing  htcan.o
    0x08002af8   0x00000058   Code   RO          445    i.HtCan_init        htcan.o
    0x08002b50   0x0000010c   Code   RO          446    i.HtCan_parseCompactText  htcan.o
    0x08002c5c   0x000002c8   Code   RO          447    i.HtCan_parseRichURIEx  htcan.o
    0x08002f24   0x00000140   Code   RO          448    i.HtCan_processReceived  htcan.o
    0x08003064   0x00000038   Code   RO          449    i.HtCan_send        htcan.o
    0x0800309c   0x00000018   Code   RO          450    i.HtCan_stop        htcan.o
    0x080030b4   0x0000007c   Code   RO          451    i.HtCan_toCompactText  htcan.o
    0x08003130   0x00000164   Code   RO          452    i.HtCan_toJsonVars  htcan.o
    0x08003294   0x0000003c   Code   RO          453    i.HtCan_toRichURI   htcan.o
    0x080032d0   0x00000012   Code   RO         1226    i.ISR_ADC1DMA       int_secu.o
    0x080032e2   0x00000042   Code   RO         1230    i.ISR_RTC           int_secu.o
    0x08003324   0x00000068   Code   RO         1231    i.ISR_USART1        int_secu.o
    0x0800338c   0x000000e4   Code   RO          802    i.InitProcedure     task_secu.o
    0x08003470   0x00000004   Code   RO         1232    i.MemManage_Handler  int_secu.o
    0x08003474   0x0000003c   Code   RO         1008    i.MotionState       bsp_secu.o
    0x080034b0   0x00000088   Code   RO          230    i.MsgLine_allocate  common.o
    0x08003538   0x0000000c   Code   RO          231    i.MsgLine_free      common.o
    0x08003544   0x00000014   Code   RO          232    i.MsgLine_init      common.o
    0x08003558   0x00000058   Code   RO          233    i.MsgLine_log       common.o
    0x080035b0   0x000000ca   Code   RO          234    i.MsgLine_recv      common.o
    0x0800367a   0x00000002   PAD
    0x0800367c   0x00000048   Code   RO         1009    i.NIC_sendPacket    bsp_secu.o
    0x080036c4   0x00000002   Code   RO         1233    i.NMI_Handler       int_secu.o
    0x080036c6   0x00000002   PAD
    0x080036c8   0x00000060   Code   RO         1010    i.NVIC_Configuration  bsp_secu.o
    0x08003728   0x00000084   Code   RO         2936    i.NVIC_Init         misc.o
    0x080037ac   0x00000014   Code   RO         2937    i.NVIC_PriorityGroupConfig  misc.o
    0x080037c0   0x00000014   Code   RO         2938    i.NVIC_SetVectorTable  misc.o
    0x080037d4   0x00000028   Code   RO         2153    i.OSInit            os_core.o
    0x080037fc   0x00000002   Code   RO         2702    i.OSInitHookBegin   os_cpu_c.o
    0x080037fe   0x00000002   Code   RO         2703    i.OSInitHookEnd     os_cpu_c.o
    0x08003800   0x00000090   Code   RO         2155    i.OSIntExit         os_core.o
    0x08003890   0x00000048   Code   RO         2158    i.OSStart           os_core.o
    0x080038d8   0x0000004c   Code   RO         2159    i.OSStatInit        os_core.o
    0x08003924   0x0000000c   Code   RO         2704    i.OSTCBInitHook     os_cpu_c.o
    0x08003930   0x000000a0   Code   RO         2583    i.OSTaskCreate      os_task.o
    0x080039d0   0x000000b8   Code   RO         2584    i.OSTaskCreateExt   os_task.o
    0x08003a88   0x0000000c   Code   RO         2705    i.OSTaskCreateHook  os_cpu_c.o
    0x08003a94   0x00000008   Code   RO         2707    i.OSTaskIdleHook    os_cpu_c.o
    0x08003a9c   0x00000090   Code   RO         2588    i.OSTaskNameSet     os_task.o
    0x08003b2c   0x00000008   Code   RO         2708    i.OSTaskStatHook    os_cpu_c.o
    0x08003b34   0x0000008c   Code   RO         2591    i.OSTaskStkChk      os_task.o
    0x08003bc0   0x0000009a   Code   RO         2709    i.OSTaskStkInit     os_cpu_c.o
    0x08003c5a   0x00000002   PAD
    0x08003c5c   0x000000a8   Code   RO         2592    i.OSTaskSuspend     os_task.o
    0x08003d04   0x00000008   Code   RO         2710    i.OSTaskSwHook      os_cpu_c.o
    0x08003d0c   0x00000070   Code   RO         2660    i.OSTimeDly         os_time.o
    0x08003d7c   0x00000070   Code   RO         2661    i.OSTimeDlyHMSM     os_time.o
    0x08003dec   0x0000001c   Code   RO         2663    i.OSTimeGet         os_time.o
    0x08003e08   0x0000001c   Code   RO         2664    i.OSTimeSet         os_time.o
    0x08003e24   0x000000f4   Code   RO         2160    i.OSTimeTick        os_core.o
    0x08003f18   0x00000002   Code   RO         2711    i.OSTimeTickHook    os_cpu_c.o
    0x08003f1a   0x0000000c   Code   RO         1011    i.OS_CPU_SysTickClkFreq  bsp_secu.o
    0x08003f26   0x00000002   PAD
    0x08003f28   0x00000028   Code   RO         2712    i.OS_CPU_SysTickHandler  os_cpu_c.o
    0x08003f50   0x0000002c   Code   RO         2713    i.OS_CPU_SysTickInit  os_cpu_c.o
    0x08003f7c   0x0000004c   Code   RO         2380    i.OS_FlagInit       os_flag.o
    0x08003fc8   0x00000050   Code   RO         2169    i.OS_InitEventList  os_core.o
    0x08004018   0x00000054   Code   RO         2170    i.OS_InitMisc       os_core.o
    0x0800406c   0x00000048   Code   RO         2171    i.OS_InitRdyList    os_core.o
    0x080040b4   0x00000068   Code   RO         2172    i.OS_InitTCBList    os_core.o
    0x0800411c   0x00000050   Code   RO         2173    i.OS_InitTaskIdle   os_core.o
    0x0800416c   0x00000050   Code   RO         2174    i.OS_InitTaskStat   os_core.o
    0x080041bc   0x00000012   Code   RO         2175    i.OS_MemClr         os_core.o
    0x080041ce   0x00000002   PAD
    0x080041d0   0x00000074   Code   RO         2177    i.OS_Sched          os_core.o
    0x08004244   0x0000002c   Code   RO         2178    i.OS_SchedNew       os_core.o
    0x08004270   0x0000001c   Code   RO         2179    i.OS_StrCopy        os_core.o
    0x0800428c   0x00000014   Code   RO         2180    i.OS_StrLen         os_core.o
    0x080042a0   0x00000134   Code   RO         2181    i.OS_TCBInit        os_core.o
    0x080043d4   0x00000024   Code   RO         2182    i.OS_TaskIdle       os_core.o
    0x080043f8   0x00000088   Code   RO         2183    i.OS_TaskStat       os_core.o
    0x08004480   0x0000003c   Code   RO         2184    i.OS_TaskStatStkChk  os_core.o
    0x080044bc   0x0000001a   Code   RO         2593    i.OS_TaskStkClr     os_task.o
    0x080044d6   0x00000016   Code   RO         1012    i.OWPortal_dqH      bsp_secu.o
    0x080044ec   0x00000016   Code   RO         1013    i.OWPortal_dqL      bsp_secu.o
    0x08004502   0x00000016   Code   RO         1014    i.OWPortal_dqV      bsp_secu.o
    0x08004518   0x00000044   Code   RO          142    i.OWPortal_readBit  1wire.o
    0x0800455c   0x00000064   Code   RO          143    i.OWPortal_reset    1wire.o
    0x080045c0   0x0000002e   Code   RO          144    i.OWPortal_writeBit  1wire.o
    0x080045ee   0x00000024   Code   RO          145    i.OWReadByte        1wire.o
    0x08004612   0x00000020   Code   RO          150    i.OWWriteByte       1wire.o
    0x08004632   0x00000072   Code   RO         1104    i.OnClock           htcan_secu.o
    0x080046a4   0x0000010c   Code   RO          635    i.OnHeartbeat       state_secu.o
    0x080047b0   0x0000002e   Code   RO         1598    i.OnPdoEvent        gw_secu.o
    0x080047de   0x00000002   PAD
    0x080047e0   0x0000016c   Code   RO         1599    i.OnPostCanMessage  gw_secu.o
    0x0800494c   0x00000008   Code   RO         1106    i.OnSdoClientDone   htcan_secu.o
    0x08004954   0x0000002c   Code   RO         1600    i.OnSdoData         gw_secu.o
    0x08004980   0x0000000c   Code   RO         4272    i.PWR_BackupAccessCmd  stm32f10x_pwr.o
    0x0800498c   0x00000018   Code   RO         4332    i.RCC_ADCCLKConfig  stm32f10x_rcc.o
    0x080049a4   0x00000020   Code   RO         4333    i.RCC_AHBPeriphClockCmd  stm32f10x_rcc.o
    0x080049c4   0x00000020   Code   RO         4334    i.RCC_APB1PeriphClockCmd  stm32f10x_rcc.o
    0x080049e4   0x00000020   Code   RO         4335    i.RCC_APB1PeriphResetCmd  stm32f10x_rcc.o
    0x08004a04   0x00000020   Code   RO         4336    i.RCC_APB2PeriphClockCmd  stm32f10x_rcc.o
    0x08004a24   0x00000020   Code   RO         4337    i.RCC_APB2PeriphResetCmd  stm32f10x_rcc.o
    0x08004a44   0x0000000c   Code   RO         4339    i.RCC_BackupResetCmd  stm32f10x_rcc.o
    0x08004a50   0x00000014   Code   RO         4340    i.RCC_ClearFlag     stm32f10x_rcc.o
    0x08004a64   0x0000008c   Code   RO         1015    i.RCC_Configuration  bsp_secu.o
    0x08004af0   0x0000004c   Code   RO         4343    i.RCC_DeInit        stm32f10x_rcc.o
    0x08004b3c   0x000000d4   Code   RO         4344    i.RCC_GetClocksFreq  stm32f10x_rcc.o
    0x08004c10   0x0000003c   Code   RO         4345    i.RCC_GetFlagStatus  stm32f10x_rcc.o
    0x08004c4c   0x00000010   Code   RO         4347    i.RCC_GetSYSCLKSource  stm32f10x_rcc.o
    0x08004c5c   0x00000018   Code   RO         4348    i.RCC_HCLKConfig    stm32f10x_rcc.o
    0x08004c74   0x0000004c   Code   RO         4349    i.RCC_HSEConfig     stm32f10x_rcc.o
    0x08004cc0   0x00000034   Code   RO         4352    i.RCC_LSEConfig     stm32f10x_rcc.o
    0x08004cf4   0x00000018   Code   RO         4355    i.RCC_PCLK1Config   stm32f10x_rcc.o
    0x08004d0c   0x00000018   Code   RO         4356    i.RCC_PCLK2Config   stm32f10x_rcc.o
    0x08004d24   0x0000000c   Code   RO         4357    i.RCC_PLLCmd        stm32f10x_rcc.o
    0x08004d30   0x0000001c   Code   RO         4358    i.RCC_PLLConfig     stm32f10x_rcc.o
    0x08004d4c   0x0000000c   Code   RO         4359    i.RCC_RTCCLKCmd     stm32f10x_rcc.o
    0x08004d58   0x00000010   Code   RO         4360    i.RCC_RTCCLKConfig  stm32f10x_rcc.o
    0x08004d68   0x00000018   Code   RO         4361    i.RCC_SYSCLKConfig  stm32f10x_rcc.o
    0x08004d80   0x0000002e   Code   RO         4363    i.RCC_WaitForHSEStartUp  stm32f10x_rcc.o
    0x08004dae   0x00000002   PAD
    0x08004db0   0x00000020   Code   RO         4533    i.RTC_ClearITPendingBit  stm32f10x_rtc.o
    0x08004dd0   0x00000018   Code   RO         4534    i.RTC_EnterConfigMode  stm32f10x_rtc.o
    0x08004de8   0x0000001c   Code   RO         4535    i.RTC_ExitConfigMode  stm32f10x_rtc.o
    0x08004e04   0x0000001c   Code   RO         4536    i.RTC_GetCounter    stm32f10x_rtc.o
    0x08004e20   0x0000002c   Code   RO         4539    i.RTC_GetITStatus   stm32f10x_rtc.o
    0x08004e4c   0x00000030   Code   RO         4540    i.RTC_ITConfig      stm32f10x_rtc.o
    0x08004e7c   0x000000a4   Code   RO          905    i.RTC_Init          bsp_dq.o
    0x08004f20   0x00000024   Code   RO         4542    i.RTC_SetCounter    stm32f10x_rtc.o
    0x08004f44   0x00000024   Code   RO         4543    i.RTC_SetPrescaler  stm32f10x_rtc.o
    0x08004f68   0x00000014   Code   RO         4544    i.RTC_WaitForLastTask  stm32f10x_rtc.o
    0x08004f7c   0x00000028   Code   RO         4545    i.RTC_WaitForSynchro  stm32f10x_rtc.o
    0x08004fa4   0x00000002   Code   RO         1235    i.SDIO_IRQHandler   int_secu.o
    0x08004fa6   0x00000018   Code   RO         4813    i.SPI_Cmd           stm32f10x_spi.o
    0x08004fbe   0x00000012   Code   RO         4821    i.SPI_I2S_GetFlagStatus  stm32f10x_spi.o
    0x08004fd0   0x00000006   Code   RO         4824    i.SPI_I2S_ReceiveData  stm32f10x_spi.o
    0x08004fd6   0x00000004   Code   RO         4825    i.SPI_I2S_SendData  stm32f10x_spi.o
    0x08004fda   0x0000003c   Code   RO         4826    i.SPI_Init          stm32f10x_spi.o
    0x08005016   0x00000002   Code   RO         1236    i.SVC_Handler       int_secu.o
    0x08005018   0x0000002c   Code   RO          636    i.State_OnDangerousSource  state_secu.o
    0x08005044   0x00000074   Code   RO          637    i.State_OnInnerMotion  state_secu.o
    0x080050b8   0x000000a0   Code   RO          638    i.State_OnOuterMotion  state_secu.o
    0x08005158   0x00000120   Code   RO          639    i.State_OnTimeout   state_secu.o
    0x08005278   0x000001ac   Code   RO          640    i.State_enter       state_secu.o
    0x08005424   0x00000050   Code   RO          641    i.State_init        state_secu.o
    0x08005474   0x00000194   Code   RO          642    i.State_process     state_secu.o
    0x08005608   0x000001e0   Code   RO          643    i.State_scanDevice  state_secu.o
    0x080057e8   0x00000018   Code   RO         4968    i.TIM_Cmd           stm32f10x_tim.o
    0x08005800   0x0000001e   Code   RO         4970    i.TIM_CtrlPWMOutputs  stm32f10x_tim.o
    0x0800581e   0x00000002   PAD
    0x08005820   0x000000e0   Code   RO         4973    i.TIM_DeInit        stm32f10x_tim.o
    0x08005900   0x00000078   Code   RO         4997    i.TIM_OC1Init       stm32f10x_tim.o
    0x08005978   0x0000003c   Code   RO         5039    i.TIM_TimeBaseInit  stm32f10x_tim.o
    0x080059b4   0x00000044   Code   RO          803    i.Task_Communication  task_secu.o
    0x080059f8   0x00000128   Code   RO          804    i.Task_Main         task_secu.o
    0x08005b20   0x00000034   Code   RO          805    i.Task_Timer        task_secu.o
    0x08005b54   0x00000150   Code   RO          644    i.ThreadStep_do1msecTimerProc  state_secu.o
    0x08005ca4   0x0000001e   Code   RO          645    i.ThreadStep_doCanMsgIO  state_secu.o
    0x08005cc2   0x00000002   PAD
    0x08005cc4   0x00000138   Code   RO          646    i.ThreadStep_doMsgProc  state_secu.o
    0x08005dfc   0x0000001c   Code   RO          647    i.ThreadStep_doNicProc  state_secu.o
    0x08005e18   0x00000062   Code   RO          648    i.ThreadStep_doRecvTTY  state_secu.o
    0x08005e7a   0x00000014   Code   RO         5501    i.USART_ClearITPendingBit  stm32f10x_usart.o
    0x08005e8e   0x00000022   Code   RO         5502    i.USART_ClockInit   stm32f10x_usart.o
    0x08005eb0   0x00000018   Code   RO         5504    i.USART_Cmd         stm32f10x_usart.o
    0x08005ec8   0x00000012   Code   RO         5507    i.USART_GetFlagStatus  stm32f10x_usart.o
    0x08005eda   0x00000040   Code   RO         5510    i.USART_ITConfig    stm32f10x_usart.o
    0x08005f1a   0x00000002   PAD
    0x08005f1c   0x0000009c   Code   RO         5511    i.USART_Init        stm32f10x_usart.o
    0x08005fb8   0x0000000a   Code   RO         5516    i.USART_ReceiveData  stm32f10x_usart.o
    0x08005fc2   0x00000008   Code   RO         5519    i.USART_SendData    stm32f10x_usart.o
    0x08005fca   0x0000005a   Code   RO          906    i.USART_open        bsp_dq.o
    0x08006024   0x00000004   Code   RO         1238    i.UsageFault_Handler  int_secu.o
    0x08006028   0x00000028   Code   RO         5951    i.__0snprintf$8     mc_w.l(printf8.o)(mc_w.l)
    0x08006050   0x00000028   Code   RO         5952    i.__0sprintf$8      mc_w.l(printf8.o)(mc_w.l)
    0x08006078   0x0000000e   Code   RO         6037    i.__scatterload_copy  mc_w.l(handlers.o)(mc_w.l)
    0x08006086   0x00000002   Code   RO         6038    i.__scatterload_null  mc_w.l(handlers.o)(mc_w.l)
    0x08006088   0x0000000e   Code   RO         6039    i.__scatterload_zeroinit  mc_w.l(handlers.o)(mc_w.l)
    0x08006096   0x00000002   PAD
    0x08006098   0x00000428   Code   RO         5957    i._printf_core      mc_w.l(printf8.o)(mc_w.l)
    0x080064c0   0x00000026   Code   RO         5958    i._printf_post_padding  mc_w.l(printf8.o)(mc_w.l)
    0x080064e6   0x0000002e   Code   RO         5959    i._printf_pre_padding  mc_w.l(printf8.o)(mc_w.l)
    0x08006514   0x00000016   Code   RO         5960    i._snputc           mc_w.l(printf8.o)(mc_w.l)
    0x0800652a   0x0000000a   Code   RO         5961    i._sputc            mc_w.l(printf8.o)(mc_w.l)
    0x08006534   0x0000006c   Code   RO         1938    i.arp_answer_from_request  ip_arp_udp_tcp.o
    0x080065a0   0x00000080   Code   RO         1108    i.canSend           htcan_secu.o
    0x08006620   0x00000054   Code   RO         1939    i.checksum          ip_arp_udp_tcp.o
    0x08006674   0x00000018   Code   RO          241    i.delayXmsec        common.o
    0x0800668c   0x0000001a   Code   RO          243    i.delayXusec        common.o
    0x080066a6   0x0000001c   Code   RO         1110    i.doCanSend         htcan_secu.o
    0x080066c2   0x00000008   Code   RO         1111    i.doResetNode       htcan_secu.o
    0x080066ca   0x00000046   Code   RO         1940    i.echo_reply_from_request  ip_arp_udp_tcp.o
    0x08006710   0x00000076   Code   RO          907    i.enablePWM         bsp_dq.o
    0x08006786   0x00000002   PAD
    0x08006788   0x00000048   Code   RO         1941    i.eth_type_is_arp_and_my_ip  ip_arp_udp_tcp.o
    0x080067d0   0x00000026   Code   RO         1942    i.eth_type_is_ip    ip_arp_udp_tcp.o
    0x080067f6   0x0000002c   Code   RO         1943    i.fill_ip_hdr_checksum  ip_arp_udp_tcp.o
    0x08006822   0x00000022   Code   RO         1944    i.fill_tcp_data_p   ip_arp_udp_tcp.o
    0x08006844   0x0000001c   Code   RO         1945    i.fill_tcp_data_str  ip_arp_udp_tcp.o
    0x08006860   0x0000003c   Code   RO         1946    i.fill_udp_data_p   ip_arp_udp_tcp.o
    0x0800689c   0x0000004c   Code   RO          908    i.fputc             bsp_dq.o
    0x080068e8   0x000000c4   Code   RO          454    i.getOD             htcan.o
    0x080069ac   0x0000001c   Code   RO         1947    i.get_tcp_data_pointer  ip_arp_udp_tcp.o
    0x080069c8   0x00000078   Code   RO         1239    i.hard_fault_handler_c  int_secu.o
    0x08006a40   0x0000003e   Code   RO          244    i.hex2int           common.o
    0x08006a7e   0x00000002   PAD
    0x08006a80   0x00000014   Code   RO          245    i.hexchar           common.o
    0x08006a94   0x00000036   Code   RO          246    i.hexchval          common.o
    0x08006aca   0x00000002   PAD
    0x08006acc   0x0000003c   Code   RO         1948    i.init_ip_arp_udp_tcp  ip_arp_udp_tcp.o
    0x08006b08   0x0000004c   Code   RO         1949    i.init_len_info     ip_arp_udp_tcp.o
    0x08006b54   0x00000028   Code   RO         1601    i.isUriCh           gw_secu.o
    0x08006b7c   0x00000018   Code   RO         1950    i.is_to_myip        ip_arp_udp_tcp.o
    0x08006b94   0x00000098   Code   RO          806    i.main              task_secu.o
    0x08006c2c   0x0000002c   Code   RO         1951    i.make_eth          ip_arp_udp_tcp.o
    0x08006c58   0x0000003c   Code   RO         1952    i.make_ip           ip_arp_udp_tcp.o
    0x08006c94   0x000000c0   Code   RO         1953    i.make_tcphead      ip_arp_udp_tcp.o
    0x08006d54   0x00000028   Code   RO         1954    i.match_dest_ip     ip_arp_udp_tcp.o
    0x08006d7c   0x00000028   Code   RO         1955    i.match_src_ip      ip_arp_udp_tcp.o
    0x08006da4   0x00000108   Code   RO         1956    i.mcast             ip_arp_udp_tcp.o
    0x08006eac   0x00000158   Code   RO          457    i.pdoToRichURI      htcan.o
    0x08007004   0x00000054   Code   RO          458    i.procSync          htcan.o
    0x08007058   0x00000002   Code   RO          459    i.processEmcy       htcan.o
    0x0800705a   0x00000002   PAD
    0x0800705c   0x0000007c   Code   RO          460    i.processHeartbeat  htcan.o
    0x080070d8   0x00000054   Code   RO          461    i.processNMT        htcan.o
    0x0800712c   0x00000002   Code   RO          462    i.processPdoRequest  htcan.o
    0x0800712e   0x00000002   PAD
    0x08007130   0x0000027c   Code   RO          463    i.processSdo        htcan.o
    0x080073ac   0x00000140   Code   RO          464    i.richURItoPDO      htcan.o
    0x080074ec   0x000001b4   Code   RO          465    i.sdoToRichURI      htcan.o
    0x080076a0   0x000000c8   Code   RO          466    i.sendHeartbeat     htcan.o
    0x08007768   0x000000c2   Code   RO          467    i.setOD             htcan.o
    0x0800782a   0x00000022   Code   RO          250    i.strchar           common.o
    0x0800784c   0x00000070   Code   RO         1957    i.tcp_ack_from_any  ip_arp_udp_tcp.o
    0x080078bc   0x0000005a   Code   RO         1958    i.tcp_ack_with_data  ip_arp_udp_tcp.o
    0x08007916   0x00000054   Code   RO         1959    i.tcp_synack_from_syn  ip_arp_udp_tcp.o
    0x0800796a   0x00000002   PAD
    0x0800796c   0x00000044   Code   RO          469    i.triggerPdo        htcan.o
    0x080079b0   0x00000016   Code   RO          251    i.trimleft          common.o
    0x080079c6   0x000000ae   Code   RO          252    i.usprintf          common.o
    0x08007a74   0x00000011   Data   RO          254    .constdata          common.o
    0x08007a85   0x00000003   PAD
    0x08007a88   0x00000660   Data   RO          412    .constdata          htod.o
    0x080080e8   0x0000007a   Data   RO          651    .constdata          state_secu.o
    0x08008162   0x00000002   PAD
    0x08008164   0x00000024   Data   RO          909    .constdata          bsp_dq.o
    0x08008188   0x00000132   Data   RO         1018    .constdata          bsp_secu.o
    0x080082ba   0x00000003   Data   RO         1113    .constdata          htcan_secu.o
    0x080082bd   0x00000003   PAD
    0x080082c0   0x0000009f   Data   RO         1603    .constdata          gw_secu.o
    0x0800835f   0x00000100   Data   RO         2186    .constdata          os_core.o
    0x0800845f   0x0000028d   Data   RO          413    .conststring        htod.o
    0x080086ec   0x0000000d   Data   RO          471    .conststring        htcan.o
    0x080086f9   0x00000003   PAD
    0x080086fc   0x00000020   Data   RO         6035    Region$$Table       anon$$obj.o


    Execution Region RW_IRAM1 (Base: 0x20000000, Size: 0x00002240, Max: 0x00010000, ABSOLUTE, COMPRESSED[0x0000007c])

    Base Addr    Size         Type   Attr      Idx    E Section Name        Object

    0x20000000   0x00000004   Data   RW          414    .data               htod.o
    0x20000004   0x0000001f   Data   RW          472    .data               htcan.o
    0x20000023   0x00000001   PAD
    0x20000024   0x0000003c   Data   RW          652    .data               state_secu.o
    0x20000060   0x00000004   Data   RW          910    .data               bsp_dq.o
    0x20000064   0x00000029   Data   RW         1019    .data               bsp_secu.o
    0x2000008d   0x00000003   PAD
    0x20000090   0x000000cc   Data   RW         1114    .data               htcan_secu.o
    0x2000015c   0x00000003   Data   RW         1241    .data               int_secu.o
    0x2000015f   0x00000001   PAD
    0x20000160   0x00000004   Data   RW         1604    .data               gw_secu.o
    0x20000164   0x00000014   Data   RW         1962    .data               ip_arp_udp_tcp.o
    0x20000178   0x00000040   Data   RW         2187    .data               os_core.o
    0x200001b8   0x00000014   Data   RW         4364    .data               stm32f10x_rcc.o
    0x200001cc   0x000001c3   Zero   RW          253    .bss                common.o
    0x2000038f   0x00000001   PAD
    0x20000390   0x000000f8   Zero   RW          470    .bss                htcan.o
    0x20000488   0x00000010   Zero   RW          650    .bss                state_secu.o
    0x20000498   0x000006c0   Zero   RW          807    .bss                task_secu.o
    0x20000b58   0x00000080   Zero   RW         1017    .bss                bsp_secu.o
    0x20000bd8   0x0000005e   Zero   RW         1112    .bss                htcan_secu.o
    0x20000c36   0x00000002   PAD
    0x20000c38   0x00000104   Zero   RW         1240    .bss                int_secu.o
    0x20000d3c   0x00000661   Zero   RW         1602    .bss                gw_secu.o
    0x2000139d   0x00000003   PAD
    0x200013a0   0x00000a9c   Zero   RW         2185    .bss                os_core.o
    0x20001e3c   0x00000004   PAD
    0x20001e40   0x00000400   Zero   RW         2929    STACK               startup_ucosii_hd.o


==============================================================================

Image component sizes


      Code (inc. data)   RO Data    RW Data    ZI Data      Debug   Object Name

       282          0          0          0          0          0   1wire.o
      1404         82         36          4          0          0   bsp_dq.o
      1410         82        306         41        128          0   bsp_secu.o
       968         16         17          0        451          0   common.o
        42          0          0          0          0          0   cpu_a.o
       188          0          0          0          0          0   ds18b20.o
      1510          0          0          0          0          0   enc28j60.o
      2714        346        159          4       1633          0   gw_secu.o
      5446        342         13         31        248          0   htcan.o
       286          6          3        204         94          0   htcan_secu.o
         0          0       2285          4          0          0   htod.o
         8          4          0          0          0          0   init.o
       958         50          0          3        260          0   int_secu.o
      1652         88          0         20          0          0   ip_arp_udp_tcp.o
       172         32          0          0          0          0   misc.o
      1842        346        256         64       2716          0   os_core.o
       164         32          0          0          0          0   os_cpu_a.o
       292          6          0          0          0          0   os_cpu_c.o
        76          8          0          0          0          0   os_flag.o
       822         60          0          0          0          0   os_task.o
       280         28          0          0          0          0   os_time.o
        48         12        304          0       1024          0   startup_ucosii_hd.o
      3072        644        122         60         16          0   state_secu.o
       434         20          0          0          0          0   stm32f10x_adc.o
        48         10          0          0          0          0   stm32f10x_bkp.o
      1070         34          0          0          0          0   stm32f10x_can.o
       508         40          0          0          0          0   stm32f10x_dma.o
        52         12          0          0          0          0   stm32f10x_flash.o
       422          6          0          0          0          0   stm32f10x_gpio.o
        12          6          0          0          0          0   stm32f10x_pwr.o
       918        148          0         20          0          0   stm32f10x_rcc.o
       336         86          0          0          0          0   stm32f10x_rtc.o
       112          0          0          0          0          0   stm32f10x_spi.o
       458         30          0          0          0          0   stm32f10x_tim.o
       334          6          0          0          0          0   stm32f10x_usart.o
       806        292          0          0       1728          0   task_secu.o

    ----------------------------------------------------------------------
     29200       2874       3544        460       8308          0   Object Totals
         0          0         32          0          0          0   (incl. Generated)
        54          0         11          5         10          3   (incl. Padding)

    ----------------------------------------------------------------------

      Code (inc. data)   RO Data    RW Data    ZI Data      Debug   Library Member Name

        92          0          0          0          0          0   __dczerorl2.o
         0          0          0          0          0          0   entry.o
         8          4          0          0          0          0   entry2.o
         4          0          0          0          0          0   entry5.o
         8          4          0          0          0          0   entry7.o
        30          0          0          0          0          0   handlers.o
        36          8          0          0          0          0   init.o
        30          0          0          0          0          0   llshl.o
        32          0          0          0          0          0   llushr.o
        26          0          0          0          0          0   memcmp.o
        36          0          0          0          0          0   memcpya.o
        38          0          0          0          0          0   memseta.o
      1260         54          0          0          0          0   printf8.o
        18          0          0          0          0          0   strchr.o
        28          0          0          0          0          0   strcmp.o
        16          0          0          0          0          0   strlen.o
        30          0          0          0          0          0   strncmp.o
        44          0          0          0          0          0   strstr.o
       102          0          0          0          0          0   uldiv.o

    ----------------------------------------------------------------------
      1844         70          0          0          0          0   Library Totals
         6          0          0          0          0          0   (incl. Padding)

    ----------------------------------------------------------------------

      Code (inc. data)   RO Data    RW Data    ZI Data      Debug   Library Name

      1838         70          0          0          0       1496   mc_w.l

    ----------------------------------------------------------------------
      1844         70          0          0          0          0   Library Totals

    ----------------------------------------------------------------------

==============================================================================


      Code (inc. data)   RO Data    RW Data    ZI Data      Debug   

     31044       2944       3544        460       8308     547672   Grand Totals
     31044       2944       3544        124       8308     547672   ELF Image Totals (compressed)
     31044       2944       3544        124          0          0   ROM Totals

==============================================================================

    Total RO  Size (Code + RO Data)                34588 (  33.78kB)
    Total RW  Size (RW Data + ZI Data)              8768 (   8.56kB)
    Total ROM Size (Code + RO Data + RW Data)      34712 (  33.90kB)

==============================================================================

